Archive member included because of file (symbol)

c:/program files (x86)/atmel/studio/7.0/toolchain/arm/arm-gnu-toolchain/bin/../lib/gcc/arm-none-eabi/4.9.3/armv7-m\libgcc.a(_arm_addsubdf3.o)
                              src/UARTFunctions.o (__aeabi_dsub)
c:/program files (x86)/atmel/studio/7.0/toolchain/arm/arm-gnu-toolchain/bin/../lib/gcc/arm-none-eabi/4.9.3/armv7-m\libgcc.a(_arm_muldivdf3.o)
                              src/PIDRegulation.o (__aeabi_dmul)
c:/program files (x86)/atmel/studio/7.0/toolchain/arm/arm-gnu-toolchain/bin/../lib/gcc/arm-none-eabi/4.9.3/armv7-m\libgcc.a(_arm_fixdfsi.o)
                              src/UARTFunctions.o (__aeabi_d2iz)
c:/program files (x86)/atmel/studio/7.0/toolchain/arm/arm-gnu-toolchain/bin/../lib/gcc/arm-none-eabi/4.9.3/armv7-m\libgcc.a(_arm_fixunsdfsi.o)
                              src/PIDRegulation.o (__aeabi_d2uiz)
c:/program files (x86)/atmel/studio/7.0/toolchain/arm/arm-gnu-toolchain/bin/../lib/gcc/arm-none-eabi/4.9.3/../../../../arm-none-eabi/lib/armv7-m\libc.a(lib_a-exit.o)
                              c:/program files (x86)/atmel/studio/7.0/toolchain/arm/arm-gnu-toolchain/bin/../lib/gcc/arm-none-eabi/4.9.3/../../../../arm-none-eabi/lib/armv7-m/crt0.o (exit)
c:/program files (x86)/atmel/studio/7.0/toolchain/arm/arm-gnu-toolchain/bin/../lib/gcc/arm-none-eabi/4.9.3/../../../../arm-none-eabi/lib/armv7-m\libc.a(lib_a-impure.o)
                              c:/program files (x86)/atmel/studio/7.0/toolchain/arm/arm-gnu-toolchain/bin/../lib/gcc/arm-none-eabi/4.9.3/../../../../arm-none-eabi/lib/armv7-m\libc.a(lib_a-exit.o) (_global_impure_ptr)
c:/program files (x86)/atmel/studio/7.0/toolchain/arm/arm-gnu-toolchain/bin/../lib/gcc/arm-none-eabi/4.9.3/../../../../arm-none-eabi/lib/armv7-m\libc.a(lib_a-init.o)
                              c:/program files (x86)/atmel/studio/7.0/toolchain/arm/arm-gnu-toolchain/bin/../lib/gcc/arm-none-eabi/4.9.3/../../../../arm-none-eabi/lib/armv7-m/crt0.o (__libc_init_array)
c:/program files (x86)/atmel/studio/7.0/toolchain/arm/arm-gnu-toolchain/bin/../lib/gcc/arm-none-eabi/4.9.3/../../../../arm-none-eabi/lib/armv7-m\libc.a(lib_a-iprintf.o)
                              src/ASF/sam/drivers/adc/adc.o (iprintf)
c:/program files (x86)/atmel/studio/7.0/toolchain/arm/arm-gnu-toolchain/bin/../lib/gcc/arm-none-eabi/4.9.3/../../../../arm-none-eabi/lib/armv7-m\libc.a(lib_a-memcpy.o)
                              src/ASF/thirdparty/freertos/freertos-7.3.0/source/queue.o (memcpy)
c:/program files (x86)/atmel/studio/7.0/toolchain/arm/arm-gnu-toolchain/bin/../lib/gcc/arm-none-eabi/4.9.3/../../../../arm-none-eabi/lib/armv7-m\libc.a(lib_a-memset.o)
                              c:/program files (x86)/atmel/studio/7.0/toolchain/arm/arm-gnu-toolchain/bin/../lib/gcc/arm-none-eabi/4.9.3/../../../../arm-none-eabi/lib/armv7-m/crt0.o (memset)
c:/program files (x86)/atmel/studio/7.0/toolchain/arm/arm-gnu-toolchain/bin/../lib/gcc/arm-none-eabi/4.9.3/../../../../arm-none-eabi/lib/armv7-m\libc.a(lib_a-puts.o)
                              src/ASF/sam/drivers/adc/adc.o (puts)
c:/program files (x86)/atmel/studio/7.0/toolchain/arm/arm-gnu-toolchain/bin/../lib/gcc/arm-none-eabi/4.9.3/../../../../arm-none-eabi/lib/armv7-m\libc.a(lib_a-setbuf.o)
                              src/UARTFunctions.o (setbuf)
c:/program files (x86)/atmel/studio/7.0/toolchain/arm/arm-gnu-toolchain/bin/../lib/gcc/arm-none-eabi/4.9.3/../../../../arm-none-eabi/lib/armv7-m\libc.a(lib_a-setvbuf.o)
                              c:/program files (x86)/atmel/studio/7.0/toolchain/arm/arm-gnu-toolchain/bin/../lib/gcc/arm-none-eabi/4.9.3/../../../../arm-none-eabi/lib/armv7-m\libc.a(lib_a-setbuf.o) (setvbuf)
c:/program files (x86)/atmel/studio/7.0/toolchain/arm/arm-gnu-toolchain/bin/../lib/gcc/arm-none-eabi/4.9.3/../../../../arm-none-eabi/lib/armv7-m\libc.a(lib_a-sprintf.o)
                              src/ASF/thirdparty/freertos/freertos-7.3.0/source/tasks.o (sprintf)
c:/program files (x86)/atmel/studio/7.0/toolchain/arm/arm-gnu-toolchain/bin/../lib/gcc/arm-none-eabi/4.9.3/../../../../arm-none-eabi/lib/armv7-m\libc.a(lib_a-strcat.o)
                              src/ASF/thirdparty/freertos/freertos-7.3.0/source/tasks.o (strcat)
c:/program files (x86)/atmel/studio/7.0/toolchain/arm/arm-gnu-toolchain/bin/../lib/gcc/arm-none-eabi/4.9.3/../../../../arm-none-eabi/lib/armv7-m\libc.a(lib_a-strcpy.o)
                              c:/program files (x86)/atmel/studio/7.0/toolchain/arm/arm-gnu-toolchain/bin/../lib/gcc/arm-none-eabi/4.9.3/../../../../arm-none-eabi/lib/armv7-m\libc.a(lib_a-strcat.o) (strcpy)
c:/program files (x86)/atmel/studio/7.0/toolchain/arm/arm-gnu-toolchain/bin/../lib/gcc/arm-none-eabi/4.9.3/../../../../arm-none-eabi/lib/armv7-m\libc.a(lib_a-strlen.o)
                              src/ASF/thirdparty/freertos/freertos-7.3.0/source/FreeRTOS_CLI.o (strlen)
[...]
Memory Configuration

Name             Origin             Length             Attributes
rom              0x00080000         0x00080000         xr
sram0            0x20000000         0x00010000         xrw
sram1            0x20080000         0x00008000         xrw
ram              0x20070000         0x00018000         xrw
*default*        0x00000000         0xffffffff

Linker script and memory map

LOAD c:/program files (x86)/atmel/studio/7.0/toolchain/arm/arm-gnu-toolchain/bin/../lib/gcc/arm-none-eabi/4.9.3/armv7-m/crti.o
LOAD c:/program files (x86)/atmel/studio/7.0/toolchain/arm/arm-gnu-toolchain/bin/../lib/gcc/arm-none-eabi/4.9.3/armv7-m/crtbegin.o
LOAD c:/program files (x86)/atmel/studio/7.0/toolchain/arm/arm-gnu-toolchain/bin/../lib/gcc/arm-none-eabi/4.9.3/../../../../arm-none-eabi/lib/armv7-m/crt0.o
LOAD src/ADCCustom.o
LOAD src/ASF/common/utils/stdio/read.o
LOAD src/ASF/sam/drivers/adc/adc.o
LOAD src/ASF/sam/drivers/usart/usart.o
LOAD src/ASF/thirdparty/freertos/freertos-7.3.0/source/FreeRTOS_CLI.o
LOAD src/global_variables.o
LOAD src/PIDRegulation.o
LOAD src/PIDTask.o
LOAD src/PWMCustom.o
LOAD src/testFunctions.o
LOAD src/UARTFunctions.o
LOAD src/UARTTask.o
LOAD src/ASF/thirdparty/freertos/freertos-7.3.0/source/list.o
LOAD src/ASF/thirdparty/freertos/freertos-7.3.0/source/portable/gcc/sam/port.o
LOAD src/ASF/thirdparty/freertos/freertos-7.3.0/source/portable/memmang/heap_4.o
LOAD src/ASF/thirdparty/freertos/freertos-7.3.0/source/queue.o
LOAD src/ASF/thirdparty/freertos/freertos-7.3.0/source/tasks.o
LOAD src/ASF/thirdparty/freertos/freertos-7.3.0/source/timers.o
LOAD src/ASF/sam/drivers/adc/adc_sam3u.o
LOAD src/ASF/common/utils/stdio/write.o
LOAD src/ASF/common/services/serial/usart_serial.o
LOAD src/ASF/common/services/delay/sam/cycle_counter.o
LOAD src/ASF/sam/drivers/pwm/pwm.o
LOAD src/ASF/sam/drivers/tc/tc.o
LOAD src/ASF/sam/drivers/uart/uart.o
LOAD src/ASF/common/services/clock/sam3x/sysclk.o
LOAD src/ASF/common/utils/interrupt/interrupt_sam_nvic.o
LOAD src/ASF/sam/boards/arduino_due_x/init.o
LOAD src/ASF/sam/drivers/pio/pio.o
LOAD src/ASF/sam/drivers/pio/pio_handler.o
LOAD src/ASF/sam/drivers/pmc/pmc.o
LOAD src/ASF/sam/drivers/pmc/sleep.o
LOAD src/ASF/sam/utils/cmsis/sam3x/source/templates/exceptions.o
LOAD src/ASF/sam/utils/cmsis/sam3x/source/templates/gcc/startup_sam3x.o
LOAD src/ASF/sam/utils/cmsis/sam3x/source/templates/system_sam3x.o
LOAD src/ASF/sam/utils/syscalls/gcc/syscalls.o
LOAD src/main.o
START GROUP
LOAD ../src/ASF/thirdparty/CMSIS/Lib/GCC\libarm_cortexM3l_math.a
LOAD c:/program files (x86)/atmel/studio/7.0/toolchain/arm/arm-gnu-toolchain/bin/../lib/gcc/arm-none-eabi/4.9.3/../../../../arm-none-eabi/lib/armv7-m\libm.a
END GROUP
START GROUP
LOAD c:/program files (x86)/atmel/studio/7.0/toolchain/arm/arm-gnu-toolchain/bin/../lib/gcc/arm-none-eabi/4.9.3/armv7-m\libgcc.a
LOAD c:/program files (x86)/atmel/studio/7.0/toolchain/arm/arm-gnu-toolchain/bin/../lib/gcc/arm-none-eabi/4.9.3/../../../../arm-none-eabi/lib/armv7-m\libc.a
END GROUP
LOAD c:/program files (x86)/atmel/studio/7.0/toolchain/arm/arm-gnu-toolchain/bin/../lib/gcc/arm-none-eabi/4.9.3/armv7-m/crtend.o
LOAD c:/program files (x86)/atmel/studio/7.0/toolchain/arm/arm-gnu-toolchain/bin/../lib/gcc/arm-none-eabi/4.9.3/armv7-m/crtn.o
                0x00002000                __stack_size__ = DEFINED (__stack_size__)?__stack_size__:0x2000
                0x20087ffc                __ram_end__ = ((ORIGIN (ram) + 0x18000) - 0x4)

.text           0x00080000     0x41a0
                0x00080000                . = ALIGN (0x4)
                0x00080000                _sfixed = .
 *(.vectors .vectors.*)
 .vectors       0x00080000       0xf4 src/ASF/sam/utils/cmsis/sam3x/source/templates/gcc/startup_sam3x.o
                0x00080000                exception_table
 *(.text .text.* .gnu.linkonce.t.*)
 .text          0x000800f4       0x5c c:/program files (x86)/atmel/studio/7.0/toolchain/arm/arm-gnu-toolchain/bin/../lib/gcc/arm-none-eabi/4.9.3/armv7-m/crtbegin.o
 .text.ADCSetup
                0x00080150       0x64 src/ADCCustom.o
                0x00080150                ADCSetup
 .text._read    0x000801b4       0x40 src/ASF/common/utils/stdio/read.o
                0x000801b4                _read
 .text.adc_init
                0x000801f4       0x34 src/ASF/sam/drivers/adc/adc.o
                0x000801f4                adc_init
 .text.adc_set_resolution
                0x00080228       0x10 src/ASF/sam/drivers/adc/adc.o
                0x00080228                adc_set_resolution
 .text.adc_configure_trigger
                0x00080238       0x10 src/ASF/sam/drivers/adc/adc.o
                0x00080238                adc_configure_trigger
 .text.adc_configure_timing
                0x00080248       0x20 src/ASF/sam/drivers/adc/adc.o
                0x00080248                adc_configure_timing
 .text.adc_enable_channel
                0x00080268        0xc src/ASF/sam/drivers/adc/adc.o
                0x00080268                adc_enable_channel
 .text.usart_write
                0x00080274       0x14 src/ASF/sam/drivers/usart/usart.o
                0x00080274                usart_write
 .text.usart_read
                0x00080288       0x18 src/ASF/sam/drivers/usart/usart.o
                0x00080288                usart_read
 .text.PWMSetup
                0x000802a0       0x70 src/PWMCustom.o
                0x000802a0                PWMSetup
 .text.usart_serial_getchar
                0x00080310       0xa8 src/UARTFunctions.o
 .text.usart_serial_putchar
                0x000803b8       0xa8 src/UARTFunctions.o
 .text.configure_console
                0x00080460       0x98 src/UARTFunctions.o
                0x00080460                configure_console
 .text.vListInsertEnd
                0x000804f8       0x1c src/ASF/thirdparty/freertos/freertos-7.3.0/source/list.o
                0x000804f8                vListInsertEnd
 .text.uxListRemove
                0x00080514       0x28 src/ASF/thirdparty/freertos/freertos-7.3.0/source/list.o
                0x00080514                uxListRemove
 .text.SVC_Handler
                0x0008053c       0x20 src/ASF/thirdparty/freertos/freertos-7.3.0/source/portable/gcc/sam/port.o
                0x0008053c                SVC_Handler
 .text.ulPortSetInterruptMask
                0x0008055c       0x10 src/ASF/thirdparty/freertos/freertos-7.3.0/source/portable/gcc/sam/port.o
                0x0008055c                ulPortSetInterruptMask
 .text.vPortClearInterruptMask
                0x0008056c        0x8 src/ASF/thirdparty/freertos/freertos-7.3.0/source/portable/gcc/sam/port.o
                0x0008056c                vPortClearInterruptMask
 .text.PendSV_Handler
                0x00080574       0x3c src/ASF/thirdparty/freertos/freertos-7.3.0/source/portable/gcc/sam/port.o
                0x00080574                PendSV_Handler
 .text.SysTick_Handler
                0x000805b0       0x2c src/ASF/thirdparty/freertos/freertos-7.3.0/source/portable/gcc/sam/port.o
                0x000805b0                SysTick_Handler
 .text.vTaskIncrementTick
                0x000805dc      0x12c src/ASF/thirdparty/freertos/freertos-7.3.0/source/tasks.o
                0x000805dc                vTaskIncrementTick
 .text.vTaskSwitchContext
                0x00080708       0x90 src/ASF/thirdparty/freertos/freertos-7.3.0/source/tasks.o
                0x00080708                vTaskSwitchContext
 .text._write   0x00080798       0x54 src/ASF/common/utils/stdio/write.o
                0x00080798                _write
 .text.pwm_clocks_generate
                0x000807ec       0x58 src/ASF/sam/drivers/pwm/pwm.o
 .text.pwm_init
                0x00080844       0x40 src/ASF/sam/drivers/pwm/pwm.o
                0x00080844                pwm_init
 .text.pwm_channel_init
                0x00080884      0x104 src/ASF/sam/drivers/pwm/pwm.o
                0x00080884                pwm_channel_init
 .text.pwm_channel_enable
                0x00080988        0xc src/ASF/sam/drivers/pwm/pwm.o
                0x00080988                pwm_channel_enable
 .text.pwm_channel_disable
                0x00080994        0xc src/ASF/sam/drivers/pwm/pwm.o
                0x00080994                pwm_channel_disable
 .text.uart_init
                0x000809a0       0x38 src/ASF/sam/drivers/uart/uart.o
                0x000809a0                uart_init
 .text.uart_write
                0x000809d8       0x10 src/ASF/sam/drivers/uart/uart.o
                0x000809d8                uart_write
 .text.uart_read
                0x000809e8       0x14 src/ASF/sam/drivers/uart/uart.o
                0x000809e8                uart_read
 .text.sysclk_init
                0x000809fc       0x64 src/ASF/common/services/clock/sam3x/sysclk.o
                0x000809fc                sysclk_init
 .text.board_init
                0x00080a60       0xa0 src/ASF/sam/boards/arduino_due_x/init.o
                0x00080a60                board_init
 .text.pio_set_peripheral
                0x00080b00       0x40 src/ASF/sam/drivers/pio/pio.o
                0x00080b00                pio_set_peripheral
 .text.pio_set_input
                0x00080b40       0x34 src/ASF/sam/drivers/pio/pio.o
                0x00080b40                pio_set_input
 .text.pio_set_output
                0x00080b74       0x28 src/ASF/sam/drivers/pio/pio.o
                0x00080b74                pio_set_output
 .text.pio_get_interrupt_status
                0x00080b9c        0x4 src/ASF/sam/drivers/pio/pio.o
                0x00080b9c                pio_get_interrupt_status
 .text.pio_get_interrupt_mask
                0x00080ba0        0x4 src/ASF/sam/drivers/pio/pio.o
                0x00080ba0                pio_get_interrupt_mask
 .text.pio_configure_pin
                0x00080ba4       0xd4 src/ASF/sam/drivers/pio/pio.o
                0x00080ba4                pio_configure_pin
 .text.pio_configure_pin_group
                0x00080c78       0xa0 src/ASF/sam/drivers/pio/pio.o
                0x00080c78                pio_configure_pin_group
 .text.pio_handler_process
                0x00080d18       0x58 src/ASF/sam/drivers/pio/pio_handler.o
                0x00080d18                pio_handler_process
 .text.PIOA_Handler
                0x00080d70       0x14 src/ASF/sam/drivers/pio/pio_handler.o
                0x00080d70                PIOA_Handler
 .text.PIOB_Handler
                0x00080d84       0x14 src/ASF/sam/drivers/pio/pio_handler.o
                0x00080d84                PIOB_Handler
 .text.PIOC_Handler
                0x00080d98       0x14 src/ASF/sam/drivers/pio/pio_handler.o
                0x00080d98                PIOC_Handler
 .text.PIOD_Handler
                0x00080dac       0x14 src/ASF/sam/drivers/pio/pio_handler.o
                0x00080dac                PIOD_Handler
 .text.pmc_switch_mck_to_pllack
                0x00080dc0       0x64 src/ASF/sam/drivers/pmc/pmc.o
                0x00080dc0                pmc_switch_mck_to_pllack
 .text.pmc_switch_mainck_to_xtal
                0x00080e24       0x54 src/ASF/sam/drivers/pmc/pmc.o
                0x00080e24                pmc_switch_mainck_to_xtal
 .text.pmc_osc_is_ready_mainck
                0x00080e78       0x10 src/ASF/sam/drivers/pmc/pmc.o
                0x00080e78                pmc_osc_is_ready_mainck
 .text.pmc_disable_pllack
                0x00080e88       0x10 src/ASF/sam/drivers/pmc/pmc.o
                0x00080e88                pmc_disable_pllack
 .text.pmc_is_locked_pllack
                0x00080e98       0x10 src/ASF/sam/drivers/pmc/pmc.o
                0x00080e98                pmc_is_locked_pllack
 .text.pmc_enable_periph_clk
                0x00080ea8       0x58 src/ASF/sam/drivers/pmc/pmc.o
                0x00080ea8                pmc_enable_periph_clk
 .text.Dummy_Handler
                0x00080f00        0x4 src/ASF/sam/utils/cmsis/sam3x/source/templates/exceptions.o
                0x00080f00                DACC_Handler
                0x00080f00                DebugMon_Handler
                0x00080f00                DMAC_Handler
                0x00080f00                TRNG_Handler
                0x00080f00                HardFault_Handler
                0x00080f00                TC2_Handler
                0x00080f00                USART3_Handler
                0x00080f00                TWI1_Handler
                0x00080f00                NMI_Handler
                0x00080f00                TC7_Handler
                0x00080f00                ADC_Handler
                0x00080f00                SMC_Handler
                0x00080f00                USART0_Handler
                0x00080f00                RTT_Handler
                0x00080f00                EFC1_Handler
                0x00080f00                RTC_Handler
                0x00080f00                UsageFault_Handler
                0x00080f00                TC6_Handler
                0x00080f00                WDT_Handler
                0x00080f00                CAN0_Handler
                0x00080f00                TC4_Handler
                0x00080f00                TC1_Handler
                0x00080f00                HSMCI_Handler
                0x00080f00                TC3_Handler
                0x00080f00                Dummy_Handler
                0x00080f00                TWI0_Handler
                0x00080f00                USART1_Handler
                0x00080f00                SSC_Handler
                0x00080f00                EFC0_Handler
                0x00080f00                PMC_Handler
                0x00080f00                PWM_Handler
                0x00080f00                CAN1_Handler
                0x00080f00                MemManage_Handler
                0x00080f00                SUPC_Handler
                0x00080f00                TC8_Handler
                0x00080f00                USART2_Handler
                0x00080f00                EMAC_Handler
                0x00080f00                UART_Handler
                0x00080f00                BusFault_Handler
                0x00080f00                RSTC_Handler
                0x00080f00                TC0_Handler
                0x00080f00                TC5_Handler
                0x00080f00                UOTGHS_Handler
                0x00080f00                SPI0_Handler
 .text.Reset_Handler
                0x00080f04       0xb0 src/ASF/sam/utils/cmsis/sam3x/source/templates/gcc/startup_sam3x.o
                0x00080f04                Reset_Handler
 .text.SystemCoreClockUpdate
                0x00080fb4      0x11c src/ASF/sam/utils/cmsis/sam3x/source/templates/system_sam3x.o
                0x00080fb4                SystemCoreClockUpdate
 .text._sbrk    0x000810d0       0x34 src/ASF/sam/utils/syscalls/gcc/syscalls.o
                0x000810d0                _sbrk
 .text._close   0x00081104        0x8 src/ASF/sam/utils/syscalls/gcc/syscalls.o
                0x00081104                _close
 .text._fstat   0x0008110c        0xc src/ASF/sam/utils/syscalls/gcc/syscalls.o
                0x0008110c                _fstat
 .text._isatty  0x00081118        0x4 src/ASF/sam/utils/syscalls/gcc/syscalls.o
                0x00081118                _isatty
 .text._lseek   0x0008111c        0x4 src/ASF/sam/utils/syscalls/gcc/syscalls.o
                0x0008111c                _lseek
 .text.main     0x00081120       0x68 src/main.o
                0x00081120                main
 .text.__libc_init_array
                0x00081188       0x50 c:/program files (x86)/atmel/studio/7.0/toolchain/arm/arm-gnu-toolchain/bin/../lib/gcc/arm-none-eabi/4.9.3/../../../../arm-none-eabi/lib/armv7-m\libc.a(lib_a-init.o)
                0x00081188                __libc_init_array
 .text.iprintf  0x000811d8       0x28 c:/program files (x86)/atmel/studio/7.0/toolchain/arm/arm-gnu-toolchain/bin/../lib/gcc/arm-none-eabi/4.9.3/../../../../arm-none-eabi/lib/armv7-m\libc.a(lib_a-iprintf.o)
                0x000811d8                iprintf
 .text          0x00081200       0xec c:/program files (x86)/atmel/studio/7.0/toolchain/arm/arm-gnu-toolchain/bin/../lib/gcc/arm-none-eabi/4.9.3/../../../../arm-none-eabi/lib/armv7-m\libc.a(lib_a-memcpy.o)
                0x00081200                memcpy
 .text.memset   0x000812ec       0x9c c:/program files (x86)/atmel/studio/7.0/toolchain/arm/arm-gnu-toolchain/bin/../lib/gcc/arm-none-eabi/4.9.3/../../../../arm-none-eabi/lib/armv7-m\libc.a(lib_a-memset.o)
                0x000812ec                memset
 .text.setbuf   0x00081388       0x10 c:/program files (x86)/atmel/studio/7.0/toolchain/arm/arm-gnu-toolchain/bin/../lib/gcc/arm-none-eabi/4.9.3/../../../../arm-none-eabi/lib/armv7-m\libc.a(lib_a-setbuf.o)
                0x00081388                setbuf
 .text.setvbuf  0x00081398       0xf8 c:/program files (x86)/atmel/studio/7.0/toolchain/arm/arm-gnu-toolchain/bin/../lib/gcc/arm-none-eabi/4.9.3/../../../../arm-none-eabi/lib/armv7-m\libc.a(lib_a-setvbuf.o)
                0x00081398                setvbuf
 .text.strlen   0x00081490       0x5c c:/program files (x86)/atmel/studio/7.0/toolchain/arm/arm-gnu-toolchain/bin/../lib/gcc/arm-none-eabi/4.9.3/../../../../arm-none-eabi/lib/armv7-m\libc.a(lib_a-strlen.o)
                0x00081490                strlen
 .text.__sprint_r.part.0
                0x000814ec       0x78 c:/program files (x86)/atmel/studio/7.0/toolchain/arm/arm-gnu-toolchain/bin/../lib/gcc/arm-none-eabi/4.9.3/../../../../arm-none-eabi/lib/armv7-m\libc.a(lib_a-vfiprintf.o)
 .text._vfiprintf_r
                0x00081564      0xc10 c:/program files (x86)/atmel/studio/7.0/toolchain/arm/arm-gnu-toolchain/bin/../lib/gcc/arm-none-eabi/4.9.3/../../../../arm-none-eabi/lib/armv7-m\libc.a(lib_a-vfiprintf.o)
                0x00081564                _vfiprintf_r
 .text.__sbprintf
                0x00082174       0x7c c:/program files (x86)/atmel/studio/7.0/toolchain/arm/arm-gnu-toolchain/bin/../lib/gcc/arm-none-eabi/4.9.3/../../../../arm-none-eabi/lib/armv7-m\libc.a(lib_a-vfiprintf.o)
 .text.__swsetup_r
                0x000821f0       0xc4 c:/program files (x86)/atmel/studio/7.0/toolchain/arm/arm-gnu-toolchain/bin/../lib/gcc/arm-none-eabi/4.9.3/../../../../arm-none-eabi/lib/armv7-m\libc.a(lib_a-wsetup.o)
                0x000821f0                __swsetup_r
 .text.startup.register_fini
                0x000822b4       0x14 c:/program files (x86)/atmel/studio/7.0/toolchain/arm/arm-gnu-toolchain/bin/../lib/gcc/arm-none-eabi/4.9.3/../../../../arm-none-eabi/lib/armv7-m\libc.a(lib_a-__call_atexit.o)
 .text.atexit   0x000822c8        0xc c:/program files (x86)/atmel/studio/7.0/toolchain/arm/arm-gnu-toolchain/bin/../lib/gcc/arm-none-eabi/4.9.3/../../../../arm-none-eabi/lib/armv7-m\libc.a(lib_a-atexit.o)
                0x000822c8                atexit
 .text.__sflush_r
                0x000822d4      0x148 c:/program files (x86)/atmel/studio/7.0/toolchain/arm/arm-gnu-toolchain/bin/../lib/gcc/arm-none-eabi/4.9.3/../../../../arm-none-eabi/lib/armv7-m\libc.a(lib_a-fflush.o)
                0x000822d4                __sflush_r
 .text._fflush_r
                0x0008241c       0x2c c:/program files (x86)/atmel/studio/7.0/toolchain/arm/arm-gnu-toolchain/bin/../lib/gcc/arm-none-eabi/4.9.3/../../../../arm-none-eabi/lib/armv7-m\libc.a(lib_a-fflush.o)
                0x0008241c                _fflush_r
 .text._cleanup_r
                0x00082448        0xc c:/program files (x86)/atmel/studio/7.0/toolchain/arm/arm-gnu-toolchain/bin/../lib/gcc/arm-none-eabi/4.9.3/../../../../arm-none-eabi/lib/armv7-m\libc.a(lib_a-findfp.o)
                0x00082448                _cleanup_r
 .text.__sinit.part.1
                0x00082454       0xf0 c:/program files (x86)/atmel/studio/7.0/toolchain/arm/arm-gnu-toolchain/bin/../lib/gcc/arm-none-eabi/4.9.3/../../../../arm-none-eabi/lib/armv7-m\libc.a(lib_a-findfp.o)
 .text.__sinit  0x00082544        0xc c:/program files (x86)/atmel/studio/7.0/toolchain/arm/arm-gnu-toolchain/bin/../lib/gcc/arm-none-eabi/4.9.3/../../../../arm-none-eabi/lib/armv7-m\libc.a(lib_a-findfp.o)
                0x00082544                __sinit
 .text.__sfp_lock_acquire
                0x00082550        0x4 c:/program files (x86)/atmel/studio/7.0/toolchain/arm/arm-gnu-toolchain/bin/../lib/gcc/arm-none-eabi/4.9.3/../../../../arm-none-eabi/lib/armv7-m\libc.a(lib_a-findfp.o)
                0x00082550                __sfp_lock_acquire
 .text.__sfp_lock_release
                0x00082554        0x4 c:/program files (x86)/atmel/studio/7.0/toolchain/arm/arm-gnu-toolchain/bin/../lib/gcc/arm-none-eabi/4.9.3/../../../../arm-none-eabi/lib/armv7-m\libc.a(lib_a-findfp.o)
                0x00082554                __sfp_lock_release
 .text.__libc_fini_array
                0x00082558       0x2c c:/program files (x86)/atmel/studio/7.0/toolchain/arm/arm-gnu-toolchain/bin/../lib/gcc/arm-none-eabi/4.9.3/../../../../arm-none-eabi/lib/armv7-m\libc.a(lib_a-fini.o)
                0x00082558                __libc_fini_array
 .text.__fputwc
                0x00082584       0xb0 c:/program files (x86)/atmel/studio/7.0/toolchain/arm/arm-gnu-toolchain/bin/../lib/gcc/arm-none-eabi/4.9.3/../../../../arm-none-eabi/lib/armv7-m\libc.a(lib_a-fputwc.o)
                0x00082584                __fputwc
 .text._fputwc_r
                0x00082634       0x24 c:/program files (x86)/atmel/studio/7.0/toolchain/arm/arm-gnu-toolchain/bin/../lib/gcc/arm-none-eabi/4.9.3/../../../../arm-none-eabi/lib/armv7-m\libc.a(lib_a-fputwc.o)
                0x00082634                _fputwc_r
 .text._malloc_trim_r
                0x00082658       0x9c c:/program files (x86)/atmel/studio/7.0/toolchain/arm/arm-gnu-toolchain/bin/../lib/gcc/arm-none-eabi/4.9.3/../../../../arm-none-eabi/lib/armv7-m\libc.a(lib_a-freer.o)
                0x00082658                _malloc_trim_r
 .text._free_r  0x000826f4      0x1b0 c:/program files (x86)/atmel/studio/7.0/toolchain/arm/arm-gnu-toolchain/bin/../lib/gcc/arm-none-eabi/4.9.3/../../../../arm-none-eabi/lib/armv7-m\libc.a(lib_a-freer.o)
                0x000826f4                _free_r
 .text.__sfvwrite_r
                0x000828a4      0x320 c:/program files (x86)/atmel/studio/7.0/toolchain/arm/arm-gnu-toolchain/bin/../lib/gcc/arm-none-eabi/4.9.3/../../../../arm-none-eabi/lib/armv7-m\libc.a(lib_a-fvwrite.o)
                0x000828a4                __sfvwrite_r
 .text._fwalk_reent
                0x00082bc4       0x50 c:/program files (x86)/atmel/studio/7.0/toolchain/arm/arm-gnu-toolchain/bin/../lib/gcc/arm-none-eabi/4.9.3/../../../../arm-none-eabi/lib/armv7-m\libc.a(lib_a-fwalk.o)
                0x00082bc4                _fwalk_reent
 .text.__locale_charset
                0x00082c14        0x8 c:/program files (x86)/atmel/studio/7.0/toolchain/arm/arm-gnu-toolchain/bin/../lib/gcc/arm-none-eabi/4.9.3/../../../../arm-none-eabi/lib/armv7-m\libc.a(lib_a-locale.o)
                0x00082c14                __locale_charset
 .text.__locale_mb_cur_max
                0x00082c1c        0xc c:/program files (x86)/atmel/studio/7.0/toolchain/arm/arm-gnu-toolchain/bin/../lib/gcc/arm-none-eabi/4.9.3/../../../../arm-none-eabi/lib/armv7-m\libc.a(lib_a-locale.o)
                0x00082c1c                __locale_mb_cur_max
 .text.__smakebuf_r
                0x00082c28       0xe0 c:/program files (x86)/atmel/studio/7.0/toolchain/arm/arm-gnu-toolchain/bin/../lib/gcc/arm-none-eabi/4.9.3/../../../../arm-none-eabi/lib/armv7-m\libc.a(lib_a-makebuf.o)
                0x00082c28                __smakebuf_r
 .text.malloc   0x00082d08       0x10 c:/program files (x86)/atmel/studio/7.0/toolchain/arm/arm-gnu-toolchain/bin/../lib/gcc/arm-none-eabi/4.9.3/../../../../arm-none-eabi/lib/armv7-m\libc.a(lib_a-malloc.o)
                0x00082d08                malloc
 .text._malloc_r
                0x00082d18      0x50c c:/program files (x86)/atmel/studio/7.0/toolchain/arm/arm-gnu-toolchain/bin/../lib/gcc/arm-none-eabi/4.9.3/../../../../arm-none-eabi/lib/armv7-m\libc.a(lib_a-mallocr.o)
                0x00082d18                _malloc_r
 .text.memchr   0x00083224       0x94 c:/program files (x86)/atmel/studio/7.0/toolchain/arm/arm-gnu-toolchain/bin/../lib/gcc/arm-none-eabi/4.9.3/../../../../arm-none-eabi/lib/armv7-m\libc.a(lib_a-memchr.o)
                0x00083224                memchr
 .text.memmove  0x000832b8       0xc8 c:/program files (x86)/atmel/studio/7.0/toolchain/arm/arm-gnu-toolchain/bin/../lib/gcc/arm-none-eabi/4.9.3/../../../../arm-none-eabi/lib/armv7-m\libc.a(lib_a-memmove.o)
                0x000832b8                memmove
 .text.__malloc_lock
                0x00083380        0x4 c:/program files (x86)/atmel/studio/7.0/toolchain/arm/arm-gnu-toolchain/bin/../lib/gcc/arm-none-eabi/4.9.3/../../../../arm-none-eabi/lib/armv7-m\libc.a(lib_a-mlock.o)
                0x00083380                __malloc_lock
 .text.__malloc_unlock
                0x00083384        0x4 c:/program files (x86)/atmel/studio/7.0/toolchain/arm/arm-gnu-toolchain/bin/../lib/gcc/arm-none-eabi/4.9.3/../../../../arm-none-eabi/lib/armv7-m\libc.a(lib_a-mlock.o)
                0x00083384                __malloc_unlock
 .text._realloc_r
                0x00083388      0x3e0 c:/program files (x86)/atmel/studio/7.0/toolchain/arm/arm-gnu-toolchain/bin/../lib/gcc/arm-none-eabi/4.9.3/../../../../arm-none-eabi/lib/armv7-m\libc.a(lib_a-reallocr.o)
                0x00083388                _realloc_r
 .text._sbrk_r  0x00083768       0x24 c:/program files (x86)/atmel/studio/7.0/toolchain/arm/arm-gnu-toolchain/bin/../lib/gcc/arm-none-eabi/4.9.3/../../../../arm-none-eabi/lib/armv7-m\libc.a(lib_a-sbrkr.o)
                0x00083768                _sbrk_r
 .text.__sread  0x0008378c       0x24 c:/program files (x86)/atmel/studio/7.0/toolchain/arm/arm-gnu-toolchain/bin/../lib/gcc/arm-none-eabi/4.9.3/../../../../arm-none-eabi/lib/armv7-m\libc.a(lib_a-stdio.o)
                0x0008378c                __sread
 .text.__swrite
                0x000837b0       0x38 c:/program files (x86)/atmel/studio/7.0/toolchain/arm/arm-gnu-toolchain/bin/../lib/gcc/arm-none-eabi/4.9.3/../../../../arm-none-eabi/lib/armv7-m\libc.a(lib_a-stdio.o)
                0x000837b0                __swrite
 .text.__sseek  0x000837e8       0x20 c:/program files (x86)/atmel/studio/7.0/toolchain/arm/arm-gnu-toolchain/bin/../lib/gcc/arm-none-eabi/4.9.3/../../../../arm-none-eabi/lib/armv7-m\libc.a(lib_a-stdio.o)
                0x000837e8                __sseek
 .text.__sclose
                0x00083808        0x8 c:/program files (x86)/atmel/studio/7.0/toolchain/arm/arm-gnu-toolchain/bin/../lib/gcc/arm-none-eabi/4.9.3/../../../../arm-none-eabi/lib/armv7-m\libc.a(lib_a-stdio.o)
                0x00083808                __sclose
 .text.__swbuf_r
                0x00083810       0xa8 c:/program files (x86)/atmel/studio/7.0/toolchain/arm/arm-gnu-toolchain/bin/../lib/gcc/arm-none-eabi/4.9.3/../../../../arm-none-eabi/lib/armv7-m\libc.a(lib_a-wbuf.o)
                0x00083810                __swbuf_r
 .text._wcrtomb_r
                0x000838b8       0x54 c:/program files (x86)/atmel/studio/7.0/toolchain/arm/arm-gnu-toolchain/bin/../lib/gcc/arm-none-eabi/4.9.3/../../../../arm-none-eabi/lib/armv7-m\libc.a(lib_a-wcrtomb.o)
                0x000838b8                _wcrtomb_r
 .text.__ascii_wctomb
                0x0008390c       0x1c c:/program files (x86)/atmel/studio/7.0/toolchain/arm/arm-gnu-toolchain/bin/../lib/gcc/arm-none-eabi/4.9.3/../../../../arm-none-eabi/lib/armv7-m\libc.a(lib_a-wctomb_r.o)
                0x0008390c                __ascii_wctomb
 .text._write_r
                0x00083928       0x28 c:/program files (x86)/atmel/studio/7.0/toolchain/arm/arm-gnu-toolchain/bin/../lib/gcc/arm-none-eabi/4.9.3/../../../../arm-none-eabi/lib/armv7-m\libc.a(lib_a-writer.o)
                0x00083928                _write_r
 .text.__register_exitproc
                0x00083950       0xa4 c:/program files (x86)/atmel/studio/7.0/toolchain/arm/arm-gnu-toolchain/bin/../lib/gcc/arm-none-eabi/4.9.3/../../../../arm-none-eabi/lib/armv7-m\libc.a(lib_a-__atexit.o)
                0x00083950                __register_exitproc
 .text._close_r
                0x000839f4       0x24 c:/program files (x86)/atmel/studio/7.0/toolchain/arm/arm-gnu-toolchain/bin/../lib/gcc/arm-none-eabi/4.9.3/../../../../arm-none-eabi/lib/armv7-m\libc.a(lib_a-closer.o)
                0x000839f4                _close_r
 .text._fclose_r
                0x00083a18       0x84 c:/program files (x86)/atmel/studio/7.0/toolchain/arm/arm-gnu-toolchain/bin/../lib/gcc/arm-none-eabi/4.9.3/../../../../arm-none-eabi/lib/armv7-m\libc.a(lib_a-fclose.o)
                0x00083a18                _fclose_r
 .text._fstat_r
                0x00083a9c       0x28 c:/program files (x86)/atmel/studio/7.0/toolchain/arm/arm-gnu-toolchain/bin/../lib/gcc/arm-none-eabi/4.9.3/../../../../arm-none-eabi/lib/armv7-m\libc.a(lib_a-fstatr.o)
                0x00083a9c                _fstat_r
 .text._isatty_r
                0x00083ac4       0x24 c:/program files (x86)/atmel/studio/7.0/toolchain/arm/arm-gnu-toolchain/bin/../lib/gcc/arm-none-eabi/4.9.3/../../../../arm-none-eabi/lib/armv7-m\libc.a(lib_a-isattyr.o)
                0x00083ac4                _isatty_r
 .text._lseek_r
                0x00083ae8       0x28 c:/program files (x86)/atmel/studio/7.0/toolchain/arm/arm-gnu-toolchain/bin/../lib/gcc/arm-none-eabi/4.9.3/../../../../arm-none-eabi/lib/armv7-m\libc.a(lib_a-lseekr.o)
                0x00083ae8                _lseek_r
 .text._read_r  0x00083b10       0x28 c:/program files (x86)/atmel/studio/7.0/toolchain/arm/arm-gnu-toolchain/bin/../lib/gcc/arm-none-eabi/4.9.3/../../../../arm-none-eabi/lib/armv7-m\libc.a(lib_a-readr.o)
                0x00083b10                _read_r
 .text          0x00083b38       0x30 c:/program files (x86)/atmel/studio/7.0/toolchain/arm/arm-gnu-toolchain/bin/../lib/gcc/arm-none-eabi/4.9.3/armv7-m\libgcc.a(_aeabi_uldivmod.o)
                0x00083b38                __aeabi_uldivmod
 .text          0x00083b68       0x60 c:/program files (x86)/atmel/studio/7.0/toolchain/arm/arm-gnu-toolchain/bin/../lib/gcc/arm-none-eabi/4.9.3/armv7-m\libgcc.a(bpabi.o)
                0x00083b68                __gnu_ldivmod_helper
                0x00083b98                __gnu_uldivmod_helper
 .text          0x00083bc8        0x4 c:/program files (x86)/atmel/studio/7.0/toolchain/arm/arm-gnu-toolchain/bin/../lib/gcc/arm-none-eabi/4.9.3/armv7-m\libgcc.a(_dvmd_tls.o)
                0x00083bc8                __aeabi_idiv0
                0x00083bc8                __aeabi_ldiv0
 .text          0x00083bcc      0x2ac c:/program files (x86)/atmel/studio/7.0/toolchain/arm/arm-gnu-toolchain/bin/../lib/gcc/arm-none-eabi/4.9.3/armv7-m\libgcc.a(_divdi3.o)
                0x00083bcc                __divdi3
 .text          0x00083e78      0x270 c:/program files (x86)/atmel/studio/7.0/toolchain/arm/arm-gnu-toolchain/bin/../lib/gcc/arm-none-eabi/4.9.3/armv7-m\libgcc.a(_udivdi3.o)
                0x00083e78                __udivdi3
 *(.glue_7t)
 .glue_7t       0x00000000        0x0 linker stubs
 *(.glue_7)
 .glue_7        0x00000000        0x0 linker stubs
 *(.rodata .rodata* .gnu.linkonce.r.*)
 .rodata        0x000840e8        0xc src/PWMCustom.o
 .rodata        0x000840f4       0x2c src/ASF/sam/drivers/pwm/pwm.o
 .rodata.str1.4
                0x00084120        0x4 src/main.o
 .rodata.str1.4
                0x00084124        0x2 c:/program files (x86)/atmel/studio/7.0/toolchain/arm/arm-gnu-toolchain/bin/../lib/gcc/arm-none-eabi/4.9.3/../../../../arm-none-eabi/lib/armv7-m\libc.a(lib_a-impure.o)
 *fill*         0x00084126        0x2 
 .rodata._global_impure_ptr
                0x00084128        0x4 c:/program files (x86)/atmel/studio/7.0/toolchain/arm/arm-gnu-toolchain/bin/../lib/gcc/arm-none-eabi/4.9.3/../../../../arm-none-eabi/lib/armv7-m\libc.a(lib_a-impure.o)
                0x00084128                _global_impure_ptr
 .rodata.zeroes.6869
                0x0008412c       0x10 c:/program files (x86)/atmel/studio/7.0/toolchain/arm/arm-gnu-toolchain/bin/../lib/gcc/arm-none-eabi/4.9.3/../../../../arm-none-eabi/lib/armv7-m\libc.a(lib_a-vfiprintf.o)
 .rodata.str1.4
                0x0008413c       0x30 c:/program files (x86)/atmel/studio/7.0/toolchain/arm/arm-gnu-toolchain/bin/../lib/gcc/arm-none-eabi/4.9.3/../../../../arm-none-eabi/lib/armv7-m\libc.a(lib_a-vfiprintf.o)
                                 0x2f (size before relaxing)
 .rodata.blanks.6868
                0x0008416c       0x10 c:/program files (x86)/atmel/studio/7.0/toolchain/arm/arm-gnu-toolchain/bin/../lib/gcc/arm-none-eabi/4.9.3/../../../../arm-none-eabi/lib/armv7-m\libc.a(lib_a-vfiprintf.o)
 *(.ARM.extab* .gnu.linkonce.armextab.*)
                0x0008417c                . = ALIGN (0x4)
 *(.init)
 .init          0x0008417c        0x4 c:/program files (x86)/atmel/studio/7.0/toolchain/arm/arm-gnu-toolchain/bin/../lib/gcc/arm-none-eabi/4.9.3/armv7-m/crti.o
                0x0008417c                _init
 .init          0x00084180        0x8 c:/program files (x86)/atmel/studio/7.0/toolchain/arm/arm-gnu-toolchain/bin/../lib/gcc/arm-none-eabi/4.9.3/armv7-m/crtn.o
                0x00084188                . = ALIGN (0x4)
                0x00084188                __preinit_array_start = .
 *(.preinit_array)
                0x00084188                __preinit_array_end = .
                0x00084188                . = ALIGN (0x4)
                0x00084188                __init_array_start = .
 *(SORT(.init_array.*))
 .init_array.00000
                0x00084188        0x4 c:/program files (x86)/atmel/studio/7.0/toolchain/arm/arm-gnu-toolchain/bin/../lib/gcc/arm-none-eabi/4.9.3/../../../../arm-none-eabi/lib/armv7-m\libc.a(lib_a-__call_atexit.o)
 *(.init_array)
 .init_array    0x0008418c        0x4 c:/program files (x86)/atmel/studio/7.0/toolchain/arm/arm-gnu-toolchain/bin/../lib/gcc/arm-none-eabi/4.9.3/armv7-m/crtbegin.o
                0x00084190                __init_array_end = .
                0x00084190                . = ALIGN (0x4)
 *crtbegin.o(.ctors)
 *(EXCLUDE_FILE(*crtend.o) .ctors)
 *(SORT(.ctors.*))
 *crtend.o(.ctors)
                0x00084190                . = ALIGN (0x4)
 *(.fini)
 .fini          0x00084190        0x4 c:/program files (x86)/atmel/studio/7.0/toolchain/arm/arm-gnu-toolchain/bin/../lib/gcc/arm-none-eabi/4.9.3/armv7-m/crti.o
                0x00084190                _fini
 .fini          0x00084194        0x8 c:/program files (x86)/atmel/studio/7.0/toolchain/arm/arm-gnu-toolchain/bin/../lib/gcc/arm-none-eabi/4.9.3/armv7-m/crtn.o
                0x0008419c                . = ALIGN (0x4)
                0x0008419c                __fini_array_start = .
 *(.fini_array)
 .fini_array    0x0008419c        0x4 c:/program files (x86)/atmel/studio/7.0/toolchain/arm/arm-gnu-toolchain/bin/../lib/gcc/arm-none-eabi/4.9.3/armv7-m/crtbegin.o
 *(SORT(.fini_array.*))
                0x000841a0                __fini_array_end = .
 *crtbegin.o(.dtors)
 *(EXCLUDE_FILE(*crtend.o) .dtors)
 *(SORT(.dtors.*))
 *crtend.o(.dtors)
                0x000841a0                . = ALIGN (0x4)
                0x000841a0                _efixed = .
                0x000841a0                PROVIDE (__exidx_start, .)

.vfp11_veneer   0x000841a0        0x0
 .vfp11_veneer  0x00000000        0x0 linker stubs

.v4_bx          0x000841a0        0x0
 .v4_bx         0x00000000        0x0 linker stubs

.iplt           0x000841a0        0x0
 .iplt          0x00000000        0x0 c:/program files (x86)/atmel/studio/7.0/toolchain/arm/arm-gnu-toolchain/bin/../lib/gcc/arm-none-eabi/4.9.3/armv7-m/crtbegin.o

.ARM.exidx      0x000841a0        0x8
 *(.ARM.exidx* .gnu.linkonce.armexidx.*)
 .ARM.exidx     0x000841a0        0x8 c:/program files (x86)/atmel/studio/7.0/toolchain/arm/arm-gnu-toolchain/bin/../lib/gcc/arm-none-eabi/4.9.3/armv7-m\libgcc.a(_divdi3.o)
 .ARM.exidx     0x000841a8        0x0 c:/program files (x86)/atmel/studio/7.0/toolchain/arm/arm-gnu-toolchain/bin/../lib/gcc/arm-none-eabi/4.9.3/armv7-m\libgcc.a(_udivdi3.o)
                                  0x8 (size before relaxing)
                0x000841a8                PROVIDE (__exidx_end, .)

.eh_frame       0x000841a8        0x0
 .eh_frame      0x000841a8        0x0 c:/program files (x86)/atmel/studio/7.0/toolchain/arm/arm-gnu-toolchain/bin/../lib/gcc/arm-none-eabi/4.9.3/armv7-m/crtbegin.o

.rel.dyn        0x000841a8        0x0
 .rel.iplt      0x00000000        0x0 c:/program files (x86)/atmel/studio/7.0/toolchain/arm/arm-gnu-toolchain/bin/../lib/gcc/arm-none-eabi/4.9.3/armv7-m/crtbegin.o

.jcr            0x000841a8        0x0
 .jcr           0x000841a8        0x0 c:/program files (x86)/atmel/studio/7.0/toolchain/arm/arm-gnu-toolchain/bin/../lib/gcc/arm-none-eabi/4.9.3/armv7-m/crtbegin.o

.igot.plt       0x000841a8        0x0
 .igot.plt      0x00000000        0x0 c:/program files (x86)/atmel/studio/7.0/toolchain/arm/arm-gnu-toolchain/bin/../lib/gcc/arm-none-eabi/4.9.3/armv7-m/crtbegin.o
                0x000841a8                . = ALIGN (0x4)
                0x000841a8                _etext = .

.relocate       0x20070000      0x99c load address 0x000841a8
                0x20070000                . = ALIGN (0x4)
                0x20070000                _srelocate = .
 *(.ramfunc .ramfunc.*)
 .ramfunc       0x20070000      0x12c src/ASF/sam/utils/cmsis/sam3x/source/templates/system_sam3x.o
                0x20070000                SystemInit
                0x200700a4                system_init_flash
 *(.data .data.*)
 .data.xNextTaskUnblockTime
                0x2007012c        0x2 src/ASF/thirdparty/freertos/freertos-7.3.0/source/tasks.o
 *fill*         0x2007012e        0x2 
 .data.SystemCoreClock
                0x20070130        0x4 src/ASF/sam/utils/cmsis/sam3x/source/templates/system_sam3x.o
                0x20070130                SystemCoreClock
 *fill*         0x20070134        0x4 
 .data.impure_data
                0x20070138      0x428 c:/program files (x86)/atmel/studio/7.0/toolchain/arm/arm-gnu-toolchain/bin/../lib/gcc/arm-none-eabi/4.9.3/../../../../arm-none-eabi/lib/armv7-m\libc.a(lib_a-impure.o)
 .data._impure_ptr
                0x20070560        0x4 c:/program files (x86)/atmel/studio/7.0/toolchain/arm/arm-gnu-toolchain/bin/../lib/gcc/arm-none-eabi/4.9.3/../../../../arm-none-eabi/lib/armv7-m\libc.a(lib_a-impure.o)
                0x20070560                _impure_ptr
 .data.lc_ctype_charset
                0x20070564       0x20 c:/program files (x86)/atmel/studio/7.0/toolchain/arm/arm-gnu-toolchain/bin/../lib/gcc/arm-none-eabi/4.9.3/../../../../arm-none-eabi/lib/armv7-m\libc.a(lib_a-locale.o)
 .data.__mb_cur_max
                0x20070584        0x4 c:/program files (x86)/atmel/studio/7.0/toolchain/arm/arm-gnu-toolchain/bin/../lib/gcc/arm-none-eabi/4.9.3/../../../../arm-none-eabi/lib/armv7-m\libc.a(lib_a-locale.o)
                0x20070584                __mb_cur_max
 .data.__malloc_av_
                0x20070588      0x408 c:/program files (x86)/atmel/studio/7.0/toolchain/arm/arm-gnu-toolchain/bin/../lib/gcc/arm-none-eabi/4.9.3/../../../../arm-none-eabi/lib/armv7-m\libc.a(lib_a-mallocr.o)
                0x20070588                __malloc_av_
 .data.__malloc_trim_threshold
                0x20070990        0x4 c:/program files (x86)/atmel/studio/7.0/toolchain/arm/arm-gnu-toolchain/bin/../lib/gcc/arm-none-eabi/4.9.3/../../../../arm-none-eabi/lib/armv7-m\libc.a(lib_a-mallocr.o)
                0x20070990                __malloc_trim_threshold
 .data.__malloc_sbrk_base
                0x20070994        0x4 c:/program files (x86)/atmel/studio/7.0/toolchain/arm/arm-gnu-toolchain/bin/../lib/gcc/arm-none-eabi/4.9.3/../../../../arm-none-eabi/lib/armv7-m\libc.a(lib_a-mallocr.o)
                0x20070994                __malloc_sbrk_base
 .data.__wctomb
                0x20070998        0x4 c:/program files (x86)/atmel/studio/7.0/toolchain/arm/arm-gnu-toolchain/bin/../lib/gcc/arm-none-eabi/4.9.3/../../../../arm-none-eabi/lib/armv7-m\libc.a(lib_a-wctomb_r.o)
                0x20070998                __wctomb
                0x2007099c                . = ALIGN (0x4)
                0x2007099c                _erelocate = .

.bss            0x200709a0      0x25c load address 0x00084b48
                0x200709a0                . = ALIGN (0x4)
                0x200709a0                _sbss = .
                0x200709a0                _szero = .
 *(.bss .bss.*)
 .bss           0x200709a0       0x1c c:/program files (x86)/atmel/studio/7.0/toolchain/arm/arm-gnu-toolchain/bin/../lib/gcc/arm-none-eabi/4.9.3/armv7-m/crtbegin.o
 .bss.uxMissedTicks
                0x200709bc        0x4 src/ASF/thirdparty/freertos/freertos-7.3.0/source/tasks.o
 .bss.pxDelayedTaskList
                0x200709c0        0x4 src/ASF/thirdparty/freertos/freertos-7.3.0/source/tasks.o
 .bss.uxTopReadyPriority
                0x200709c4        0x4 src/ASF/thirdparty/freertos/freertos-7.3.0/source/tasks.o
 .bss.pxReadyTasksLists
                0x200709c8       0xc8 src/ASF/thirdparty/freertos/freertos-7.3.0/source/tasks.o
 .bss.uxSchedulerSuspended
                0x20070a90        0x4 src/ASF/thirdparty/freertos/freertos-7.3.0/source/tasks.o
 .bss.pxCurrentTCB
                0x20070a94        0x4 src/ASF/thirdparty/freertos/freertos-7.3.0/source/tasks.o
                0x20070a94                pxCurrentTCB
 .bss.xNumOfOverflows
                0x20070a98        0x4 src/ASF/thirdparty/freertos/freertos-7.3.0/source/tasks.o
 .bss.xTickCount
                0x20070a9c        0x2 src/ASF/thirdparty/freertos/freertos-7.3.0/source/tasks.o
 *fill*         0x20070a9e        0x2 
 .bss.pxOverflowDelayedTaskList
                0x20070aa0        0x4 src/ASF/thirdparty/freertos/freertos-7.3.0/source/tasks.o
 .bss.xMissedYield
                0x20070aa4        0x4 src/ASF/thirdparty/freertos/freertos-7.3.0/source/tasks.o
 .bss.gs_interrupt_sources
                0x20070aa8       0x70 src/ASF/sam/drivers/pio/pio_handler.o
 .bss.heap.5098
                0x20070b18        0x4 src/ASF/sam/utils/syscalls/gcc/syscalls.o
 .bss.__malloc_max_total_mem
                0x20070b1c        0x4 c:/program files (x86)/atmel/studio/7.0/toolchain/arm/arm-gnu-toolchain/bin/../lib/gcc/arm-none-eabi/4.9.3/../../../../arm-none-eabi/lib/armv7-m\libc.a(lib_a-mallocr.o)
                0x20070b1c                __malloc_max_total_mem
 .bss.__malloc_max_sbrked_mem
                0x20070b20        0x4 c:/program files (x86)/atmel/studio/7.0/toolchain/arm/arm-gnu-toolchain/bin/../lib/gcc/arm-none-eabi/4.9.3/../../../../arm-none-eabi/lib/armv7-m\libc.a(lib_a-mallocr.o)
                0x20070b20                __malloc_max_sbrked_mem
 .bss.__malloc_top_pad
                0x20070b24        0x4 c:/program files (x86)/atmel/studio/7.0/toolchain/arm/arm-gnu-toolchain/bin/../lib/gcc/arm-none-eabi/4.9.3/../../../../arm-none-eabi/lib/armv7-m\libc.a(lib_a-mallocr.o)
                0x20070b24                __malloc_top_pad
 .bss.__malloc_current_mallinfo
                0x20070b28       0x28 c:/program files (x86)/atmel/studio/7.0/toolchain/arm/arm-gnu-toolchain/bin/../lib/gcc/arm-none-eabi/4.9.3/../../../../arm-none-eabi/lib/armv7-m\libc.a(lib_a-mallocr.o)
                0x20070b28                __malloc_current_mallinfo
 *(COMMON)
 COMMON         0x20070b50        0x4 src/ASF/common/utils/stdio/read.o
                0x20070b50                ptr_get
 *fill*         0x20070b54        0x4 
 COMMON         0x20070b58       0x95 src/global_variables.o
                0x20070b58                i_temp
                0x20070b59                dTime
                0x20070b60                PID
                0x20070b68                output_value
                0x20070b70                P_SET
                0x20070b78                distance
                0x20070b7c                distanceSet_temp
                0x20070b80                I_SET
                0x20070b88                old_error
                0x20070b90                D_CONSTANT
                0x20070b98                p_temp
                0x20070ba0                I_CONSTANT
                0x20070ba8                d_temp
                0x20070bac                error
                0x20070bb0                aRead
                0x20070bb8                D_SET
                0x20070bc0                a
                0x20070bc4                pwm_channel
                0x20070bec                testByte
 *fill*         0x20070bed        0x3 
 COMMON         0x20070bf0        0x8 src/ASF/common/utils/stdio/write.o
                0x20070bf0                ptr_put
                0x20070bf4                stdio_base
 COMMON         0x20070bf8        0x4 c:/program files (x86)/atmel/studio/7.0/toolchain/arm/arm-gnu-toolchain/bin/../lib/gcc/arm-none-eabi/4.9.3/../../../../arm-none-eabi/lib/armv7-m\libc.a(lib_a-reent.o)
                0x20070bf8                errno
                0x20070bfc                . = ALIGN (0x4)
                0x20070bfc                _ebss = .
                0x20070bfc                _ezero = .

.stack          0x20070bfc     0x2004 load address 0x00084da4
                0x20070c00                . = ALIGN (0x8)
 *fill*         0x20070bfc        0x4 
                0x20070c00                _sstack = .
                0x20072c00                . = (. + __stack_size__)
 *fill*         0x20070c00     0x2000 
                0x20072c00                . = ALIGN (0x8)
                0x20072c00                _estack = .
                0x20072c00                . = ALIGN (0x4)
                0x20072c00                _end = .
OUTPUT(ExUppgift2014.elf elf32-littlearm)

.ARM.attributes
                0x00000000       0x29
 .ARM.attributes
                0x00000000       0x1d c:/program files (x86)/atmel/studio/7.0/toolchain/arm/arm-gnu-toolchain/bin/../lib/gcc/arm-none-eabi/4.9.3/armv7-m/crti.o
 .ARM.attributes
                0x0000001d       0x2d c:/program files (x86)/atmel/studio/7.0/toolchain/arm/arm-gnu-toolchain/bin/../lib/gcc/arm-none-eabi/4.9.3/armv7-m/crtbegin.o
 .ARM.attributes
                0x0000004a       0x33 src/ADCCustom.o
 .ARM.attributes
                0x0000007d       0x33 src/ASF/common/utils/stdio/read.o
 .ARM.attributes
                0x000000b0       0x33 src/ASF/sam/drivers/adc/adc.o
 .ARM.attributes
                0x000000e3       0x33 src/ASF/sam/drivers/usart/usart.o
 .ARM.attributes
                0x00000116       0x33 src/global_variables.o
 .ARM.attributes
                0x00000149       0x33 src/PWMCustom.o
 .ARM.attributes
                0x0000017c       0x33 src/UARTFunctions.o
 .ARM.attributes
                0x000001af       0x33 src/ASF/thirdparty/freertos/freertos-7.3.0/source/list.o
 .ARM.attributes
                0x000001e2       0x33 src/ASF/thirdparty/freertos/freertos-7.3.0/source/portable/gcc/sam/port.o
 .ARM.attributes
                0x00000215       0x33 src/ASF/thirdparty/freertos/freertos-7.3.0/source/tasks.o
 .ARM.attributes
                0x00000248       0x33 src/ASF/common/utils/stdio/write.o
 .ARM.attributes
                0x0000027b       0x33 src/ASF/sam/drivers/pwm/pwm.o
 .ARM.attributes
                0x000002ae       0x33 src/ASF/sam/drivers/uart/uart.o
 .ARM.attributes
                0x000002e1       0x33 src/ASF/common/services/clock/sam3x/sysclk.o
 .ARM.attributes
                0x00000314       0x33 src/ASF/sam/boards/arduino_due_x/init.o
 .ARM.attributes
                0x00000347       0x33 src/ASF/sam/drivers/pio/pio.o
 .ARM.attributes
                0x0000037a       0x33 src/ASF/sam/drivers/pio/pio_handler.o
 .ARM.attributes
                0x000003ad       0x33 src/ASF/sam/drivers/pmc/pmc.o
 .ARM.attributes
                0x000003e0       0x33 src/ASF/sam/utils/cmsis/sam3x/source/templates/exceptions.o
 .ARM.attributes
                0x00000413       0x33 src/ASF/sam/utils/cmsis/sam3x/source/templates/gcc/startup_sam3x.o
 .ARM.attributes
                0x00000446       0x33 src/ASF/sam/utils/cmsis/sam3x/source/templates/system_sam3x.o
 .ARM.attributes
                0x00000479       0x33 src/ASF/sam/utils/syscalls/gcc/syscalls.o
 .ARM.attributes
                0x000004ac       0x33 src/main.o
 .ARM.attributes
                0x000004df       0x2d c:/program files (x86)/atmel/studio/7.0/toolchain/arm/arm-gnu-toolchain/bin/../lib/gcc/arm-none-eabi/4.9.3/../../../../arm-none-eabi/lib/armv7-m\libc.a(lib_a-impure.o)
 .ARM.attributes
                0x0000050c       0x2d c:/program files (x86)/atmel/studio/7.0/toolchain/arm/arm-gnu-toolchain/bin/../lib/gcc/arm-none-eabi/4.9.3/../../../../arm-none-eabi/lib/armv7-m\libc.a(lib_a-init.o)
 .ARM.attributes
                0x00000539       0x2d c:/program files (x86)/atmel/studio/7.0/toolchain/arm/arm-gnu-toolchain/bin/../lib/gcc/arm-none-eabi/4.9.3/../../../../arm-none-eabi/lib/armv7-m\libc.a(lib_a-iprintf.o)
 .ARM.attributes
                0x00000566       0x1b c:/program files (x86)/atmel/studio/7.0/toolchain/arm/arm-gnu-toolchain/bin/../lib/gcc/arm-none-eabi/4.9.3/../../../../arm-none-eabi/lib/armv7-m\libc.a(lib_a-memcpy.o)
 .ARM.attributes
                0x00000581       0x2d c:/program files (x86)/atmel/studio/7.0/toolchain/arm/arm-gnu-toolchain/bin/../lib/gcc/arm-none-eabi/4.9.3/../../../../arm-none-eabi/lib/armv7-m\libc.a(lib_a-memset.o)
 .ARM.attributes
                0x000005ae       0x2d c:/program files (x86)/atmel/studio/7.0/toolchain/arm/arm-gnu-toolchain/bin/../lib/gcc/arm-none-eabi/4.9.3/../../../../arm-none-eabi/lib/armv7-m\libc.a(lib_a-setbuf.o)
 .ARM.attributes
                0x000005db       0x2d c:/program files (x86)/atmel/studio/7.0/toolchain/arm/arm-gnu-toolchain/bin/../lib/gcc/arm-none-eabi/4.9.3/../../../../arm-none-eabi/lib/armv7-m\libc.a(lib_a-setvbuf.o)
 .ARM.attributes
                0x00000608       0x2d c:/program files (x86)/atmel/studio/7.0/toolchain/arm/arm-gnu-toolchain/bin/../lib/gcc/arm-none-eabi/4.9.3/../../../../arm-none-eabi/lib/armv7-m\libc.a(lib_a-strlen.o)
 .ARM.attributes
                0x00000635       0x2d c:/program files (x86)/atmel/studio/7.0/toolchain/arm/arm-gnu-toolchain/bin/../lib/gcc/arm-none-eabi/4.9.3/../../../../arm-none-eabi/lib/armv7-m\libc.a(lib_a-vfiprintf.o)
 .ARM.attributes
                0x00000662       0x2d c:/program files (x86)/atmel/studio/7.0/toolchain/arm/arm-gnu-toolchain/bin/../lib/gcc/arm-none-eabi/4.9.3/../../../../arm-none-eabi/lib/armv7-m\libc.a(lib_a-wsetup.o)
 .ARM.attributes
                0x0000068f       0x2d c:/program files (x86)/atmel/studio/7.0/toolchain/arm/arm-gnu-toolchain/bin/../lib/gcc/arm-none-eabi/4.9.3/../../../../arm-none-eabi/lib/armv7-m\libc.a(lib_a-__call_atexit.o)
 .ARM.attributes
                0x000006bc       0x2d c:/program files (x86)/atmel/studio/7.0/toolchain/arm/arm-gnu-toolchain/bin/../lib/gcc/arm-none-eabi/4.9.3/../../../../arm-none-eabi/lib/armv7-m\libc.a(lib_a-atexit.o)
 .ARM.attributes
                0x000006e9       0x2d c:/program files (x86)/atmel/studio/7.0/toolchain/arm/arm-gnu-toolchain/bin/../lib/gcc/arm-none-eabi/4.9.3/../../../../arm-none-eabi/lib/armv7-m\libc.a(lib_a-fflush.o)
 .ARM.attributes
                0x00000716       0x2d c:/program files (x86)/atmel/studio/7.0/toolchain/arm/arm-gnu-toolchain/bin/../lib/gcc/arm-none-eabi/4.9.3/../../../../arm-none-eabi/lib/armv7-m\libc.a(lib_a-findfp.o)
 .ARM.attributes
                0x00000743       0x2d c:/program files (x86)/atmel/studio/7.0/toolchain/arm/arm-gnu-toolchain/bin/../lib/gcc/arm-none-eabi/4.9.3/../../../../arm-none-eabi/lib/armv7-m\libc.a(lib_a-fini.o)
 .ARM.attributes
                0x00000770       0x2d c:/program files (x86)/atmel/studio/7.0/toolchain/arm/arm-gnu-toolchain/bin/../lib/gcc/arm-none-eabi/4.9.3/../../../../arm-none-eabi/lib/armv7-m\libc.a(lib_a-fputwc.o)
 .ARM.attributes
                0x0000079d       0x2d c:/program files (x86)/atmel/studio/7.0/toolchain/arm/arm-gnu-toolchain/bin/../lib/gcc/arm-none-eabi/4.9.3/../../../../arm-none-eabi/lib/armv7-m\libc.a(lib_a-freer.o)
 .ARM.attributes
                0x000007ca       0x2d c:/program files (x86)/atmel/studio/7.0/toolchain/arm/arm-gnu-toolchain/bin/../lib/gcc/arm-none-eabi/4.9.3/../../../../arm-none-eabi/lib/armv7-m\libc.a(lib_a-fvwrite.o)
 .ARM.attributes
                0x000007f7       0x2d c:/program files (x86)/atmel/studio/7.0/toolchain/arm/arm-gnu-toolchain/bin/../lib/gcc/arm-none-eabi/4.9.3/../../../../arm-none-eabi/lib/armv7-m\libc.a(lib_a-fwalk.o)
 .ARM.attributes
                0x00000824       0x2d c:/program files (x86)/atmel/studio/7.0/toolchain/arm/arm-gnu-toolchain/bin/../lib/gcc/arm-none-eabi/4.9.3/../../../../arm-none-eabi/lib/armv7-m\libc.a(lib_a-locale.o)
 .ARM.attributes
                0x00000851       0x2d c:/program files (x86)/atmel/studio/7.0/toolchain/arm/arm-gnu-toolchain/bin/../lib/gcc/arm-none-eabi/4.9.3/../../../../arm-none-eabi/lib/armv7-m\libc.a(lib_a-makebuf.o)
 .ARM.attributes
                0x0000087e       0x2d c:/program files (x86)/atmel/studio/7.0/toolchain/arm/arm-gnu-toolchain/bin/../lib/gcc/arm-none-eabi/4.9.3/../../../../arm-none-eabi/lib/armv7-m\libc.a(lib_a-malloc.o)
 .ARM.attributes
                0x000008ab       0x2d c:/program files (x86)/atmel/studio/7.0/toolchain/arm/arm-gnu-toolchain/bin/../lib/gcc/arm-none-eabi/4.9.3/../../../../arm-none-eabi/lib/armv7-m\libc.a(lib_a-mallocr.o)
 .ARM.attributes
                0x000008d8       0x2d c:/program files (x86)/atmel/studio/7.0/toolchain/arm/arm-gnu-toolchain/bin/../lib/gcc/arm-none-eabi/4.9.3/../../../../arm-none-eabi/lib/armv7-m\libc.a(lib_a-memchr.o)
 .ARM.attributes
                0x00000905       0x2d c:/program files (x86)/atmel/studio/7.0/toolchain/arm/arm-gnu-toolchain/bin/../lib/gcc/arm-none-eabi/4.9.3/../../../../arm-none-eabi/lib/armv7-m\libc.a(lib_a-memmove.o)
 .ARM.attributes
                0x00000932       0x2d c:/program files (x86)/atmel/studio/7.0/toolchain/arm/arm-gnu-toolchain/bin/../lib/gcc/arm-none-eabi/4.9.3/../../../../arm-none-eabi/lib/armv7-m\libc.a(lib_a-mlock.o)
 .ARM.attributes
                0x0000095f       0x2d c:/program files (x86)/atmel/studio/7.0/toolchain/arm/arm-gnu-toolchain/bin/../lib/gcc/arm-none-eabi/4.9.3/../../../../arm-none-eabi/lib/armv7-m\libc.a(lib_a-reallocr.o)
 .ARM.attributes
                0x0000098c       0x2d c:/program files (x86)/atmel/studio/7.0/toolchain/arm/arm-gnu-toolchain/bin/../lib/gcc/arm-none-eabi/4.9.3/../../../../arm-none-eabi/lib/armv7-m\libc.a(lib_a-sbrkr.o)
 .ARM.attributes
                0x000009b9       0x2d c:/program files (x86)/atmel/studio/7.0/toolchain/arm/arm-gnu-toolchain/bin/../lib/gcc/arm-none-eabi/4.9.3/../../../../arm-none-eabi/lib/armv7-m\libc.a(lib_a-stdio.o)
 .ARM.attributes
                0x000009e6       0x2d c:/program files (x86)/atmel/studio/7.0/toolchain/arm/arm-gnu-toolchain/bin/../lib/gcc/arm-none-eabi/4.9.3/../../../../arm-none-eabi/lib/armv7-m\libc.a(lib_a-wbuf.o)
 .ARM.attributes
                0x00000a13       0x2d c:/program files (x86)/atmel/studio/7.0/toolchain/arm/arm-gnu-toolchain/bin/../lib/gcc/arm-none-eabi/4.9.3/../../../../arm-none-eabi/lib/armv7-m\libc.a(lib_a-wcrtomb.o)
 .ARM.attributes
                0x00000a40       0x2d c:/program files (x86)/atmel/studio/7.0/toolchain/arm/arm-gnu-toolchain/bin/../lib/gcc/arm-none-eabi/4.9.3/../../../../arm-none-eabi/lib/armv7-m\libc.a(lib_a-wctomb_r.o)
 .ARM.attributes
                0x00000a6d       0x2d c:/program files (x86)/atmel/studio/7.0/toolchain/arm/arm-gnu-toolchain/bin/../lib/gcc/arm-none-eabi/4.9.3/../../../../arm-none-eabi/lib/armv7-m\libc.a(lib_a-writer.o)
 .ARM.attributes
                0x00000a9a       0x2d c:/program files (x86)/atmel/studio/7.0/toolchain/arm/arm-gnu-toolchain/bin/../lib/gcc/arm-none-eabi/4.9.3/../../../../arm-none-eabi/lib/armv7-m\libc.a(lib_a-__atexit.o)
 .ARM.attributes
                0x00000ac7       0x2d c:/program files (x86)/atmel/studio/7.0/toolchain/arm/arm-gnu-toolchain/bin/../lib/gcc/arm-none-eabi/4.9.3/../../../../arm-none-eabi/lib/armv7-m\libc.a(lib_a-closer.o)
 .ARM.attributes
                0x00000af4       0x2d c:/program files (x86)/atmel/studio/7.0/toolchain/arm/arm-gnu-toolchain/bin/../lib/gcc/arm-none-eabi/4.9.3/../../../../arm-none-eabi/lib/armv7-m\libc.a(lib_a-fclose.o)
 .ARM.attributes
                0x00000b21       0x2d c:/program files (x86)/atmel/studio/7.0/toolchain/arm/arm-gnu-toolchain/bin/../lib/gcc/arm-none-eabi/4.9.3/../../../../arm-none-eabi/lib/armv7-m\libc.a(lib_a-fstatr.o)
 .ARM.attributes
                0x00000b4e       0x2d c:/program files (x86)/atmel/studio/7.0/toolchain/arm/arm-gnu-toolchain/bin/../lib/gcc/arm-none-eabi/4.9.3/../../../../arm-none-eabi/lib/armv7-m\libc.a(lib_a-isattyr.o)
 .ARM.attributes
                0x00000b7b       0x2d c:/program files (x86)/atmel/studio/7.0/toolchain/arm/arm-gnu-toolchain/bin/../lib/gcc/arm-none-eabi/4.9.3/../../../../arm-none-eabi/lib/armv7-m\libc.a(lib_a-lseekr.o)
 .ARM.attributes
                0x00000ba8       0x2d c:/program files (x86)/atmel/studio/7.0/toolchain/arm/arm-gnu-toolchain/bin/../lib/gcc/arm-none-eabi/4.9.3/../../../../arm-none-eabi/lib/armv7-m\libc.a(lib_a-readr.o)
 .ARM.attributes
                0x00000bd5       0x2d c:/program files (x86)/atmel/studio/7.0/toolchain/arm/arm-gnu-toolchain/bin/../lib/gcc/arm-none-eabi/4.9.3/../../../../arm-none-eabi/lib/armv7-m\libc.a(lib_a-reent.o)
 .ARM.attributes
                0x00000c02       0x1d c:/program files (x86)/atmel/studio/7.0/toolchain/arm/arm-gnu-toolchain/bin/../lib/gcc/arm-none-eabi/4.9.3/armv7-m\libgcc.a(_aeabi_uldivmod.o)
 .ARM.attributes
                0x00000c1f       0x2d c:/program files (x86)/atmel/studio/7.0/toolchain/arm/arm-gnu-toolchain/bin/../lib/gcc/arm-none-eabi/4.9.3/armv7-m\libgcc.a(bpabi.o)
 .ARM.attributes
                0x00000c4c       0x1d c:/program files (x86)/atmel/studio/7.0/toolchain/arm/arm-gnu-toolchain/bin/../lib/gcc/arm-none-eabi/4.9.3/armv7-m\libgcc.a(_dvmd_tls.o)
 .ARM.attributes
                0x00000c69       0x2d c:/program files (x86)/atmel/studio/7.0/toolchain/arm/arm-gnu-toolchain/bin/../lib/gcc/arm-none-eabi/4.9.3/armv7-m\libgcc.a(_divdi3.o)
 .ARM.attributes
                0x00000c96       0x2d c:/program files (x86)/atmel/studio/7.0/toolchain/arm/arm-gnu-toolchain/bin/../lib/gcc/arm-none-eabi/4.9.3/armv7-m\libgcc.a(_udivdi3.o)
 .ARM.attributes
                0x00000cc3       0x1d c:/program files (x86)/atmel/studio/7.0/toolchain/arm/arm-gnu-toolchain/bin/../lib/gcc/arm-none-eabi/4.9.3/armv7-m/crtn.o

.comment        0x00000000       0xb6
 .comment       0x00000000       0x5b src/ADCCustom.o
                                 0x5c (size before relaxing)
 .comment       0x00000000       0x5c src/ASF/common/utils/stdio/read.o
 .comment       0x00000000       0x5c src/ASF/sam/drivers/adc/adc.o
 .comment       0x00000000       0x5c src/ASF/sam/drivers/usart/usart.o
 .comment       0x00000000       0x5c src/global_variables.o
 .comment       0x00000000       0x5c src/PWMCustom.o
 .comment       0x00000000       0x5c src/UARTFunctions.o
 .comment       0x00000000       0x5c src/ASF/thirdparty/freertos/freertos-7.3.0/source/list.o
 .comment       0x00000000       0x5c src/ASF/thirdparty/freertos/freertos-7.3.0/source/portable/gcc/sam/port.o
 .comment       0x00000000       0x5c src/ASF/thirdparty/freertos/freertos-7.3.0/source/tasks.o
 .comment       0x00000000       0x5c src/ASF/common/utils/stdio/write.o
 .comment       0x00000000       0x5c src/ASF/sam/drivers/pwm/pwm.o
 .comment       0x00000000       0x5c src/ASF/sam/drivers/uart/uart.o
 .comment       0x00000000       0x5c src/ASF/common/services/clock/sam3x/sysclk.o
 .comment       0x00000000       0x5c src/ASF/sam/boards/arduino_due_x/init.o
 .comment       0x00000000       0x5c src/ASF/sam/drivers/pio/pio.o
 .comment       0x00000000       0x5c src/ASF/sam/drivers/pio/pio_handler.o
 .comment       0x00000000       0x5c src/ASF/sam/drivers/pmc/pmc.o
 .comment       0x00000000       0x5c src/ASF/sam/utils/cmsis/sam3x/source/templates/exceptions.o
 .comment       0x00000000       0x5c src/ASF/sam/utils/cmsis/sam3x/source/templates/gcc/startup_sam3x.o
 .comment       0x00000000       0x5c src/ASF/sam/utils/cmsis/sam3x/source/templates/system_sam3x.o
 .comment       0x00000000       0x5c src/ASF/sam/utils/syscalls/gcc/syscalls.o
 .comment       0x0000005b       0x5b src/main.o
                                 0x5c (size before relaxing)

.debug_info     0x00000000    0x11638
 .debug_info    0x00000000      0xf17 src/ADCCustom.o
 .debug_info    0x00000f17      0x1bb src/ASF/common/utils/stdio/read.o
 .debug_info    0x000010d2     0x1196 src/ASF/sam/drivers/adc/adc.o
 .debug_info    0x00002268     0x1bfa src/ASF/sam/drivers/usart/usart.o
 .debug_info    0x00003e62      0xde9 src/global_variables.o
 .debug_info    0x00004c4b     0x1260 src/PWMCustom.o
 .debug_info    0x00005eab     0x1ca1 src/UARTFunctions.o
 .debug_info    0x00007b4c      0x2b7 src/ASF/thirdparty/freertos/freertos-7.3.0/source/list.o
 .debug_info    0x00007e03      0x3a0 src/ASF/thirdparty/freertos/freertos-7.3.0/source/portable/gcc/sam/port.o
 .debug_info    0x000081a3     0x178e src/ASF/thirdparty/freertos/freertos-7.3.0/source/tasks.o
 .debug_info    0x00009931      0x1c0 src/ASF/common/utils/stdio/write.o
 .debug_info    0x00009af1     0x157e src/ASF/sam/drivers/pwm/pwm.o
 .debug_info    0x0000b06f      0x889 src/ASF/sam/drivers/uart/uart.o
 .debug_info    0x0000b8f8      0x796 src/ASF/common/services/clock/sam3x/sysclk.o
 .debug_info    0x0000c08e      0x7c3 src/ASF/sam/boards/arduino_due_x/init.o
 .debug_info    0x0000c851     0x1385 src/ASF/sam/drivers/pio/pio.o
 .debug_info    0x0000dbd6      0xe52 src/ASF/sam/drivers/pio/pio_handler.o
 .debug_info    0x0000ea28     0x1080 src/ASF/sam/drivers/pmc/pmc.o
 .debug_info    0x0000faa8      0x124 src/ASF/sam/utils/cmsis/sam3x/source/templates/exceptions.o
 .debug_info    0x0000fbcc      0x3bd src/ASF/sam/utils/cmsis/sam3x/source/templates/gcc/startup_sam3x.o
 .debug_info    0x0000ff89      0x4c6 src/ASF/sam/utils/cmsis/sam3x/source/templates/system_sam3x.o
 .debug_info    0x0001044f      0x43f src/ASF/sam/utils/syscalls/gcc/syscalls.o
 .debug_info    0x0001088e      0xdaa src/main.o

.debug_abbrev   0x00000000     0x2d2c
 .debug_abbrev  0x00000000      0x24f src/ADCCustom.o
 .debug_abbrev  0x0000024f      0x101 src/ASF/common/utils/stdio/read.o
 .debug_abbrev  0x00000350      0x235 src/ASF/sam/drivers/adc/adc.o
 .debug_abbrev  0x00000585      0x325 src/ASF/sam/drivers/usart/usart.o
 .debug_abbrev  0x000008aa      0x1ba src/global_variables.o
 .debug_abbrev  0x00000a64      0x221 src/PWMCustom.o
 .debug_abbrev  0x00000c85      0x418 src/UARTFunctions.o
 .debug_abbrev  0x0000109d       0xfb src/ASF/thirdparty/freertos/freertos-7.3.0/source/list.o
 .debug_abbrev  0x00001198      0x246 src/ASF/thirdparty/freertos/freertos-7.3.0/source/portable/gcc/sam/port.o
 .debug_abbrev  0x000013de      0x2e0 src/ASF/thirdparty/freertos/freertos-7.3.0/source/tasks.o
 .debug_abbrev  0x000016be       0xf5 src/ASF/common/utils/stdio/write.o
 .debug_abbrev  0x000017b3      0x231 src/ASF/sam/drivers/pwm/pwm.o
 .debug_abbrev  0x000019e4      0x1bd src/ASF/sam/drivers/uart/uart.o
 .debug_abbrev  0x00001ba1      0x227 src/ASF/common/services/clock/sam3x/sysclk.o
 .debug_abbrev  0x00001dc8      0x16f src/ASF/sam/boards/arduino_due_x/init.o
 .debug_abbrev  0x00001f37      0x2d5 src/ASF/sam/drivers/pio/pio.o
 .debug_abbrev  0x0000220c      0x257 src/ASF/sam/drivers/pio/pio_handler.o
 .debug_abbrev  0x00002463      0x268 src/ASF/sam/drivers/pmc/pmc.o
 .debug_abbrev  0x000026cb       0x8c src/ASF/sam/utils/cmsis/sam3x/source/templates/exceptions.o
 .debug_abbrev  0x00002757      0x118 src/ASF/sam/utils/cmsis/sam3x/source/templates/gcc/startup_sam3x.o
 .debug_abbrev  0x0000286f      0x115 src/ASF/sam/utils/cmsis/sam3x/source/templates/system_sam3x.o
 .debug_abbrev  0x00002984      0x14e src/ASF/sam/utils/syscalls/gcc/syscalls.o
 .debug_abbrev  0x00002ad2      0x25a src/main.o

.debug_loc      0x00000000     0x68b1
 .debug_loc     0x00000000       0x40 src/ADCCustom.o
 .debug_loc     0x00000040       0xc5 src/ASF/common/utils/stdio/read.o
 .debug_loc     0x00000105      0x980 src/ASF/sam/drivers/adc/adc.o
 .debug_loc     0x00000a85     0x128d src/ASF/sam/drivers/usart/usart.o
 .debug_loc     0x00001d12       0x78 src/PWMCustom.o
 .debug_loc     0x00001d8a      0x407 src/UARTFunctions.o
 .debug_loc     0x00002191       0x91 src/ASF/thirdparty/freertos/freertos-7.3.0/source/list.o
 .debug_loc     0x00002222      0x100 src/ASF/thirdparty/freertos/freertos-7.3.0/source/portable/gcc/sam/port.o
 .debug_loc     0x00002322     0x1545 src/ASF/thirdparty/freertos/freertos-7.3.0/source/tasks.o
 .debug_loc     0x00003867      0x161 src/ASF/common/utils/stdio/write.o
 .debug_loc     0x000039c8      0xd48 src/ASF/sam/drivers/pwm/pwm.o
 .debug_loc     0x00004710      0x236 src/ASF/sam/drivers/uart/uart.o
 .debug_loc     0x00004946      0x12d src/ASF/common/services/clock/sam3x/sysclk.o
 .debug_loc     0x00004a73       0x20 src/ASF/sam/boards/arduino_due_x/init.o
 .debug_loc     0x00004a93      0xa83 src/ASF/sam/drivers/pio/pio.o
 .debug_loc     0x00005516      0x53d src/ASF/sam/drivers/pio/pio_handler.o
 .debug_loc     0x00005a53      0xc95 src/ASF/sam/drivers/pmc/pmc.o
 .debug_loc     0x000066e8       0x7e src/ASF/sam/utils/cmsis/sam3x/source/templates/gcc/startup_sam3x.o
 .debug_loc     0x00006766      0x12b src/ASF/sam/utils/syscalls/gcc/syscalls.o
 .debug_loc     0x00006891       0x20 src/main.o

.debug_aranges  0x00000000      0xe40
 .debug_aranges
                0x00000000       0x28 src/ADCCustom.o
 .debug_aranges
                0x00000028       0x20 src/ASF/common/utils/stdio/read.o
 .debug_aranges
                0x00000048      0x178 src/ASF/sam/drivers/adc/adc.o
 .debug_aranges
                0x000001c0      0x2a8 src/ASF/sam/drivers/usart/usart.o
 .debug_aranges
                0x00000468       0x18 src/global_variables.o
 .debug_aranges
                0x00000480       0x28 src/PWMCustom.o
 .debug_aranges
                0x000004a8       0x58 src/UARTFunctions.o
 .debug_aranges
                0x00000500       0x40 src/ASF/thirdparty/freertos/freertos-7.3.0/source/list.o
 .debug_aranges
                0x00000540       0x80 src/ASF/thirdparty/freertos/freertos-7.3.0/source/portable/gcc/sam/port.o
 .debug_aranges
                0x000005c0      0x130 src/ASF/thirdparty/freertos/freertos-7.3.0/source/tasks.o
 .debug_aranges
                0x000006f0       0x20 src/ASF/common/utils/stdio/write.o
 .debug_aranges
                0x00000710      0x158 src/ASF/sam/drivers/pwm/pwm.o
 .debug_aranges
                0x00000868       0xe8 src/ASF/sam/drivers/uart/uart.o
 .debug_aranges
                0x00000950       0x40 src/ASF/common/services/clock/sam3x/sysclk.o
 .debug_aranges
                0x00000990       0x20 src/ASF/sam/boards/arduino_due_x/init.o
 .debug_aranges
                0x000009b0      0x148 src/ASF/sam/drivers/pio/pio.o
 .debug_aranges
                0x00000af8       0x58 src/ASF/sam/drivers/pio/pio_handler.o
 .debug_aranges
                0x00000b50      0x200 src/ASF/sam/drivers/pmc/pmc.o
 .debug_aranges
                0x00000d50       0x20 src/ASF/sam/utils/cmsis/sam3x/source/templates/exceptions.o
 .debug_aranges
                0x00000d70       0x20 src/ASF/sam/utils/cmsis/sam3x/source/templates/gcc/startup_sam3x.o
 .debug_aranges
                0x00000d90       0x30 src/ASF/sam/utils/cmsis/sam3x/source/templates/system_sam3x.o
 .debug_aranges
                0x00000dc0       0x60 src/ASF/sam/utils/syscalls/gcc/syscalls.o
 .debug_aranges
                0x00000e20       0x20 src/main.o

.debug_ranges   0x00000000      0xd10
 .debug_ranges  0x00000000       0x18 src/ADCCustom.o
 .debug_ranges  0x00000018       0x10 src/ASF/common/utils/stdio/read.o
 .debug_ranges  0x00000028      0x168 src/ASF/sam/drivers/adc/adc.o
 .debug_ranges  0x00000190      0x298 src/ASF/sam/drivers/usart/usart.o
 .debug_ranges  0x00000428       0x18 src/PWMCustom.o
 .debug_ranges  0x00000440       0x48 src/UARTFunctions.o
 .debug_ranges  0x00000488       0x30 src/ASF/thirdparty/freertos/freertos-7.3.0/source/list.o
 .debug_ranges  0x000004b8       0x70 src/ASF/thirdparty/freertos/freertos-7.3.0/source/portable/gcc/sam/port.o
 .debug_ranges  0x00000528      0x168 src/ASF/thirdparty/freertos/freertos-7.3.0/source/tasks.o
 .debug_ranges  0x00000690       0x10 src/ASF/common/utils/stdio/write.o
 .debug_ranges  0x000006a0      0x148 src/ASF/sam/drivers/pwm/pwm.o
 .debug_ranges  0x000007e8       0xd8 src/ASF/sam/drivers/uart/uart.o
 .debug_ranges  0x000008c0       0x30 src/ASF/common/services/clock/sam3x/sysclk.o
 .debug_ranges  0x000008f0       0x10 src/ASF/sam/boards/arduino_due_x/init.o
 .debug_ranges  0x00000900      0x138 src/ASF/sam/drivers/pio/pio.o
 .debug_ranges  0x00000a38       0x48 src/ASF/sam/drivers/pio/pio_handler.o
 .debug_ranges  0x00000a80      0x1f0 src/ASF/sam/drivers/pmc/pmc.o
 .debug_ranges  0x00000c70       0x10 src/ASF/sam/utils/cmsis/sam3x/source/templates/exceptions.o
 .debug_ranges  0x00000c80       0x10 src/ASF/sam/utils/cmsis/sam3x/source/templates/gcc/startup_sam3x.o
 .debug_ranges  0x00000c90       0x20 src/ASF/sam/utils/cmsis/sam3x/source/templates/system_sam3x.o
 .debug_ranges  0x00000cb0       0x50 src/ASF/sam/utils/syscalls/gcc/syscalls.o
 .debug_ranges  0x00000d00       0x10 src/main.o

.debug_macro    0x00000000    0x19f67
 .debug_macro   0x00000000      0x6d9 src/ADCCustom.o
 .debug_macro   0x000006d9      0x87a src/ADCCustom.o
 .debug_macro   0x00000f53      0x166 src/ADCCustom.o
 .debug_macro   0x000010b9      0x636 src/ADCCustom.o
 .debug_macro   0x000016ef       0x76 src/ADCCustom.o
 .debug_macro   0x00001765       0x16 src/ADCCustom.o
 .debug_macro   0x0000177b      0x6e4 src/ADCCustom.o
 .debug_macro   0x00001e5f       0x16 src/ADCCustom.o
 .debug_macro   0x00001e75       0x44 src/ADCCustom.o
 .debug_macro   0x00001eb9      0x209 src/ADCCustom.o
 .debug_macro   0x000020c2       0x20 src/ADCCustom.o
 .debug_macro   0x000020e2       0x3a src/ADCCustom.o
 .debug_macro   0x0000211c       0x2d src/ADCCustom.o
 .debug_macro   0x00002149      0xbb1 src/ADCCustom.o
 .debug_macro   0x00002cfa      0xab6 src/ADCCustom.o
 .debug_macro   0x000037b0      0x569 src/ADCCustom.o
 .debug_macro   0x00003d19      0x2b5 src/ADCCustom.o
 .debug_macro   0x00003fce      0x31a src/ADCCustom.o
 .debug_macro   0x000042e8      0x74f src/ADCCustom.o
 .debug_macro   0x00004a37       0x82 src/ADCCustom.o
 .debug_macro   0x00004ab9      0x57b src/ADCCustom.o
 .debug_macro   0x00005034       0x1c src/ADCCustom.o
 .debug_macro   0x00005050      0x6b7 src/ADCCustom.o
 .debug_macro   0x00005707      0x52d src/ADCCustom.o
 .debug_macro   0x00005c34       0xbe src/ADCCustom.o
 .debug_macro   0x00005cf2     0x2342 src/ADCCustom.o
 .debug_macro   0x00008034      0x85d src/ADCCustom.o
 .debug_macro   0x00008891      0xdc9 src/ADCCustom.o
 .debug_macro   0x0000965a       0x7c src/ADCCustom.o
 .debug_macro   0x000096d6      0x263 src/ADCCustom.o
 .debug_macro   0x00009939       0x58 src/ADCCustom.o
 .debug_macro   0x00009991      0x9a7 src/ADCCustom.o
 .debug_macro   0x0000a338      0x248 src/ADCCustom.o
 .debug_macro   0x0000a580      0x4df src/ADCCustom.o
 .debug_macro   0x0000aa5f      0x6b3 src/ADCCustom.o
 .debug_macro   0x0000b112      0x59f src/ADCCustom.o
 .debug_macro   0x0000b6b1       0x46 src/ADCCustom.o
 .debug_macro   0x0000b6f7      0x34d src/ADCCustom.o
 .debug_macro   0x0000ba44      0x28c src/ADCCustom.o
 .debug_macro   0x0000bcd0     0x14d7 src/ADCCustom.o
 .debug_macro   0x0000d1a7      0x7ba src/ADCCustom.o
 .debug_macro   0x0000d961       0x76 src/ADCCustom.o
 .debug_macro   0x0000d9d7       0x82 src/ADCCustom.o
 .debug_macro   0x0000da59       0x76 src/ADCCustom.o
 .debug_macro   0x0000dacf       0x4c src/ADCCustom.o
 .debug_macro   0x0000db1b      0x105 src/ADCCustom.o
 .debug_macro   0x0000dc20      0x105 src/ADCCustom.o
 .debug_macro   0x0000dd25      0x105 src/ADCCustom.o
 .debug_macro   0x0000de2a       0x88 src/ADCCustom.o
 .debug_macro   0x0000deb2       0x88 src/ADCCustom.o
 .debug_macro   0x0000df3a      0x3b4 src/ADCCustom.o
 .debug_macro   0x0000e2ee       0xb8 src/ADCCustom.o
 .debug_macro   0x0000e3a6       0xb8 src/ADCCustom.o
 .debug_macro   0x0000e45e       0xb8 src/ADCCustom.o
 .debug_macro   0x0000e516       0xb8 src/ADCCustom.o
 .debug_macro   0x0000e5ce      0x2b8 src/ADCCustom.o
 .debug_macro   0x0000e886      0x125 src/ADCCustom.o
 .debug_macro   0x0000e9ab      0x225 src/ADCCustom.o
 .debug_macro   0x0000ebd0      0x225 src/ADCCustom.o
 .debug_macro   0x0000edf5       0x2e src/ADCCustom.o
 .debug_macro   0x0000ee23       0xac src/ADCCustom.o
 .debug_macro   0x0000eecf      0x14d src/ADCCustom.o
 .debug_macro   0x0000f01c       0x7c src/ADCCustom.o
 .debug_macro   0x0000f098      0x205 src/ADCCustom.o
 .debug_macro   0x0000f29d       0x64 src/ADCCustom.o
 .debug_macro   0x0000f301       0xa6 src/ADCCustom.o
 .debug_macro   0x0000f3a7       0x7c src/ADCCustom.o
 .debug_macro   0x0000f423       0x16 src/ADCCustom.o
 .debug_macro   0x0000f439       0x22 src/ADCCustom.o
 .debug_macro   0x0000f45b       0x22 src/ADCCustom.o
 .debug_macro   0x0000f47d      0x115 src/ADCCustom.o
 .debug_macro   0x0000f592      0x115 src/ADCCustom.o
 .debug_macro   0x0000f6a7      0x115 src/ADCCustom.o
 .debug_macro   0x0000f7bc      0x115 src/ADCCustom.o
 .debug_macro   0x0000f8d1       0x1c src/ADCCustom.o
 .debug_macro   0x0000f8ed       0x2e src/ADCCustom.o
 .debug_macro   0x0000f91b       0x22 src/ADCCustom.o
 .debug_macro   0x0000f93d       0x1c src/ADCCustom.o
 .debug_macro   0x0000f959       0x58 src/ADCCustom.o
 .debug_macro   0x0000f9b1       0x10 src/ADCCustom.o
 .debug_macro   0x0000f9c1      0x273 src/ADCCustom.o
 .debug_macro   0x0000fc34      0xd43 src/ADCCustom.o
 .debug_macro   0x00010977      0x131 src/ADCCustom.o
 .debug_macro   0x00010aa8       0x58 src/ADCCustom.o
 .debug_macro   0x00010b00       0x35 src/ADCCustom.o
 .debug_macro   0x00010b35       0xa3 src/ADCCustom.o
 .debug_macro   0x00010bd8       0x16 src/ADCCustom.o
 .debug_macro   0x00010bee       0x35 src/ADCCustom.o
 .debug_macro   0x00010c23       0x10 src/ADCCustom.o
 .debug_macro   0x00010c33       0x52 src/ADCCustom.o
 .debug_macro   0x00010c85       0x16 src/ADCCustom.o
 .debug_macro   0x00010c9b       0x43 src/ADCCustom.o
 .debug_macro   0x00010cde      0x180 src/ADCCustom.o
 .debug_macro   0x00010e5e       0x10 src/ADCCustom.o
 .debug_macro   0x00010e6e       0x22 src/ADCCustom.o
 .debug_macro   0x00010e90       0xbd src/ADCCustom.o
 .debug_macro   0x00010f4d       0x16 src/ADCCustom.o
 .debug_macro   0x00010f63      0x16c src/ADCCustom.o
 .debug_macro   0x000110cf       0x22 src/ADCCustom.o
 .debug_macro   0x000110f1       0x16 src/ADCCustom.o
 .debug_macro   0x00011107       0x16 src/ADCCustom.o
 .debug_macro   0x0001111d       0x29 src/ADCCustom.o
 .debug_macro   0x00011146       0x6e src/ADCCustom.o
 .debug_macro   0x000111b4       0x45 src/ADCCustom.o
 .debug_macro   0x000111f9      0x3ca src/ADCCustom.o
 .debug_macro   0x000115c3       0x1c src/ADCCustom.o
 .debug_macro   0x000115df       0x34 src/ADCCustom.o
 .debug_macro   0x00011613      0x28e src/ADCCustom.o
 .debug_macro   0x000118a1      0x790 src/ADCCustom.o
 .debug_macro   0x00012031       0x5e src/ADCCustom.o
 .debug_macro   0x0001208f       0x64 src/ADCCustom.o
 .debug_macro   0x000120f3       0x5f src/ADCCustom.o
 .debug_macro   0x00012152       0x90 src/ADCCustom.o
 .debug_macro   0x000121e2       0x28 src/ADCCustom.o
 .debug_macro   0x0001220a       0x23 src/ADCCustom.o
 .debug_macro   0x0001222d       0x46 src/ADCCustom.o
 .debug_macro   0x00012273      0x100 src/ADCCustom.o
 .debug_macro   0x00012373       0x99 src/ADCCustom.o
 .debug_macro   0x0001240c       0x12 src/ADCCustom.o
 .debug_macro   0x0001241e       0x1f src/ADCCustom.o
 .debug_macro   0x0001243d      0x1e7 src/ADCCustom.o
 .debug_macro   0x00012624       0x10 src/ADCCustom.o
 .debug_macro   0x00012634       0x16 src/ADCCustom.o
 .debug_macro   0x0001264a       0x5e src/ADCCustom.o
 .debug_macro   0x000126a8       0x43 src/ADCCustom.o
 .debug_macro   0x000126eb       0x96 src/ADCCustom.o
 .debug_macro   0x00012781       0x77 src/ADCCustom.o
 .debug_macro   0x000127f8       0x5d src/ADCCustom.o
 .debug_macro   0x00012855       0x5b src/ADCCustom.o
 .debug_macro   0x000128b0       0x94 src/ADCCustom.o
 .debug_macro   0x00012944       0x40 src/ADCCustom.o
 .debug_macro   0x00012984       0x70 src/ADCCustom.o
 .debug_macro   0x000129f4       0x34 src/ADCCustom.o
 .debug_macro   0x00012a28       0x10 src/ADCCustom.o
 .debug_macro   0x00012a38       0x1c src/ADCCustom.o
 .debug_macro   0x00012a54       0x2e src/ADCCustom.o
 .debug_macro   0x00012a82       0x1c src/ADCCustom.o
 .debug_macro   0x00012a9e      0x4a9 src/ASF/common/utils/stdio/read.o
 .debug_macro   0x00012f47      0x4c9 src/ASF/sam/drivers/adc/adc.o
 .debug_macro   0x00013410      0x4f4 src/ASF/sam/drivers/usart/usart.o
 .debug_macro   0x00013904       0x28 src/ASF/sam/drivers/usart/usart.o
 .debug_macro   0x0001392c      0x6da src/global_variables.o
 .debug_macro   0x00014006      0x6e5 src/PWMCustom.o
 .debug_macro   0x000146eb      0x6e6 src/UARTFunctions.o
 .debug_macro   0x00014dd1      0x13f src/ASF/thirdparty/freertos/freertos-7.3.0/source/list.o
 .debug_macro   0x00014f10      0x10e src/ASF/thirdparty/freertos/freertos-7.3.0/source/list.o
 .debug_macro   0x0001501e       0x7f src/ASF/thirdparty/freertos/freertos-7.3.0/source/list.o
 .debug_macro   0x0001509d       0xfa src/ASF/thirdparty/freertos/freertos-7.3.0/source/list.o
 .debug_macro   0x00015197      0x5ef src/ASF/thirdparty/freertos/freertos-7.3.0/source/portable/gcc/sam/port.o
 .debug_macro   0x00015786       0x26 src/ASF/thirdparty/freertos/freertos-7.3.0/source/portable/gcc/sam/port.o
 .debug_macro   0x000157ac      0x288 src/ASF/thirdparty/freertos/freertos-7.3.0/source/portable/gcc/sam/port.o
 .debug_macro   0x00015a34      0x255 src/ASF/thirdparty/freertos/freertos-7.3.0/source/tasks.o
 .debug_macro   0x00015c89       0x97 src/ASF/thirdparty/freertos/freertos-7.3.0/source/tasks.o
 .debug_macro   0x00015d20       0xef src/ASF/thirdparty/freertos/freertos-7.3.0/source/tasks.o
 .debug_macro   0x00015e0f      0x4a9 src/ASF/common/utils/stdio/write.o
 .debug_macro   0x000162b8      0x4dd src/ASF/sam/drivers/pwm/pwm.o
 .debug_macro   0x00016795      0x4b8 src/ASF/sam/drivers/uart/uart.o
 .debug_macro   0x00016c4d       0x16 src/ASF/sam/drivers/uart/uart.o
 .debug_macro   0x00016c63      0x529 src/ASF/common/services/clock/sam3x/sysclk.o
 .debug_macro   0x0001718c      0x568 src/ASF/sam/boards/arduino_due_x/init.o
 .debug_macro   0x000176f4       0x22 src/ASF/sam/boards/arduino_due_x/init.o
 .debug_macro   0x00017716       0x6a src/ASF/sam/boards/arduino_due_x/init.o
 .debug_macro   0x00017780      0x4c4 src/ASF/sam/drivers/pio/pio.o
 .debug_macro   0x00017c44       0x8e src/ASF/sam/drivers/pio/pio.o
 .debug_macro   0x00017cd2      0x4c8 src/ASF/sam/drivers/pio/pio_handler.o
 .debug_macro   0x0001819a      0x4be src/ASF/sam/drivers/pmc/pmc.o
 .debug_macro   0x00018658       0x58 src/ASF/sam/drivers/pmc/pmc.o
 .debug_macro   0x000186b0      0x4bd src/ASF/sam/utils/cmsis/sam3x/source/templates/exceptions.o
 .debug_macro   0x00018b6d      0x4cb src/ASF/sam/utils/cmsis/sam3x/source/templates/gcc/startup_sam3x.o
 .debug_macro   0x00019038      0x4cb src/ASF/sam/utils/cmsis/sam3x/source/templates/system_sam3x.o
 .debug_macro   0x00019503      0x129 src/ASF/sam/utils/syscalls/gcc/syscalls.o
 .debug_macro   0x0001962c       0x52 src/ASF/sam/utils/syscalls/gcc/syscalls.o
 .debug_macro   0x0001967e       0x16 src/ASF/sam/utils/syscalls/gcc/syscalls.o
 .debug_macro   0x00019694       0x10 src/ASF/sam/utils/syscalls/gcc/syscalls.o
 .debug_macro   0x000196a4       0x41 src/ASF/sam/utils/syscalls/gcc/syscalls.o
 .debug_macro   0x000196e5      0x120 src/ASF/sam/utils/syscalls/gcc/syscalls.o
 .debug_macro   0x00019805      0x762 src/main.o

.debug_line     0x00000000    0x1281e
 .debug_line    0x00000000     0x104d src/ADCCustom.o
 .debug_line    0x0000104d      0xad9 src/ASF/common/utils/stdio/read.o
 .debug_line    0x00001b26      0xe60 src/ASF/sam/drivers/adc/adc.o
 .debug_line    0x00002986     0x11a9 src/ASF/sam/drivers/usart/usart.o
 .debug_line    0x00003b2f     0x102c src/global_variables.o
 .debug_line    0x00004b5b     0x1060 src/PWMCustom.o
 .debug_line    0x00005bbb     0x11c8 src/UARTFunctions.o
 .debug_line    0x00006d83      0x467 src/ASF/thirdparty/freertos/freertos-7.3.0/source/list.o
 .debug_line    0x000071ea      0xdcd src/ASF/thirdparty/freertos/freertos-7.3.0/source/portable/gcc/sam/port.o
 .debug_line    0x00007fb7      0xa28 src/ASF/thirdparty/freertos/freertos-7.3.0/source/tasks.o
 .debug_line    0x000089df      0xacf src/ASF/common/utils/stdio/write.o
 .debug_line    0x000094ae      0xe5d src/ASF/sam/drivers/pwm/pwm.o
 .debug_line    0x0000a30b      0xc8f src/ASF/sam/drivers/uart/uart.o
 .debug_line    0x0000af9a      0xc48 src/ASF/common/services/clock/sam3x/sysclk.o
 .debug_line    0x0000bbe2      0xce5 src/ASF/sam/boards/arduino_due_x/init.o
 .debug_line    0x0000c8c7      0xe42 src/ASF/sam/drivers/pio/pio.o
 .debug_line    0x0000d709      0xb8d src/ASF/sam/drivers/pio/pio_handler.o
 .debug_line    0x0000e296     0x1047 src/ASF/sam/drivers/pmc/pmc.o
 .debug_line    0x0000f2dd      0xab5 src/ASF/sam/utils/cmsis/sam3x/source/templates/exceptions.o
 .debug_line    0x0000fd92      0xb05 src/ASF/sam/utils/cmsis/sam3x/source/templates/gcc/startup_sam3x.o
 .debug_line    0x00010897      0xb22 src/ASF/sam/utils/cmsis/sam3x/source/templates/system_sam3x.o
 .debug_line    0x000113b9      0x39b src/ASF/sam/utils/syscalls/gcc/syscalls.o
 .debug_line    0x00011754     0x10ca src/main.o

.debug_str      0x00000000    0x69c93
 .debug_str     0x00000000    0x62a20 src/ADCCustom.o
                              0x62dc3 (size before relaxing)
 .debug_str     0x00062a20       0x2c src/ASF/common/utils/stdio/read.o
                              0x5a478 (size before relaxing)
 .debug_str     0x00062a4c      0x78f src/ASF/sam/drivers/adc/adc.o
                              0x5af4b (size before relaxing)
 .debug_str     0x000631db      0xb25 src/ASF/sam/drivers/usart/usart.o
                              0x5b0ef (size before relaxing)
 .debug_str     0x00063d00      0x32a src/global_variables.o
                              0x62d7a (size before relaxing)
 .debug_str     0x0006402a      0x29d src/PWMCustom.o
                              0x62fd2 (size before relaxing)
 .debug_str     0x000642c7      0x505 src/UARTFunctions.o
                              0x634b5 (size before relaxing)
 .debug_str     0x000647cc      0x172 src/ASF/thirdparty/freertos/freertos-7.3.0/source/list.o
                               0x61cb (size before relaxing)
 .debug_str     0x0006493e      0x558 src/ASF/thirdparty/freertos/freertos-7.3.0/source/portable/gcc/sam/port.o
                              0x60370 (size before relaxing)
 .debug_str     0x00064e96     0x1e48 src/ASF/thirdparty/freertos/freertos-7.3.0/source/tasks.o
                               0x93bb (size before relaxing)
 .debug_str     0x00066cde       0x26 src/ASF/common/utils/stdio/write.o
                              0x5a47a (size before relaxing)
 .debug_str     0x00066d04      0x7df src/ASF/sam/drivers/pwm/pwm.o
                              0x5b170 (size before relaxing)
 .debug_str     0x000674e3      0x1f8 src/ASF/sam/drivers/uart/uart.o
                              0x5a83e (size before relaxing)
 .debug_str     0x000676db      0x233 src/ASF/common/services/clock/sam3x/sysclk.o
                              0x5e345 (size before relaxing)
 .debug_str     0x0006790e       0xd5 src/ASF/sam/boards/arduino_due_x/init.o
                              0x5eb24 (size before relaxing)
 .debug_str     0x000679e3      0x428 src/ASF/sam/drivers/pio/pio.o
                              0x5ae1d (size before relaxing)
 .debug_str     0x00067e0b      0x44e src/ASF/sam/drivers/pio/pio_handler.o
                              0x5ae65 (size before relaxing)
 .debug_str     0x00068259      0x674 src/ASF/sam/drivers/pmc/pmc.o
                              0x5ae93 (size before relaxing)
 .debug_str     0x000688cd       0x4d src/ASF/sam/utils/cmsis/sam3x/source/templates/exceptions.o
                              0x5a492 (size before relaxing)
 .debug_str     0x0006891a       0xb2 src/ASF/sam/utils/cmsis/sam3x/source/templates/gcc/startup_sam3x.o
                              0x5a567 (size before relaxing)
 .debug_str     0x000689cc      0x1cd src/ASF/sam/utils/cmsis/sam3x/source/templates/system_sam3x.o
                              0x5a77a (size before relaxing)
 .debug_str     0x00068b99      0x72b src/ASF/sam/utils/syscalls/gcc/syscalls.o
                               0x4f2a (size before relaxing)
 .debug_str     0x000692c4      0x9cf src/main.o
                              0x64023 (size before relaxing)

.debug_frame    0x00000000     0x2af4
 .debug_frame   0x00000000       0x48 src/ADCCustom.o
 .debug_frame   0x00000048       0x30 src/ASF/common/utils/stdio/read.o
 .debug_frame   0x00000078      0x308 src/ASF/sam/drivers/adc/adc.o
 .debug_frame   0x00000380      0x5c8 src/ASF/sam/drivers/usart/usart.o
 .debug_frame   0x00000948       0x44 src/PWMCustom.o
 .debug_frame   0x0000098c       0xe4 src/UARTFunctions.o
 .debug_frame   0x00000a70       0x68 src/ASF/thirdparty/freertos/freertos-7.3.0/source/list.o
 .debug_frame   0x00000ad8      0x100 src/ASF/thirdparty/freertos/freertos-7.3.0/source/portable/gcc/sam/port.o
 .debug_frame   0x00000bd8      0x398 src/ASF/thirdparty/freertos/freertos-7.3.0/source/tasks.o
 .debug_frame   0x00000f70       0x30 src/ASF/common/utils/stdio/write.o
 .debug_frame   0x00000fa0      0x2f8 src/ASF/sam/drivers/pwm/pwm.o
 .debug_frame   0x00001298      0x1b8 src/ASF/sam/drivers/uart/uart.o
 .debug_frame   0x00001450       0x88 src/ASF/common/services/clock/sam3x/sysclk.o
 .debug_frame   0x000014d8       0x28 src/ASF/sam/boards/arduino_due_x/init.o
 .debug_frame   0x00001500      0x2a8 src/ASF/sam/drivers/pio/pio.o
 .debug_frame   0x000017a8       0xf8 src/ASF/sam/drivers/pio/pio_handler.o
 .debug_frame   0x000018a0      0x410 src/ASF/sam/drivers/pmc/pmc.o
 .debug_frame   0x00001cb0       0x20 src/ASF/sam/utils/cmsis/sam3x/source/templates/exceptions.o
 .debug_frame   0x00001cd0       0x28 src/ASF/sam/utils/cmsis/sam3x/source/templates/gcc/startup_sam3x.o
 .debug_frame   0x00001cf8       0x40 src/ASF/sam/utils/cmsis/sam3x/source/templates/system_sam3x.o
 .debug_frame   0x00001d38       0xa8 src/ASF/sam/utils/syscalls/gcc/syscalls.o
 .debug_frame   0x00001de0       0x30 src/main.o
 .debug_frame   0x00001e10       0x2c c:/program files (x86)/atmel/studio/7.0/toolchain/arm/arm-gnu-toolchain/bin/../lib/gcc/arm-none-eabi/4.9.3/../../../../arm-none-eabi/lib/armv7-m\libc.a(lib_a-init.o)
 .debug_frame   0x00001e3c       0x78 c:/program files (x86)/atmel/studio/7.0/toolchain/arm/arm-gnu-toolchain/bin/../lib/gcc/arm-none-eabi/4.9.3/../../../../arm-none-eabi/lib/armv7-m\libc.a(lib_a-iprintf.o)
 .debug_frame   0x00001eb4       0x34 c:/program files (x86)/atmel/studio/7.0/toolchain/arm/arm-gnu-toolchain/bin/../lib/gcc/arm-none-eabi/4.9.3/../../../../arm-none-eabi/lib/armv7-m\libc.a(lib_a-memset.o)
 .debug_frame   0x00001ee8       0x20 c:/program files (x86)/atmel/studio/7.0/toolchain/arm/arm-gnu-toolchain/bin/../lib/gcc/arm-none-eabi/4.9.3/../../../../arm-none-eabi/lib/armv7-m\libc.a(lib_a-setbuf.o)
 .debug_frame   0x00001f08       0x30 c:/program files (x86)/atmel/studio/7.0/toolchain/arm/arm-gnu-toolchain/bin/../lib/gcc/arm-none-eabi/4.9.3/../../../../arm-none-eabi/lib/armv7-m\libc.a(lib_a-setvbuf.o)
 .debug_frame   0x00001f38       0x20 c:/program files (x86)/atmel/studio/7.0/toolchain/arm/arm-gnu-toolchain/bin/../lib/gcc/arm-none-eabi/4.9.3/../../../../arm-none-eabi/lib/armv7-m\libc.a(lib_a-strlen.o)
 .debug_frame   0x00001f58       0xd8 c:/program files (x86)/atmel/studio/7.0/toolchain/arm/arm-gnu-toolchain/bin/../lib/gcc/arm-none-eabi/4.9.3/../../../../arm-none-eabi/lib/armv7-m\libc.a(lib_a-vfiprintf.o)
 .debug_frame   0x00002030       0x2c c:/program files (x86)/atmel/studio/7.0/toolchain/arm/arm-gnu-toolchain/bin/../lib/gcc/arm-none-eabi/4.9.3/../../../../arm-none-eabi/lib/armv7-m\libc.a(lib_a-wsetup.o)
 .debug_frame   0x0000205c       0x50 c:/program files (x86)/atmel/studio/7.0/toolchain/arm/arm-gnu-toolchain/bin/../lib/gcc/arm-none-eabi/4.9.3/../../../../arm-none-eabi/lib/armv7-m\libc.a(lib_a-__call_atexit.o)
 .debug_frame   0x000020ac       0x20 c:/program files (x86)/atmel/studio/7.0/toolchain/arm/arm-gnu-toolchain/bin/../lib/gcc/arm-none-eabi/4.9.3/../../../../arm-none-eabi/lib/armv7-m\libc.a(lib_a-atexit.o)
 .debug_frame   0x000020cc       0x6c c:/program files (x86)/atmel/studio/7.0/toolchain/arm/arm-gnu-toolchain/bin/../lib/gcc/arm-none-eabi/4.9.3/../../../../arm-none-eabi/lib/armv7-m\libc.a(lib_a-fflush.o)
 .debug_frame   0x00002138      0x124 c:/program files (x86)/atmel/studio/7.0/toolchain/arm/arm-gnu-toolchain/bin/../lib/gcc/arm-none-eabi/4.9.3/../../../../arm-none-eabi/lib/armv7-m\libc.a(lib_a-findfp.o)
 .debug_frame   0x0000225c       0x34 c:/program files (x86)/atmel/studio/7.0/toolchain/arm/arm-gnu-toolchain/bin/../lib/gcc/arm-none-eabi/4.9.3/../../../../arm-none-eabi/lib/armv7-m\libc.a(lib_a-fini.o)
 .debug_frame   0x00002290       0x84 c:/program files (x86)/atmel/studio/7.0/toolchain/arm/arm-gnu-toolchain/bin/../lib/gcc/arm-none-eabi/4.9.3/../../../../arm-none-eabi/lib/armv7-m\libc.a(lib_a-fputwc.o)
 .debug_frame   0x00002314       0x74 c:/program files (x86)/atmel/studio/7.0/toolchain/arm/arm-gnu-toolchain/bin/../lib/gcc/arm-none-eabi/4.9.3/../../../../arm-none-eabi/lib/armv7-m\libc.a(lib_a-freer.o)
 .debug_frame   0x00002388       0x68 c:/program files (x86)/atmel/studio/7.0/toolchain/arm/arm-gnu-toolchain/bin/../lib/gcc/arm-none-eabi/4.9.3/../../../../arm-none-eabi/lib/armv7-m\libc.a(lib_a-fvwrite.o)
 .debug_frame   0x000023f0       0x54 c:/program files (x86)/atmel/studio/7.0/toolchain/arm/arm-gnu-toolchain/bin/../lib/gcc/arm-none-eabi/4.9.3/../../../../arm-none-eabi/lib/armv7-m\libc.a(lib_a-fwalk.o)
 .debug_frame   0x00002444       0x9c c:/program files (x86)/atmel/studio/7.0/toolchain/arm/arm-gnu-toolchain/bin/../lib/gcc/arm-none-eabi/4.9.3/../../../../arm-none-eabi/lib/armv7-m\libc.a(lib_a-locale.o)
 .debug_frame   0x000024e0       0x48 c:/program files (x86)/atmel/studio/7.0/toolchain/arm/arm-gnu-toolchain/bin/../lib/gcc/arm-none-eabi/4.9.3/../../../../arm-none-eabi/lib/armv7-m\libc.a(lib_a-makebuf.o)
 .debug_frame   0x00002528       0x30 c:/program files (x86)/atmel/studio/7.0/toolchain/arm/arm-gnu-toolchain/bin/../lib/gcc/arm-none-eabi/4.9.3/../../../../arm-none-eabi/lib/armv7-m\libc.a(lib_a-malloc.o)
 .debug_frame   0x00002558       0x54 c:/program files (x86)/atmel/studio/7.0/toolchain/arm/arm-gnu-toolchain/bin/../lib/gcc/arm-none-eabi/4.9.3/../../../../arm-none-eabi/lib/armv7-m\libc.a(lib_a-mallocr.o)
 .debug_frame   0x000025ac       0x3c c:/program files (x86)/atmel/studio/7.0/toolchain/arm/arm-gnu-toolchain/bin/../lib/gcc/arm-none-eabi/4.9.3/../../../../arm-none-eabi/lib/armv7-m\libc.a(lib_a-memchr.o)
 .debug_frame   0x000025e8       0x30 c:/program files (x86)/atmel/studio/7.0/toolchain/arm/arm-gnu-toolchain/bin/../lib/gcc/arm-none-eabi/4.9.3/../../../../arm-none-eabi/lib/armv7-m\libc.a(lib_a-memmove.o)
 .debug_frame   0x00002618       0x30 c:/program files (x86)/atmel/studio/7.0/toolchain/arm/arm-gnu-toolchain/bin/../lib/gcc/arm-none-eabi/4.9.3/../../../../arm-none-eabi/lib/armv7-m\libc.a(lib_a-mlock.o)
 .debug_frame   0x00002648       0x58 c:/program files (x86)/atmel/studio/7.0/toolchain/arm/arm-gnu-toolchain/bin/../lib/gcc/arm-none-eabi/4.9.3/../../../../arm-none-eabi/lib/armv7-m\libc.a(lib_a-reallocr.o)
 .debug_frame   0x000026a0       0x2c c:/program files (x86)/atmel/studio/7.0/toolchain/arm/arm-gnu-toolchain/bin/../lib/gcc/arm-none-eabi/4.9.3/../../../../arm-none-eabi/lib/armv7-m\libc.a(lib_a-sbrkr.o)
 .debug_frame   0x000026cc       0x88 c:/program files (x86)/atmel/studio/7.0/toolchain/arm/arm-gnu-toolchain/bin/../lib/gcc/arm-none-eabi/4.9.3/../../../../arm-none-eabi/lib/armv7-m\libc.a(lib_a-stdio.o)
 .debug_frame   0x00002754       0x3c c:/program files (x86)/atmel/studio/7.0/toolchain/arm/arm-gnu-toolchain/bin/../lib/gcc/arm-none-eabi/4.9.3/../../../../arm-none-eabi/lib/armv7-m\libc.a(lib_a-wbuf.o)
 .debug_frame   0x00002790       0x60 c:/program files (x86)/atmel/studio/7.0/toolchain/arm/arm-gnu-toolchain/bin/../lib/gcc/arm-none-eabi/4.9.3/../../../../arm-none-eabi/lib/armv7-m\libc.a(lib_a-wcrtomb.o)
 .debug_frame   0x000027f0       0x48 c:/program files (x86)/atmel/studio/7.0/toolchain/arm/arm-gnu-toolchain/bin/../lib/gcc/arm-none-eabi/4.9.3/../../../../arm-none-eabi/lib/armv7-m\libc.a(lib_a-wctomb_r.o)
 .debug_frame   0x00002838       0x2c c:/program files (x86)/atmel/studio/7.0/toolchain/arm/arm-gnu-toolchain/bin/../lib/gcc/arm-none-eabi/4.9.3/../../../../arm-none-eabi/lib/armv7-m\libc.a(lib_a-writer.o)
 .debug_frame   0x00002864       0x34 c:/program files (x86)/atmel/studio/7.0/toolchain/arm/arm-gnu-toolchain/bin/../lib/gcc/arm-none-eabi/4.9.3/../../../../arm-none-eabi/lib/armv7-m\libc.a(lib_a-__atexit.o)
 .debug_frame   0x00002898       0x2c c:/program files (x86)/atmel/studio/7.0/toolchain/arm/arm-gnu-toolchain/bin/../lib/gcc/arm-none-eabi/4.9.3/../../../../arm-none-eabi/lib/armv7-m\libc.a(lib_a-closer.o)
 .debug_frame   0x000028c4       0x44 c:/program files (x86)/atmel/studio/7.0/toolchain/arm/arm-gnu-toolchain/bin/../lib/gcc/arm-none-eabi/4.9.3/../../../../arm-none-eabi/lib/armv7-m\libc.a(lib_a-fclose.o)
 .debug_frame   0x00002908       0x2c c:/program files (x86)/atmel/studio/7.0/toolchain/arm/arm-gnu-toolchain/bin/../lib/gcc/arm-none-eabi/4.9.3/../../../../arm-none-eabi/lib/armv7-m\libc.a(lib_a-fstatr.o)
 .debug_frame   0x00002934       0x2c c:/program files (x86)/atmel/studio/7.0/toolchain/arm/arm-gnu-toolchain/bin/../lib/gcc/arm-none-eabi/4.9.3/../../../../arm-none-eabi/lib/armv7-m\libc.a(lib_a-isattyr.o)
 .debug_frame   0x00002960       0x2c c:/program files (x86)/atmel/studio/7.0/toolchain/arm/arm-gnu-toolchain/bin/../lib/gcc/arm-none-eabi/4.9.3/../../../../arm-none-eabi/lib/armv7-m\libc.a(lib_a-lseekr.o)
 .debug_frame   0x0000298c       0x2c c:/program files (x86)/atmel/studio/7.0/toolchain/arm/arm-gnu-toolchain/bin/../lib/gcc/arm-none-eabi/4.9.3/../../../../arm-none-eabi/lib/armv7-m\libc.a(lib_a-readr.o)
 .debug_frame   0x000029b8       0x58 c:/program files (x86)/atmel/studio/7.0/toolchain/arm/arm-gnu-toolchain/bin/../lib/gcc/arm-none-eabi/4.9.3/../../../../arm-none-eabi/lib/armv7-m\libc.a(lib_a-reent.o)