Archive member included because of file (symbol)

c:/program files (x86)/atmel/studio/7.0/toolchain/arm/arm-gnu-toolchain/bin/../lib/gcc/arm-none-eabi/4.9.3/armv7-m\libgcc.a(_arm_addsubdf3.o)
                              src/PIDRegulation.o (__aeabi_dadd)
c:/program files (x86)/atmel/studio/7.0/toolchain/arm/arm-gnu-toolchain/bin/../lib/gcc/arm-none-eabi/4.9.3/armv7-m\libgcc.a(_arm_muldivdf3.o)
                              src/PIDRegulation.o (__aeabi_dmul)
c:/program files (x86)/atmel/studio/7.0/toolchain/arm/arm-gnu-toolchain/bin/../lib/gcc/arm-none-eabi/4.9.3/armv7-m\libgcc.a(_arm_cmpdf2.o)
                              src/PIDRegulation.o (__aeabi_dcmpeq)
c:/program files (x86)/atmel/studio/7.0/toolchain/arm/arm-gnu-toolchain/bin/../lib/gcc/arm-none-eabi/4.9.3/armv7-m\libgcc.a(_arm_fixdfsi.o)
                              src/PIDRegulation.o (__aeabi_d2iz)
c:/program files (x86)/atmel/studio/7.0/toolchain/arm/arm-gnu-toolchain/bin/../lib/gcc/arm-none-eabi/4.9.3/armv7-m\libgcc.a(_arm_addsubsf3.o)
                              src/ADCCustom.o (__aeabi_fadd)
c:/program files (x86)/atmel/studio/7.0/toolchain/arm/arm-gnu-toolchain/bin/../lib/gcc/arm-none-eabi/4.9.3/armv7-m\libgcc.a(_arm_muldivsf3.o)
                              src/ADCCustom.o (__aeabi_fmul)
c:/program files (x86)/atmel/studio/7.0/toolchain/arm/arm-gnu-toolchain/bin/../lib/gcc/arm-none-eabi/4.9.3/armv7-m\libgcc.a(_arm_cmpsf2.o)
                              src/PIDRegulation.o (__aeabi_fcmplt)
c:/program files (x86)/atmel/studio/7.0/toolchain/arm/arm-gnu-toolchain/bin/../lib/gcc/arm-none-eabi/4.9.3/armv7-m\libgcc.a(_arm_fixunssfsi.o)
                              src/ADCCustom.o (__aeabi_f2uiz)
c:/program files (x86)/atmel/studio/7.0/toolchain/arm/arm-gnu-toolchain/bin/../lib/gcc/arm-none-eabi/4.9.3/../../../../arm-none-eabi/lib/armv7-m\libc.a(lib_a-exit.o)
                              c:/program files (x86)/atmel/studio/7.0/toolchain/arm/arm-gnu-toolchain/bin/../lib/gcc/arm-none-eabi/4.9.3/../../../../arm-none-eabi/lib/armv7-m/crt0.o (exit)
c:/program files (x86)/atmel/studio/7.0/toolchain/arm/arm-gnu-toolchain/bin/../lib/gcc/arm-none-eabi/4.9.3/../../../../arm-none-eabi/lib/armv7-m\libc.a(lib_a-impure.o)
                              c:/program files (x86)/atmel/studio/7.0/toolchain/arm/arm-gnu-toolchain/bin/../lib/gcc/arm-none-eabi/4.9.3/../../../../arm-none-eabi/lib/armv7-m\libc.a(lib_a-exit.o) (_global_impure_ptr)
c:/program files (x86)/atmel/studio/7.0/toolchain/arm/arm-gnu-toolchain/bin/../lib/gcc/arm-none-eabi/4.9.3/../../../../arm-none-eabi/lib/armv7-m\libc.a(lib_a-init.o)
                              c:/program files (x86)/atmel/studio/7.0/toolchain/arm/arm-gnu-toolchain/bin/../lib/gcc/arm-none-eabi/4.9.3/../../../../arm-none-eabi/lib/armv7-m/crt0.o (__libc_init_array)
c:/program files (x86)/atmel/studio/7.0/toolchain/arm/arm-gnu-toolchain/bin/../lib/gcc/arm-none-eabi/4.9.3/../../../../arm-none-eabi/lib/armv7-m\libc.a(lib_a-iprintf.o)
                              src/ASF/sam/drivers/adc/adc.o (iprintf)
c:/program files (x86)/atmel/studio/7.0/toolchain/arm/arm-gnu-toolchain/bin/../lib/gcc/arm-none-eabi/4.9.3/../../../../arm-none-eabi/lib/armv7-m\libc.a(lib_a-memcpy.o)
                              src/ASF/thirdparty/freertos/freertos-7.3.0/source/queue.o (memcpy)
c:/program files (x86)/atmel/studio/7.0/toolchain/arm/arm-gnu-toolchain/bin/../lib/gcc/arm-none-eabi/4.9.3/../../../../arm-none-eabi/lib/armv7-m\libc.a(lib_a-memset.o)
                              c:/program files (x86)/atmel/studio/7.0/toolchain/arm/arm-gnu-toolchain/bin/../lib/gcc/arm-none-eabi/4.9.3/../../../../arm-none-eabi/lib/armv7-m/crt0.o (memset)
c:/program files (x86)/atmel/studio/7.0/toolchain/arm/arm-gnu-toolchain/bin/../lib/gcc/arm-none-eabi/4.9.3/../../../../arm-none-eabi/lib/armv7-m\libc.a(lib_a-puts.o)
                              src/ASF/sam/drivers/adc/adc.o (puts)
c:/program files (x86)/atmel/studio/7.0/toolchain/arm/arm-gnu-toolchain/bin/../lib/gcc/arm-none-eabi/4.9.3/../../../../arm-none-eabi/lib/armv7-m\libc.a(lib_a-setbuf.o)
                              src/UARTFunctions.o (setbuf)
c:/program files (x86)/atmel/studio/7.0/toolchain/arm/arm-gnu-toolchain/bin/../lib/gcc/arm-none-eabi/4.9.3/../../../../arm-none-eabi/lib/armv7-m\libc.a(lib_a-setvbuf.o)
                              c:/program files (x86)/atmel/studio/7.0/toolchain/arm/arm-gnu-toolchain/bin/../lib/gcc/arm-none-eabi/4.9.3/../../../../arm-none-eabi/lib/armv7-m\libc.a(lib_a-setbuf.o) (setvbuf)
c:/program files (x86)/atmel/studio/7.0/toolchain/arm/arm-gnu-toolchain/bin/../lib/gcc/arm-none-eabi/4.9.3/../../../../arm-none-eabi/lib/armv7-m\libc.a(lib_a-sprintf.o)
                              src/ASF/thirdparty/freertos/freertos-7.3.0/source/tasks.o (sprintf)
c:/program files (x86)/atmel/studio/7.0/toolchain/arm/arm-gnu-toolchain/bin/../lib/gcc/arm-none-eabi/4.9.3/../../../../arm-none-eabi/lib/armv7-m\libc.a(lib_a-strcat.o)
[...]
Memory Configuration

Name             Origin             Length             Attributes
rom              0x00080000         0x00080000         xr
sram0            0x20000000         0x00010000         xrw
sram1            0x20080000         0x00008000         xrw
ram              0x20070000         0x00018000         xrw
*default*        0x00000000         0xffffffff

Linker script and memory map

LOAD c:/program files (x86)/atmel/studio/7.0/toolchain/arm/arm-gnu-toolchain/bin/../lib/gcc/arm-none-eabi/4.9.3/armv7-m/crti.o
LOAD c:/program files (x86)/atmel/studio/7.0/toolchain/arm/arm-gnu-toolchain/bin/../lib/gcc/arm-none-eabi/4.9.3/armv7-m/crtbegin.o
LOAD c:/program files (x86)/atmel/studio/7.0/toolchain/arm/arm-gnu-toolchain/bin/../lib/gcc/arm-none-eabi/4.9.3/../../../../arm-none-eabi/lib/armv7-m/crt0.o
LOAD src/ADCCustom.o
LOAD src/ASF/common/utils/stdio/read.o
LOAD src/ASF/sam/drivers/adc/adc.o
LOAD src/ASF/sam/drivers/usart/usart.o
LOAD src/ASF/thirdparty/freertos/freertos-7.3.0/source/FreeRTOS_CLI.o
LOAD src/global_variables.o
LOAD src/PIDRegulation.o
LOAD src/PIDTask.o
LOAD src/PWMCustom.o
LOAD src/testFunctions.o
LOAD src/UARTFunctions.o
LOAD src/UARTTask.o
LOAD src/ASF/thirdparty/freertos/freertos-7.3.0/source/list.o
LOAD src/ASF/thirdparty/freertos/freertos-7.3.0/source/portable/gcc/sam/port.o
LOAD src/ASF/thirdparty/freertos/freertos-7.3.0/source/portable/memmang/heap_4.o
LOAD src/ASF/thirdparty/freertos/freertos-7.3.0/source/queue.o
LOAD src/ASF/thirdparty/freertos/freertos-7.3.0/source/tasks.o
LOAD src/ASF/thirdparty/freertos/freertos-7.3.0/source/timers.o
LOAD src/ASF/sam/drivers/adc/adc_sam3u.o
LOAD src/ASF/common/utils/stdio/write.o
LOAD src/ASF/common/services/serial/usart_serial.o
LOAD src/ASF/common/services/delay/sam/cycle_counter.o
LOAD src/ASF/sam/drivers/pwm/pwm.o
LOAD src/ASF/sam/drivers/tc/tc.o
LOAD src/ASF/sam/drivers/uart/uart.o
LOAD src/ASF/common/services/clock/sam3x/sysclk.o
LOAD src/ASF/common/utils/interrupt/interrupt_sam_nvic.o
LOAD src/ASF/sam/boards/arduino_due_x/init.o
LOAD src/ASF/sam/drivers/pio/pio.o
LOAD src/ASF/sam/drivers/pio/pio_handler.o
LOAD src/ASF/sam/drivers/pmc/pmc.o
LOAD src/ASF/sam/drivers/pmc/sleep.o
LOAD src/ASF/sam/utils/cmsis/sam3x/source/templates/exceptions.o
LOAD src/ASF/sam/utils/cmsis/sam3x/source/templates/gcc/startup_sam3x.o
LOAD src/ASF/sam/utils/cmsis/sam3x/source/templates/system_sam3x.o
LOAD src/ASF/sam/utils/syscalls/gcc/syscalls.o
LOAD src/main.o
START GROUP
LOAD ../src/ASF/thirdparty/CMSIS/Lib/GCC\libarm_cortexM3l_math.a
LOAD c:/program files (x86)/atmel/studio/7.0/toolchain/arm/arm-gnu-toolchain/bin/../lib/gcc/arm-none-eabi/4.9.3/../../../../arm-none-eabi/lib/armv7-m\libm.a
END GROUP
START GROUP
LOAD c:/program files (x86)/atmel/studio/7.0/toolchain/arm/arm-gnu-toolchain/bin/../lib/gcc/arm-none-eabi/4.9.3/armv7-m\libgcc.a
LOAD c:/program files (x86)/atmel/studio/7.0/toolchain/arm/arm-gnu-toolchain/bin/../lib/gcc/arm-none-eabi/4.9.3/../../../../arm-none-eabi/lib/armv7-m\libc.a
END GROUP
LOAD c:/program files (x86)/atmel/studio/7.0/toolchain/arm/arm-gnu-toolchain/bin/../lib/gcc/arm-none-eabi/4.9.3/armv7-m/crtend.o
LOAD c:/program files (x86)/atmel/studio/7.0/toolchain/arm/arm-gnu-toolchain/bin/../lib/gcc/arm-none-eabi/4.9.3/armv7-m/crtn.o
                0x00002000                __stack_size__ = DEFINED (__stack_size__)?__stack_size__:0x2000
                0x20087ffc                __ram_end__ = ((ORIGIN (ram) + 0x18000) - 0x4)

.text           0x00080000     0x6d58
                0x00080000                . = ALIGN (0x4)
                0x00080000                _sfixed = .
 *(.vectors .vectors.*)
 .vectors       0x00080000       0xf4 src/ASF/sam/utils/cmsis/sam3x/source/templates/gcc/startup_sam3x.o
                0x00080000                exception_table
 *(.text .text.* .gnu.linkonce.t.*)
 .text          0x000800f4       0x5c c:/program files (x86)/atmel/studio/7.0/toolchain/arm/arm-gnu-toolchain/bin/../lib/gcc/arm-none-eabi/4.9.3/armv7-m/crtbegin.o
 .text.ADCSetup
                0x00080150       0x64 src/ADCCustom.o
                0x00080150                ADCSetup
 .text.readThrough
                0x000801b4      0x124 src/ADCCustom.o
                0x000801b4                readThrough
 .text._read    0x000802d8       0x3c src/ASF/common/utils/stdio/read.o
                0x000802d8                _read
 .text.adc_init
                0x00080314       0x34 src/ASF/sam/drivers/adc/adc.o
                0x00080314                adc_init
 .text.adc_set_resolution
                0x00080348       0x10 src/ASF/sam/drivers/adc/adc.o
                0x00080348                adc_set_resolution
 .text.adc_configure_trigger
                0x00080358       0x10 src/ASF/sam/drivers/adc/adc.o
                0x00080358                adc_configure_trigger
 .text.adc_configure_timing
                0x00080368       0x20 src/ASF/sam/drivers/adc/adc.o
                0x00080368                adc_configure_timing
 .text.adc_start
                0x00080388        0x8 src/ASF/sam/drivers/adc/adc.o
                0x00080388                adc_start
 .text.adc_enable_channel
                0x00080390        0x8 src/ASF/sam/drivers/adc/adc.o
                0x00080390                adc_enable_channel
 .text.adc_get_latest_value
                0x00080398        0x4 src/ASF/sam/drivers/adc/adc.o
                0x00080398                adc_get_latest_value
 .text.adc_get_status
                0x0008039c        0x4 src/ASF/sam/drivers/adc/adc.o
                0x0008039c                adc_get_status
 .text.usart_write
                0x000803a0       0x14 src/ASF/sam/drivers/usart/usart.o
                0x000803a0                usart_write
 .text.usart_read
                0x000803b4       0x18 src/ASF/sam/drivers/usart/usart.o
                0x000803b4                usart_read
 .text.PIDRegulate
                0x000803cc      0x238 src/PIDRegulation.o
                0x000803cc                PIDRegulate
 .text.PIDRegulationTask
                0x00080604       0x80 src/PIDTask.o
                0x00080604                PIDRegulationTask
 .text.PWMSetup
                0x00080684       0x74 src/PWMCustom.o
                0x00080684                PWMSetup
 .text.PWMDutyCycle
                0x000806f8       0x1c src/PWMCustom.o
                0x000806f8                PWMDutyCycle
 .text.shieldInit
                0x00080714       0x24 src/PWMCustom.o
                0x00080714                shieldInit
 .text.usart_serial_getchar
                0x00080738       0xa8 src/UARTFunctions.o
 .text.usart_serial_putchar
                0x000807e0       0x9c src/UARTFunctions.o
 .text.configure_console
                0x0008087c       0x98 src/UARTFunctions.o
                0x0008087c                configure_console
 .text.getPIDValues
                0x00080914      0x224 src/UARTFunctions.o
                0x00080914                getPIDValues
 .text.sendValues
                0x00080b38       0x54 src/UARTFunctions.o
                0x00080b38                sendValues
 .text.SerialComTask
                0x00080b8c       0x68 src/UARTTask.o
                0x00080b8c                SerialComTask
 .text.vListInitialise
                0x00080bf4       0x18 src/ASF/thirdparty/freertos/freertos-7.3.0/source/list.o
                0x00080bf4                vListInitialise
 .text.vListInitialiseItem
                0x00080c0c        0x8 src/ASF/thirdparty/freertos/freertos-7.3.0/source/list.o
                0x00080c0c                vListInitialiseItem
 .text.vListInsertEnd
                0x00080c14       0x1c src/ASF/thirdparty/freertos/freertos-7.3.0/source/list.o
                0x00080c14                vListInsertEnd
 .text.vListInsert
                0x00080c30       0x44 src/ASF/thirdparty/freertos/freertos-7.3.0/source/list.o
                0x00080c30                vListInsert
 .text.uxListRemove
                0x00080c74       0x28 src/ASF/thirdparty/freertos/freertos-7.3.0/source/list.o
                0x00080c74                uxListRemove
 .text.prvPortStartFirstTask
                0x00080c9c       0x14 src/ASF/thirdparty/freertos/freertos-7.3.0/source/portable/gcc/sam/port.o
 .text.pxPortInitialiseStack
                0x00080cb0       0x1c src/ASF/thirdparty/freertos/freertos-7.3.0/source/portable/gcc/sam/port.o
                0x00080cb0                pxPortInitialiseStack
 .text.SVC_Handler
                0x00080ccc       0x20 src/ASF/thirdparty/freertos/freertos-7.3.0/source/portable/gcc/sam/port.o
                0x00080ccc                SVC_Handler
 .text.vPortYieldFromISR
                0x00080cec       0x10 src/ASF/thirdparty/freertos/freertos-7.3.0/source/portable/gcc/sam/port.o
                0x00080cec                vPortYieldFromISR
 .text.ulPortSetInterruptMask
                0x00080cfc       0x10 src/ASF/thirdparty/freertos/freertos-7.3.0/source/portable/gcc/sam/port.o
                0x00080cfc                ulPortSetInterruptMask
 .text.vPortEnterCritical
                0x00080d0c       0x18 src/ASF/thirdparty/freertos/freertos-7.3.0/source/portable/gcc/sam/port.o
                0x00080d0c                vPortEnterCritical
 .text.vPortClearInterruptMask
                0x00080d24        0x8 src/ASF/thirdparty/freertos/freertos-7.3.0/source/portable/gcc/sam/port.o
                0x00080d24                vPortClearInterruptMask
 .text.vPortExitCritical
                0x00080d2c       0x1c src/ASF/thirdparty/freertos/freertos-7.3.0/source/portable/gcc/sam/port.o
                0x00080d2c                vPortExitCritical
 .text.PendSV_Handler
                0x00080d48       0x3c src/ASF/thirdparty/freertos/freertos-7.3.0/source/portable/gcc/sam/port.o
                0x00080d48                PendSV_Handler
 .text.SysTick_Handler
                0x00080d84       0x2c src/ASF/thirdparty/freertos/freertos-7.3.0/source/portable/gcc/sam/port.o
                0x00080d84                SysTick_Handler
 .text.vPortSetupTimerInterrupt
                0x00080db0       0x18 src/ASF/thirdparty/freertos/freertos-7.3.0/source/portable/gcc/sam/port.o
                0x00080db0                vPortSetupTimerInterrupt
 .text.xPortStartScheduler
                0x00080dc8       0x38 src/ASF/thirdparty/freertos/freertos-7.3.0/source/portable/gcc/sam/port.o
                0x00080dc8                xPortStartScheduler
 .text.prvInsertBlockIntoFreeList
                0x00080e00       0x58 src/ASF/thirdparty/freertos/freertos-7.3.0/source/portable/memmang/heap_4.o
 .text.pvPortMalloc
                0x00080e58       0xc8 src/ASF/thirdparty/freertos/freertos-7.3.0/source/portable/memmang/heap_4.o
                0x00080e58                pvPortMalloc
 .text.vPortFree
                0x00080f20       0x38 src/ASF/thirdparty/freertos/freertos-7.3.0/source/portable/memmang/heap_4.o
                0x00080f20                vPortFree
 .text.prvCopyDataToQueue
                0x00080f58       0x64 src/ASF/thirdparty/freertos/freertos-7.3.0/source/queue.o
 .text.prvCopyDataFromQueue
                0x00080fbc       0x28 src/ASF/thirdparty/freertos/freertos-7.3.0/source/queue.o
 .text.prvUnlockQueue
                0x00080fe4       0x90 src/ASF/thirdparty/freertos/freertos-7.3.0/source/queue.o
 .text.xQueueGenericReset
                0x00081074       0x7c src/ASF/thirdparty/freertos/freertos-7.3.0/source/queue.o
                0x00081074                xQueueGenericReset
 .text.xQueueGenericCreate
                0x000810f0       0x58 src/ASF/thirdparty/freertos/freertos-7.3.0/source/queue.o
                0x000810f0                xQueueGenericCreate
 .text.xQueueGenericSend
                0x00081148      0x128 src/ASF/thirdparty/freertos/freertos-7.3.0/source/queue.o
                0x00081148                xQueueGenericSend
 .text.xQueueGenericSendFromISR
                0x00081270       0x90 src/ASF/thirdparty/freertos/freertos-7.3.0/source/queue.o
                0x00081270                xQueueGenericSendFromISR
 .text.xQueueGenericReceive
                0x00081300      0x164 src/ASF/thirdparty/freertos/freertos-7.3.0/source/queue.o
                0x00081300                xQueueGenericReceive
 .text.vQueueWaitForMessageRestricted
                0x00081464       0x4c src/ASF/thirdparty/freertos/freertos-7.3.0/source/queue.o
                0x00081464                vQueueWaitForMessageRestricted
 .text.prvAddCurrentTaskToDelayedList
                0x000814b0       0x5c src/ASF/thirdparty/freertos/freertos-7.3.0/source/tasks.o
 .text.xTaskGenericCreate
                0x0008150c      0x204 src/ASF/thirdparty/freertos/freertos-7.3.0/source/tasks.o
                0x0008150c                xTaskGenericCreate
 .text.vTaskStartScheduler
                0x00081710       0x6c src/ASF/thirdparty/freertos/freertos-7.3.0/source/tasks.o
                0x00081710                vTaskStartScheduler
 .text.vTaskSuspendAll
                0x0008177c       0x10 src/ASF/thirdparty/freertos/freertos-7.3.0/source/tasks.o
                0x0008177c                vTaskSuspendAll
 .text.xTaskGetTickCount
                0x0008178c       0x20 src/ASF/thirdparty/freertos/freertos-7.3.0/source/tasks.o
                0x0008178c                xTaskGetTickCount
 .text.vTaskIncrementTick
                0x000817ac      0x12c src/ASF/thirdparty/freertos/freertos-7.3.0/source/tasks.o
                0x000817ac                vTaskIncrementTick
 .text.xTaskResumeAll
                0x000818d8      0x104 src/ASF/thirdparty/freertos/freertos-7.3.0/source/tasks.o
                0x000818d8                xTaskResumeAll
 .text.vTaskDelayUntil
                0x000819dc       0x98 src/ASF/thirdparty/freertos/freertos-7.3.0/source/tasks.o
                0x000819dc                vTaskDelayUntil
 .text.vTaskDelay
                0x00081a74       0x4c src/ASF/thirdparty/freertos/freertos-7.3.0/source/tasks.o
                0x00081a74                vTaskDelay
 .text.prvIdleTask
                0x00081ac0       0x84 src/ASF/thirdparty/freertos/freertos-7.3.0/source/tasks.o
 .text.vTaskSwitchContext
                0x00081b44       0xa4 src/ASF/thirdparty/freertos/freertos-7.3.0/source/tasks.o
                0x00081b44                vTaskSwitchContext
 .text.vTaskPlaceOnEventList
                0x00081be8       0x64 src/ASF/thirdparty/freertos/freertos-7.3.0/source/tasks.o
                0x00081be8                vTaskPlaceOnEventList
 .text.vTaskPlaceOnEventListRestricted
                0x00081c4c       0x48 src/ASF/thirdparty/freertos/freertos-7.3.0/source/tasks.o
                0x00081c4c                vTaskPlaceOnEventListRestricted
 .text.xTaskRemoveFromEventList
                0x00081c94       0x84 src/ASF/thirdparty/freertos/freertos-7.3.0/source/tasks.o
                0x00081c94                xTaskRemoveFromEventList
 .text.vTaskSetTimeOutState
                0x00081d18       0x28 src/ASF/thirdparty/freertos/freertos-7.3.0/source/tasks.o
                0x00081d18                vTaskSetTimeOutState
 .text.xTaskCheckForTimeOut
                0x00081d40       0x8c src/ASF/thirdparty/freertos/freertos-7.3.0/source/tasks.o
                0x00081d40                xTaskCheckForTimeOut
 .text.vTaskMissedYield
                0x00081dcc        0xc src/ASF/thirdparty/freertos/freertos-7.3.0/source/tasks.o
                0x00081dcc                vTaskMissedYield
 .text.xTaskGetCurrentTaskHandle
                0x00081dd8        0xc src/ASF/thirdparty/freertos/freertos-7.3.0/source/tasks.o
                0x00081dd8                xTaskGetCurrentTaskHandle
 .text.xTaskGetSchedulerState
                0x00081de4       0x20 src/ASF/thirdparty/freertos/freertos-7.3.0/source/tasks.o
                0x00081de4                xTaskGetSchedulerState
 .text.vTaskPriorityInherit
                0x00081e04       0x80 src/ASF/thirdparty/freertos/freertos-7.3.0/source/tasks.o
                0x00081e04                vTaskPriorityInherit
 .text.vTaskPriorityDisinherit
                0x00081e84       0x50 src/ASF/thirdparty/freertos/freertos-7.3.0/source/tasks.o
                0x00081e84                vTaskPriorityDisinherit
 .text.prvInsertTimerInActiveList
                0x00081ed4       0x50 src/ASF/thirdparty/freertos/freertos-7.3.0/source/timers.o
 .text.prvCheckForValidListAndQueue
                0x00081f24       0x5c src/ASF/thirdparty/freertos/freertos-7.3.0/source/timers.o
 .text.xTimerCreateTimerTask
                0x00081f80       0x4c src/ASF/thirdparty/freertos/freertos-7.3.0/source/timers.o
                0x00081f80                xTimerCreateTimerTask
 .text.xTimerGenericCommand
                0x00081fcc       0x58 src/ASF/thirdparty/freertos/freertos-7.3.0/source/timers.o
                0x00081fcc                xTimerGenericCommand
 .text.prvSampleTimeNow
                0x00082024       0xb8 src/ASF/thirdparty/freertos/freertos-7.3.0/source/timers.o
 .text.prvTimerTask
                0x000820dc      0x180 src/ASF/thirdparty/freertos/freertos-7.3.0/source/timers.o
 .text._write   0x0008225c       0x50 src/ASF/common/utils/stdio/write.o
                0x0008225c                _write
 .text.pwm_clocks_generate
                0x000822ac       0x54 src/ASF/sam/drivers/pwm/pwm.o
 .text.pwm_init
                0x00082300       0x4c src/ASF/sam/drivers/pwm/pwm.o
                0x00082300                pwm_init
 .text.pwm_channel_init
                0x0008234c      0x108 src/ASF/sam/drivers/pwm/pwm.o
                0x0008234c                pwm_channel_init
 .text.pwm_channel_update_duty
                0x00082454       0x24 src/ASF/sam/drivers/pwm/pwm.o
                0x00082454                pwm_channel_update_duty
 .text.pwm_channel_enable
                0x00082478        0x8 src/ASF/sam/drivers/pwm/pwm.o
                0x00082478                pwm_channel_enable
 .text.pwm_channel_disable
                0x00082480        0x8 src/ASF/sam/drivers/pwm/pwm.o
                0x00082480                pwm_channel_disable
 .text.uart_init
                0x00082488       0x38 src/ASF/sam/drivers/uart/uart.o
                0x00082488                uart_init
 .text.uart_is_rx_ready
                0x000824c0        0x8 src/ASF/sam/drivers/uart/uart.o
                0x000824c0                uart_is_rx_ready
 .text.uart_write
                0x000824c8       0x10 src/ASF/sam/drivers/uart/uart.o
                0x000824c8                uart_write
 .text.uart_read
                0x000824d8       0x14 src/ASF/sam/drivers/uart/uart.o
                0x000824d8                uart_read
 .text.sysclk_init
                0x000824ec       0x64 src/ASF/common/services/clock/sam3x/sysclk.o
                0x000824ec                sysclk_init
 .text.board_init
                0x00082550       0xa0 src/ASF/sam/boards/arduino_due_x/init.o
                0x00082550                board_init
 .text.pio_set_peripheral
                0x000825f0       0x40 src/ASF/sam/drivers/pio/pio.o
                0x000825f0                pio_set_peripheral
 .text.pio_set_input
                0x00082630       0x34 src/ASF/sam/drivers/pio/pio.o
                0x00082630                pio_set_input
 .text.pio_set_output
                0x00082664       0x28 src/ASF/sam/drivers/pio/pio.o
                0x00082664                pio_set_output
 .text.pio_get_interrupt_status
                0x0008268c        0x4 src/ASF/sam/drivers/pio/pio.o
                0x0008268c                pio_get_interrupt_status
 .text.pio_get_interrupt_mask
                0x00082690        0x4 src/ASF/sam/drivers/pio/pio.o
                0x00082690                pio_get_interrupt_mask
 .text.pio_configure_pin
                0x00082694       0xd4 src/ASF/sam/drivers/pio/pio.o
                0x00082694                pio_configure_pin
 .text.pio_configure_pin_group
                0x00082768       0xa0 src/ASF/sam/drivers/pio/pio.o
                0x00082768                pio_configure_pin_group
 .text.pio_handler_process
                0x00082808       0x50 src/ASF/sam/drivers/pio/pio_handler.o
                0x00082808                pio_handler_process
 .text.PIOA_Handler
                0x00082858       0x14 src/ASF/sam/drivers/pio/pio_handler.o
                0x00082858                PIOA_Handler
 .text.PIOB_Handler
                0x0008286c       0x14 src/ASF/sam/drivers/pio/pio_handler.o
                0x0008286c                PIOB_Handler
 .text.PIOC_Handler
                0x00082880       0x14 src/ASF/sam/drivers/pio/pio_handler.o
                0x00082880                PIOC_Handler
 .text.PIOD_Handler
                0x00082894       0x14 src/ASF/sam/drivers/pio/pio_handler.o
                0x00082894                PIOD_Handler
 .text.pmc_switch_mck_to_pllack
                0x000828a8       0x68 src/ASF/sam/drivers/pmc/pmc.o
                0x000828a8                pmc_switch_mck_to_pllack
 .text.pmc_switch_mainck_to_xtal
                0x00082910       0x54 src/ASF/sam/drivers/pmc/pmc.o
                0x00082910                pmc_switch_mainck_to_xtal
 .text.pmc_osc_is_ready_mainck
                0x00082964       0x10 src/ASF/sam/drivers/pmc/pmc.o
                0x00082964                pmc_osc_is_ready_mainck
 .text.pmc_disable_pllack
                0x00082974       0x10 src/ASF/sam/drivers/pmc/pmc.o
                0x00082974                pmc_disable_pllack
 .text.pmc_is_locked_pllack
                0x00082984       0x10 src/ASF/sam/drivers/pmc/pmc.o
                0x00082984                pmc_is_locked_pllack
 .text.pmc_enable_periph_clk
                0x00082994       0x54 src/ASF/sam/drivers/pmc/pmc.o
                0x00082994                pmc_enable_periph_clk
 .text.Dummy_Handler
                0x000829e8        0x4 src/ASF/sam/utils/cmsis/sam3x/source/templates/exceptions.o
                0x000829e8                DACC_Handler
                0x000829e8                DebugMon_Handler
                0x000829e8                DMAC_Handler
                0x000829e8                TRNG_Handler
                0x000829e8                HardFault_Handler
                0x000829e8                TC2_Handler
                0x000829e8                USART3_Handler
                0x000829e8                TWI1_Handler
                0x000829e8                NMI_Handler
                0x000829e8                TC7_Handler
                0x000829e8                ADC_Handler
                0x000829e8                SMC_Handler
                0x000829e8                USART0_Handler
                0x000829e8                RTT_Handler
                0x000829e8                EFC1_Handler
                0x000829e8                RTC_Handler
                0x000829e8                UsageFault_Handler
                0x000829e8                TC6_Handler
                0x000829e8                WDT_Handler
                0x000829e8                CAN0_Handler
                0x000829e8                TC4_Handler
                0x000829e8                TC1_Handler
                0x000829e8                HSMCI_Handler
                0x000829e8                TC3_Handler
                0x000829e8                Dummy_Handler
                0x000829e8                TWI0_Handler
                0x000829e8                USART1_Handler
                0x000829e8                SSC_Handler
                0x000829e8                EFC0_Handler
                0x000829e8                PMC_Handler
                0x000829e8                PWM_Handler
                0x000829e8                CAN1_Handler
                0x000829e8                MemManage_Handler
                0x000829e8                SUPC_Handler
                0x000829e8                TC8_Handler
                0x000829e8                USART2_Handler
                0x000829e8                EMAC_Handler
                0x000829e8                UART_Handler
                0x000829e8                BusFault_Handler
                0x000829e8                RSTC_Handler
                0x000829e8                TC0_Handler
                0x000829e8                TC5_Handler
                0x000829e8                UOTGHS_Handler
                0x000829e8                SPI0_Handler
 .text.Reset_Handler
                0x000829ec       0xb0 src/ASF/sam/utils/cmsis/sam3x/source/templates/gcc/startup_sam3x.o
                0x000829ec                Reset_Handler
 .text.SystemCoreClockUpdate
                0x00082a9c      0x11c src/ASF/sam/utils/cmsis/sam3x/source/templates/system_sam3x.o
                0x00082a9c                SystemCoreClockUpdate
 .text._sbrk    0x00082bb8       0x34 src/ASF/sam/utils/syscalls/gcc/syscalls.o
                0x00082bb8                _sbrk
 .text._close   0x00082bec        0x8 src/ASF/sam/utils/syscalls/gcc/syscalls.o
                0x00082bec                _close
 .text._fstat   0x00082bf4        0xc src/ASF/sam/utils/syscalls/gcc/syscalls.o
                0x00082bf4                _fstat
 .text._isatty  0x00082c00        0x4 src/ASF/sam/utils/syscalls/gcc/syscalls.o
                0x00082c00                _isatty
 .text._lseek   0x00082c04        0x4 src/ASF/sam/utils/syscalls/gcc/syscalls.o
                0x00082c04                _lseek
 .text.main     0x00082c08       0xe8 src/main.o
                0x00082c08                main
 .text          0x00082cf0      0x370 c:/program files (x86)/atmel/studio/7.0/toolchain/arm/arm-gnu-toolchain/bin/../lib/gcc/arm-none-eabi/4.9.3/armv7-m\libgcc.a(_arm_addsubdf3.o)
                0x00082cf0                __aeabi_drsub
                0x00082cf8                __aeabi_dsub
                0x00082cf8                __subdf3
                0x00082cfc                __aeabi_dadd
                0x00082cfc                __adddf3
                0x00082f74                __floatunsidf
                0x00082f74                __aeabi_ui2d
                0x00082f94                __floatsidf
                0x00082f94                __aeabi_i2d
                0x00082fb8                __aeabi_f2d
                0x00082fb8                __extendsfdf2
                0x00082ff4                __floatundidf
                0x00082ff4                __aeabi_ul2d
                0x00083004                __floatdidf
                0x00083004                __aeabi_l2d
 .text          0x00083060      0x424 c:/program files (x86)/atmel/studio/7.0/toolchain/arm/arm-gnu-toolchain/bin/../lib/gcc/arm-none-eabi/4.9.3/armv7-m\libgcc.a(_arm_muldivdf3.o)
                0x00083060                __aeabi_dmul
                0x00083060                __muldf3
                0x000832b4                __divdf3
                0x000832b4                __aeabi_ddiv
 .text          0x00083484      0x110 c:/program files (x86)/atmel/studio/7.0/toolchain/arm/arm-gnu-toolchain/bin/../lib/gcc/arm-none-eabi/4.9.3/armv7-m\libgcc.a(_arm_cmpdf2.o)
                0x00083484                __gtdf2
                0x00083484                __gedf2
                0x0008348c                __ltdf2
                0x0008348c                __ledf2
                0x00083494                __nedf2
                0x00083494                __eqdf2
                0x00083494                __cmpdf2
                0x00083510                __aeabi_cdrcmple
                0x00083520                __aeabi_cdcmpeq
                0x00083520                __aeabi_cdcmple
                0x00083530                __aeabi_dcmpeq
                0x00083544                __aeabi_dcmplt
                0x00083558                __aeabi_dcmple
                0x0008356c                __aeabi_dcmpge
                0x00083580                __aeabi_dcmpgt
 .text          0x00083594       0x50 c:/program files (x86)/atmel/studio/7.0/toolchain/arm/arm-gnu-toolchain/bin/../lib/gcc/arm-none-eabi/4.9.3/armv7-m\libgcc.a(_arm_fixdfsi.o)
                0x00083594                __aeabi_d2iz
                0x00083594                __fixdfsi
 .text          0x000835e4      0x21c c:/program files (x86)/atmel/studio/7.0/toolchain/arm/arm-gnu-toolchain/bin/../lib/gcc/arm-none-eabi/4.9.3/armv7-m\libgcc.a(_arm_addsubsf3.o)
                0x000835e4                __aeabi_frsub
                0x000835ec                __subsf3
                0x000835ec                __aeabi_fsub
                0x000835f0                __aeabi_fadd
                0x000835f0                __addsf3
                0x00083750                __aeabi_ui2f
                0x00083750                __floatunsisf
                0x00083758                __aeabi_i2f
                0x00083758                __floatsisf
                0x00083774                __aeabi_ul2f
                0x00083774                __floatundisf
                0x00083784                __aeabi_l2f
                0x00083784                __floatdisf
 .text          0x00083800      0x2a0 c:/program files (x86)/atmel/studio/7.0/toolchain/arm/arm-gnu-toolchain/bin/../lib/gcc/arm-none-eabi/4.9.3/armv7-m\libgcc.a(_arm_muldivsf3.o)
                0x00083800                __mulsf3
                0x00083800                __aeabi_fmul
                0x00083968                __aeabi_fdiv
                0x00083968                __divsf3
 .text          0x00083aa0       0xec c:/program files (x86)/atmel/studio/7.0/toolchain/arm/arm-gnu-toolchain/bin/../lib/gcc/arm-none-eabi/4.9.3/armv7-m\libgcc.a(_arm_cmpsf2.o)
                0x00083aa0                __gesf2
                0x00083aa0                __gtsf2
                0x00083aa8                __lesf2
                0x00083aa8                __ltsf2
                0x00083ab0                __nesf2
                0x00083ab0                __eqsf2
                0x00083ab0                __cmpsf2
                0x00083b10                __aeabi_cfrcmple
                0x00083b18                __aeabi_cfcmpeq
                0x00083b18                __aeabi_cfcmple
                0x00083b28                __aeabi_fcmpeq
                0x00083b3c                __aeabi_fcmplt
                0x00083b50                __aeabi_fcmple
                0x00083b64                __aeabi_fcmpge
                0x00083b78                __aeabi_fcmpgt
 .text          0x00083b8c       0x40 c:/program files (x86)/atmel/studio/7.0/toolchain/arm/arm-gnu-toolchain/bin/../lib/gcc/arm-none-eabi/4.9.3/armv7-m\libgcc.a(_arm_fixunssfsi.o)
                0x00083b8c                __fixunssfsi
                0x00083b8c                __aeabi_f2uiz
 .text.__libc_init_array
                0x00083bcc       0x50 c:/program files (x86)/atmel/studio/7.0/toolchain/arm/arm-gnu-toolchain/bin/../lib/gcc/arm-none-eabi/4.9.3/../../../../arm-none-eabi/lib/armv7-m\libc.a(lib_a-init.o)
                0x00083bcc                __libc_init_array
 .text.iprintf  0x00083c1c       0x28 c:/program files (x86)/atmel/studio/7.0/toolchain/arm/arm-gnu-toolchain/bin/../lib/gcc/arm-none-eabi/4.9.3/../../../../arm-none-eabi/lib/armv7-m\libc.a(lib_a-iprintf.o)
                0x00083c1c                iprintf
 .text          0x00083c44       0xec c:/program files (x86)/atmel/studio/7.0/toolchain/arm/arm-gnu-toolchain/bin/../lib/gcc/arm-none-eabi/4.9.3/../../../../arm-none-eabi/lib/armv7-m\libc.a(lib_a-memcpy.o)
                0x00083c44                memcpy
 .text.memset   0x00083d30       0x9c c:/program files (x86)/atmel/studio/7.0/toolchain/arm/arm-gnu-toolchain/bin/../lib/gcc/arm-none-eabi/4.9.3/../../../../arm-none-eabi/lib/armv7-m\libc.a(lib_a-memset.o)
                0x00083d30                memset
 .text.setbuf   0x00083dcc       0x10 c:/program files (x86)/atmel/studio/7.0/toolchain/arm/arm-gnu-toolchain/bin/../lib/gcc/arm-none-eabi/4.9.3/../../../../arm-none-eabi/lib/armv7-m\libc.a(lib_a-setbuf.o)
                0x00083dcc                setbuf
 .text.setvbuf  0x00083ddc       0xf8 c:/program files (x86)/atmel/studio/7.0/toolchain/arm/arm-gnu-toolchain/bin/../lib/gcc/arm-none-eabi/4.9.3/../../../../arm-none-eabi/lib/armv7-m\libc.a(lib_a-setvbuf.o)
                0x00083ddc                setvbuf
 .text.strlen   0x00083ed4       0x5c c:/program files (x86)/atmel/studio/7.0/toolchain/arm/arm-gnu-toolchain/bin/../lib/gcc/arm-none-eabi/4.9.3/../../../../arm-none-eabi/lib/armv7-m\libc.a(lib_a-strlen.o)
                0x00083ed4                strlen
 .text.strncpy  0x00083f30       0x68 c:/program files (x86)/atmel/studio/7.0/toolchain/arm/arm-gnu-toolchain/bin/../lib/gcc/arm-none-eabi/4.9.3/../../../../arm-none-eabi/lib/armv7-m\libc.a(lib_a-strncpy.o)
                0x00083f30                strncpy
 .text.__sprint_r.part.0
                0x00083f98       0x78 c:/program files (x86)/atmel/studio/7.0/toolchain/arm/arm-gnu-toolchain/bin/../lib/gcc/arm-none-eabi/4.9.3/../../../../arm-none-eabi/lib/armv7-m\libc.a(lib_a-vfiprintf.o)
 .text._vfiprintf_r
                0x00084010      0xc10 c:/program files (x86)/atmel/studio/7.0/toolchain/arm/arm-gnu-toolchain/bin/../lib/gcc/arm-none-eabi/4.9.3/../../../../arm-none-eabi/lib/armv7-m\libc.a(lib_a-vfiprintf.o)
                0x00084010                _vfiprintf_r
 .text.__sbprintf
                0x00084c20       0x7c c:/program files (x86)/atmel/studio/7.0/toolchain/arm/arm-gnu-toolchain/bin/../lib/gcc/arm-none-eabi/4.9.3/../../../../arm-none-eabi/lib/armv7-m\libc.a(lib_a-vfiprintf.o)
 .text.__swsetup_r
                0x00084c9c       0xc4 c:/program files (x86)/atmel/studio/7.0/toolchain/arm/arm-gnu-toolchain/bin/../lib/gcc/arm-none-eabi/4.9.3/../../../../arm-none-eabi/lib/armv7-m\libc.a(lib_a-wsetup.o)
                0x00084c9c                __swsetup_r
 .text.startup.register_fini
                0x00084d60       0x14 c:/program files (x86)/atmel/studio/7.0/toolchain/arm/arm-gnu-toolchain/bin/../lib/gcc/arm-none-eabi/4.9.3/../../../../arm-none-eabi/lib/armv7-m\libc.a(lib_a-__call_atexit.o)
 .text.atexit   0x00084d74        0xc c:/program files (x86)/atmel/studio/7.0/toolchain/arm/arm-gnu-toolchain/bin/../lib/gcc/arm-none-eabi/4.9.3/../../../../arm-none-eabi/lib/armv7-m\libc.a(lib_a-atexit.o)
                0x00084d74                atexit
 .text.__sflush_r
                0x00084d80      0x148 c:/program files (x86)/atmel/studio/7.0/toolchain/arm/arm-gnu-toolchain/bin/../lib/gcc/arm-none-eabi/4.9.3/../../../../arm-none-eabi/lib/armv7-m\libc.a(lib_a-fflush.o)
                0x00084d80                __sflush_r
 .text._fflush_r
                0x00084ec8       0x2c c:/program files (x86)/atmel/studio/7.0/toolchain/arm/arm-gnu-toolchain/bin/../lib/gcc/arm-none-eabi/4.9.3/../../../../arm-none-eabi/lib/armv7-m\libc.a(lib_a-fflush.o)
                0x00084ec8                _fflush_r
 .text._cleanup_r
                0x00084ef4        0xc c:/program files (x86)/atmel/studio/7.0/toolchain/arm/arm-gnu-toolchain/bin/../lib/gcc/arm-none-eabi/4.9.3/../../../../arm-none-eabi/lib/armv7-m\libc.a(lib_a-findfp.o)
                0x00084ef4                _cleanup_r
 .text.__sinit.part.1
                0x00084f00       0xf0 c:/program files (x86)/atmel/studio/7.0/toolchain/arm/arm-gnu-toolchain/bin/../lib/gcc/arm-none-eabi/4.9.3/../../../../arm-none-eabi/lib/armv7-m\libc.a(lib_a-findfp.o)
 .text.__sinit  0x00084ff0        0xc c:/program files (x86)/atmel/studio/7.0/toolchain/arm/arm-gnu-toolchain/bin/../lib/gcc/arm-none-eabi/4.9.3/../../../../arm-none-eabi/lib/armv7-m\libc.a(lib_a-findfp.o)
                0x00084ff0                __sinit
 .text.__sfp_lock_acquire
                0x00084ffc        0x4 c:/program files (x86)/atmel/studio/7.0/toolchain/arm/arm-gnu-toolchain/bin/../lib/gcc/arm-none-eabi/4.9.3/../../../../arm-none-eabi/lib/armv7-m\libc.a(lib_a-findfp.o)
                0x00084ffc                __sfp_lock_acquire
 .text.__sfp_lock_release
                0x00085000        0x4 c:/program files (x86)/atmel/studio/7.0/toolchain/arm/arm-gnu-toolchain/bin/../lib/gcc/arm-none-eabi/4.9.3/../../../../arm-none-eabi/lib/armv7-m\libc.a(lib_a-findfp.o)
                0x00085000                __sfp_lock_release
 .text.__libc_fini_array
                0x00085004       0x2c c:/program files (x86)/atmel/studio/7.0/toolchain/arm/arm-gnu-toolchain/bin/../lib/gcc/arm-none-eabi/4.9.3/../../../../arm-none-eabi/lib/armv7-m\libc.a(lib_a-fini.o)
                0x00085004                __libc_fini_array
 .text.__fputwc
                0x00085030       0xb0 c:/program files (x86)/atmel/studio/7.0/toolchain/arm/arm-gnu-toolchain/bin/../lib/gcc/arm-none-eabi/4.9.3/../../../../arm-none-eabi/lib/armv7-m\libc.a(lib_a-fputwc.o)
                0x00085030                __fputwc
 .text._fputwc_r
                0x000850e0       0x24 c:/program files (x86)/atmel/studio/7.0/toolchain/arm/arm-gnu-toolchain/bin/../lib/gcc/arm-none-eabi/4.9.3/../../../../arm-none-eabi/lib/armv7-m\libc.a(lib_a-fputwc.o)
                0x000850e0                _fputwc_r
 .text._malloc_trim_r
                0x00085104       0x9c c:/program files (x86)/atmel/studio/7.0/toolchain/arm/arm-gnu-toolchain/bin/../lib/gcc/arm-none-eabi/4.9.3/../../../../arm-none-eabi/lib/armv7-m\libc.a(lib_a-freer.o)
                0x00085104                _malloc_trim_r
 .text._free_r  0x000851a0      0x1b0 c:/program files (x86)/atmel/studio/7.0/toolchain/arm/arm-gnu-toolchain/bin/../lib/gcc/arm-none-eabi/4.9.3/../../../../arm-none-eabi/lib/armv7-m\libc.a(lib_a-freer.o)
                0x000851a0                _free_r
 .text.__sfvwrite_r
                0x00085350      0x320 c:/program files (x86)/atmel/studio/7.0/toolchain/arm/arm-gnu-toolchain/bin/../lib/gcc/arm-none-eabi/4.9.3/../../../../arm-none-eabi/lib/armv7-m\libc.a(lib_a-fvwrite.o)
                0x00085350                __sfvwrite_r
 .text._fwalk_reent
                0x00085670       0x50 c:/program files (x86)/atmel/studio/7.0/toolchain/arm/arm-gnu-toolchain/bin/../lib/gcc/arm-none-eabi/4.9.3/../../../../arm-none-eabi/lib/armv7-m\libc.a(lib_a-fwalk.o)
                0x00085670                _fwalk_reent
 .text.__locale_charset
                0x000856c0        0x8 c:/program files (x86)/atmel/studio/7.0/toolchain/arm/arm-gnu-toolchain/bin/../lib/gcc/arm-none-eabi/4.9.3/../../../../arm-none-eabi/lib/armv7-m\libc.a(lib_a-locale.o)
                0x000856c0                __locale_charset
 .text.__locale_mb_cur_max
                0x000856c8        0xc c:/program files (x86)/atmel/studio/7.0/toolchain/arm/arm-gnu-toolchain/bin/../lib/gcc/arm-none-eabi/4.9.3/../../../../arm-none-eabi/lib/armv7-m\libc.a(lib_a-locale.o)
                0x000856c8                __locale_mb_cur_max
 .text.__smakebuf_r
                0x000856d4       0xe0 c:/program files (x86)/atmel/studio/7.0/toolchain/arm/arm-gnu-toolchain/bin/../lib/gcc/arm-none-eabi/4.9.3/../../../../arm-none-eabi/lib/armv7-m\libc.a(lib_a-makebuf.o)
                0x000856d4                __smakebuf_r
 .text.malloc   0x000857b4       0x10 c:/program files (x86)/atmel/studio/7.0/toolchain/arm/arm-gnu-toolchain/bin/../lib/gcc/arm-none-eabi/4.9.3/../../../../arm-none-eabi/lib/armv7-m\libc.a(lib_a-malloc.o)
                0x000857b4                malloc
 .text._malloc_r
                0x000857c4      0x50c c:/program files (x86)/atmel/studio/7.0/toolchain/arm/arm-gnu-toolchain/bin/../lib/gcc/arm-none-eabi/4.9.3/../../../../arm-none-eabi/lib/armv7-m\libc.a(lib_a-mallocr.o)
                0x000857c4                _malloc_r
 .text.memchr   0x00085cd0       0x94 c:/program files (x86)/atmel/studio/7.0/toolchain/arm/arm-gnu-toolchain/bin/../lib/gcc/arm-none-eabi/4.9.3/../../../../arm-none-eabi/lib/armv7-m\libc.a(lib_a-memchr.o)
                0x00085cd0                memchr
 .text.memmove  0x00085d64       0xc8 c:/program files (x86)/atmel/studio/7.0/toolchain/arm/arm-gnu-toolchain/bin/../lib/gcc/arm-none-eabi/4.9.3/../../../../arm-none-eabi/lib/armv7-m\libc.a(lib_a-memmove.o)
                0x00085d64                memmove
 .text.__malloc_lock
                0x00085e2c        0x4 c:/program files (x86)/atmel/studio/7.0/toolchain/arm/arm-gnu-toolchain/bin/../lib/gcc/arm-none-eabi/4.9.3/../../../../arm-none-eabi/lib/armv7-m\libc.a(lib_a-mlock.o)
                0x00085e2c                __malloc_lock
 .text.__malloc_unlock
                0x00085e30        0x4 c:/program files (x86)/atmel/studio/7.0/toolchain/arm/arm-gnu-toolchain/bin/../lib/gcc/arm-none-eabi/4.9.3/../../../../arm-none-eabi/lib/armv7-m\libc.a(lib_a-mlock.o)
                0x00085e30                __malloc_unlock
 .text._realloc_r
                0x00085e34      0x3e0 c:/program files (x86)/atmel/studio/7.0/toolchain/arm/arm-gnu-toolchain/bin/../lib/gcc/arm-none-eabi/4.9.3/../../../../arm-none-eabi/lib/armv7-m\libc.a(lib_a-reallocr.o)
                0x00085e34                _realloc_r
 .text._sbrk_r  0x00086214       0x24 c:/program files (x86)/atmel/studio/7.0/toolchain/arm/arm-gnu-toolchain/bin/../lib/gcc/arm-none-eabi/4.9.3/../../../../arm-none-eabi/lib/armv7-m\libc.a(lib_a-sbrkr.o)
                0x00086214                _sbrk_r
 .text.__sread  0x00086238       0x24 c:/program files (x86)/atmel/studio/7.0/toolchain/arm/arm-gnu-toolchain/bin/../lib/gcc/arm-none-eabi/4.9.3/../../../../arm-none-eabi/lib/armv7-m\libc.a(lib_a-stdio.o)
                0x00086238                __sread
 .text.__swrite
                0x0008625c       0x38 c:/program files (x86)/atmel/studio/7.0/toolchain/arm/arm-gnu-toolchain/bin/../lib/gcc/arm-none-eabi/4.9.3/../../../../arm-none-eabi/lib/armv7-m\libc.a(lib_a-stdio.o)
                0x0008625c                __swrite
 .text.__sseek  0x00086294       0x20 c:/program files (x86)/atmel/studio/7.0/toolchain/arm/arm-gnu-toolchain/bin/../lib/gcc/arm-none-eabi/4.9.3/../../../../arm-none-eabi/lib/armv7-m\libc.a(lib_a-stdio.o)
                0x00086294                __sseek
 .text.__sclose
                0x000862b4        0x8 c:/program files (x86)/atmel/studio/7.0/toolchain/arm/arm-gnu-toolchain/bin/../lib/gcc/arm-none-eabi/4.9.3/../../../../arm-none-eabi/lib/armv7-m\libc.a(lib_a-stdio.o)
                0x000862b4                __sclose
 .text.__swbuf_r
                0x000862bc       0xa8 c:/program files (x86)/atmel/studio/7.0/toolchain/arm/arm-gnu-toolchain/bin/../lib/gcc/arm-none-eabi/4.9.3/../../../../arm-none-eabi/lib/armv7-m\libc.a(lib_a-wbuf.o)
                0x000862bc                __swbuf_r
 .text._wcrtomb_r
                0x00086364       0x54 c:/program files (x86)/atmel/studio/7.0/toolchain/arm/arm-gnu-toolchain/bin/../lib/gcc/arm-none-eabi/4.9.3/../../../../arm-none-eabi/lib/armv7-m\libc.a(lib_a-wcrtomb.o)
                0x00086364                _wcrtomb_r
 .text.__ascii_wctomb
                0x000863b8       0x1c c:/program files (x86)/atmel/studio/7.0/toolchain/arm/arm-gnu-toolchain/bin/../lib/gcc/arm-none-eabi/4.9.3/../../../../arm-none-eabi/lib/armv7-m\libc.a(lib_a-wctomb_r.o)
                0x000863b8                __ascii_wctomb
 .text._write_r
                0x000863d4       0x28 c:/program files (x86)/atmel/studio/7.0/toolchain/arm/arm-gnu-toolchain/bin/../lib/gcc/arm-none-eabi/4.9.3/../../../../arm-none-eabi/lib/armv7-m\libc.a(lib_a-writer.o)
                0x000863d4                _write_r
 .text.__register_exitproc
                0x000863fc       0xa4 c:/program files (x86)/atmel/studio/7.0/toolchain/arm/arm-gnu-toolchain/bin/../lib/gcc/arm-none-eabi/4.9.3/../../../../arm-none-eabi/lib/armv7-m\libc.a(lib_a-__atexit.o)
                0x000863fc                __register_exitproc
 .text._close_r
                0x000864a0       0x24 c:/program files (x86)/atmel/studio/7.0/toolchain/arm/arm-gnu-toolchain/bin/../lib/gcc/arm-none-eabi/4.9.3/../../../../arm-none-eabi/lib/armv7-m\libc.a(lib_a-closer.o)
                0x000864a0                _close_r
 .text._fclose_r
                0x000864c4       0x84 c:/program files (x86)/atmel/studio/7.0/toolchain/arm/arm-gnu-toolchain/bin/../lib/gcc/arm-none-eabi/4.9.3/../../../../arm-none-eabi/lib/armv7-m\libc.a(lib_a-fclose.o)
                0x000864c4                _fclose_r
 .text._fstat_r
                0x00086548       0x28 c:/program files (x86)/atmel/studio/7.0/toolchain/arm/arm-gnu-toolchain/bin/../lib/gcc/arm-none-eabi/4.9.3/../../../../arm-none-eabi/lib/armv7-m\libc.a(lib_a-fstatr.o)
                0x00086548                _fstat_r
 .text._isatty_r
                0x00086570       0x24 c:/program files (x86)/atmel/studio/7.0/toolchain/arm/arm-gnu-toolchain/bin/../lib/gcc/arm-none-eabi/4.9.3/../../../../arm-none-eabi/lib/armv7-m\libc.a(lib_a-isattyr.o)
                0x00086570                _isatty_r
 .text._lseek_r
                0x00086594       0x28 c:/program files (x86)/atmel/studio/7.0/toolchain/arm/arm-gnu-toolchain/bin/../lib/gcc/arm-none-eabi/4.9.3/../../../../arm-none-eabi/lib/armv7-m\libc.a(lib_a-lseekr.o)
                0x00086594                _lseek_r
 .text._read_r  0x000865bc       0x28 c:/program files (x86)/atmel/studio/7.0/toolchain/arm/arm-gnu-toolchain/bin/../lib/gcc/arm-none-eabi/4.9.3/../../../../arm-none-eabi/lib/armv7-m\libc.a(lib_a-readr.o)
                0x000865bc                _read_r
 .text          0x000865e4       0x30 c:/program files (x86)/atmel/studio/7.0/toolchain/arm/arm-gnu-toolchain/bin/../lib/gcc/arm-none-eabi/4.9.3/armv7-m\libgcc.a(_aeabi_uldivmod.o)
                0x000865e4                __aeabi_uldivmod
 .text          0x00086614       0x60 c:/program files (x86)/atmel/studio/7.0/toolchain/arm/arm-gnu-toolchain/bin/../lib/gcc/arm-none-eabi/4.9.3/armv7-m\libgcc.a(bpabi.o)
                0x00086614                __gnu_ldivmod_helper
                0x00086644                __gnu_uldivmod_helper
 .text          0x00086674        0x4 c:/program files (x86)/atmel/studio/7.0/toolchain/arm/arm-gnu-toolchain/bin/../lib/gcc/arm-none-eabi/4.9.3/armv7-m\libgcc.a(_dvmd_tls.o)
                0x00086674                __aeabi_idiv0
                0x00086674                __aeabi_ldiv0
 .text          0x00086678      0x2ac c:/program files (x86)/atmel/studio/7.0/toolchain/arm/arm-gnu-toolchain/bin/../lib/gcc/arm-none-eabi/4.9.3/armv7-m\libgcc.a(_divdi3.o)
                0x00086678                __divdi3
 .text          0x00086924      0x270 c:/program files (x86)/atmel/studio/7.0/toolchain/arm/arm-gnu-toolchain/bin/../lib/gcc/arm-none-eabi/4.9.3/armv7-m\libgcc.a(_udivdi3.o)
                0x00086924                __udivdi3
 *(.glue_7t)
 .glue_7t       0x00000000        0x0 linker stubs
 *(.glue_7)
 .glue_7        0x00000000        0x0 linker stubs
 *(.rodata .rodata* .gnu.linkonce.r.*)
 .rodata.str1.4
                0x00086b94       0x75 src/UARTFunctions.o
 *fill*         0x00086c09        0x3 
 .rodata.str1.4
                0x00086c0c       0x19 src/ASF/thirdparty/freertos/freertos-7.3.0/source/tasks.o
                                 0x1f (size before relaxing)
 *fill*         0x00086c25        0x3 
 .rodata.str1.4
                0x00086c28        0x8 src/ASF/thirdparty/freertos/freertos-7.3.0/source/timers.o
 .rodata        0x00086c30       0x2c src/ASF/sam/drivers/pwm/pwm.o
 .rodata.str1.4
                0x00086c5c       0x7f src/main.o
 *fill*         0x00086cdb        0x1 
 .rodata.str1.4
                0x00086cdc        0x2 c:/program files (x86)/atmel/studio/7.0/toolchain/arm/arm-gnu-toolchain/bin/../lib/gcc/arm-none-eabi/4.9.3/../../../../arm-none-eabi/lib/armv7-m\libc.a(lib_a-impure.o)
 *fill*         0x00086cde        0x2 
 .rodata._global_impure_ptr
                0x00086ce0        0x4 c:/program files (x86)/atmel/studio/7.0/toolchain/arm/arm-gnu-toolchain/bin/../lib/gcc/arm-none-eabi/4.9.3/../../../../arm-none-eabi/lib/armv7-m\libc.a(lib_a-impure.o)
                0x00086ce0                _global_impure_ptr
 .rodata.zeroes.6869
                0x00086ce4       0x10 c:/program files (x86)/atmel/studio/7.0/toolchain/arm/arm-gnu-toolchain/bin/../lib/gcc/arm-none-eabi/4.9.3/../../../../arm-none-eabi/lib/armv7-m\libc.a(lib_a-vfiprintf.o)
 .rodata.str1.4
                0x00086cf4       0x30 c:/program files (x86)/atmel/studio/7.0/toolchain/arm/arm-gnu-toolchain/bin/../lib/gcc/arm-none-eabi/4.9.3/../../../../arm-none-eabi/lib/armv7-m\libc.a(lib_a-vfiprintf.o)
                                 0x2f (size before relaxing)
 .rodata.blanks.6868
                0x00086d24       0x10 c:/program files (x86)/atmel/studio/7.0/toolchain/arm/arm-gnu-toolchain/bin/../lib/gcc/arm-none-eabi/4.9.3/../../../../arm-none-eabi/lib/armv7-m\libc.a(lib_a-vfiprintf.o)
 *(.ARM.extab* .gnu.linkonce.armextab.*)
                0x00086d34                . = ALIGN (0x4)
 *(.init)
 .init          0x00086d34        0x4 c:/program files (x86)/atmel/studio/7.0/toolchain/arm/arm-gnu-toolchain/bin/../lib/gcc/arm-none-eabi/4.9.3/armv7-m/crti.o
                0x00086d34                _init
 .init          0x00086d38        0x8 c:/program files (x86)/atmel/studio/7.0/toolchain/arm/arm-gnu-toolchain/bin/../lib/gcc/arm-none-eabi/4.9.3/armv7-m/crtn.o
                0x00086d40                . = ALIGN (0x4)
                0x00086d40                __preinit_array_start = .
 *(.preinit_array)
                0x00086d40                __preinit_array_end = .
                0x00086d40                . = ALIGN (0x4)
                0x00086d40                __init_array_start = .
 *(SORT(.init_array.*))
 .init_array.00000
                0x00086d40        0x4 c:/program files (x86)/atmel/studio/7.0/toolchain/arm/arm-gnu-toolchain/bin/../lib/gcc/arm-none-eabi/4.9.3/../../../../arm-none-eabi/lib/armv7-m\libc.a(lib_a-__call_atexit.o)
 *(.init_array)
 .init_array    0x00086d44        0x4 c:/program files (x86)/atmel/studio/7.0/toolchain/arm/arm-gnu-toolchain/bin/../lib/gcc/arm-none-eabi/4.9.3/armv7-m/crtbegin.o
                0x00086d48                __init_array_end = .
                0x00086d48                . = ALIGN (0x4)
 *crtbegin.o(.ctors)
 *(EXCLUDE_FILE(*crtend.o) .ctors)
 *(SORT(.ctors.*))
 *crtend.o(.ctors)
                0x00086d48                . = ALIGN (0x4)
 *(.fini)
 .fini          0x00086d48        0x4 c:/program files (x86)/atmel/studio/7.0/toolchain/arm/arm-gnu-toolchain/bin/../lib/gcc/arm-none-eabi/4.9.3/armv7-m/crti.o
                0x00086d48                _fini
 .fini          0x00086d4c        0x8 c:/program files (x86)/atmel/studio/7.0/toolchain/arm/arm-gnu-toolchain/bin/../lib/gcc/arm-none-eabi/4.9.3/armv7-m/crtn.o
                0x00086d54                . = ALIGN (0x4)
                0x00086d54                __fini_array_start = .
 *(.fini_array)
 .fini_array    0x00086d54        0x4 c:/program files (x86)/atmel/studio/7.0/toolchain/arm/arm-gnu-toolchain/bin/../lib/gcc/arm-none-eabi/4.9.3/armv7-m/crtbegin.o
 *(SORT(.fini_array.*))
                0x00086d58                __fini_array_end = .
 *crtbegin.o(.dtors)
 *(EXCLUDE_FILE(*crtend.o) .dtors)
 *(SORT(.dtors.*))
 *crtend.o(.dtors)
                0x00086d58                . = ALIGN (0x4)
                0x00086d58                _efixed = .
                0x00086d58                PROVIDE (__exidx_start, .)

.vfp11_veneer   0x00086d58        0x0
 .vfp11_veneer  0x00000000        0x0 linker stubs

.v4_bx          0x00086d58        0x0
 .v4_bx         0x00000000        0x0 linker stubs

.iplt           0x00086d58        0x0
 .iplt          0x00000000        0x0 c:/program files (x86)/atmel/studio/7.0/toolchain/arm/arm-gnu-toolchain/bin/../lib/gcc/arm-none-eabi/4.9.3/armv7-m/crtbegin.o

.ARM.exidx      0x00086d58        0x8
 *(.ARM.exidx* .gnu.linkonce.armexidx.*)
 .ARM.exidx     0x00086d58        0x8 c:/program files (x86)/atmel/studio/7.0/toolchain/arm/arm-gnu-toolchain/bin/../lib/gcc/arm-none-eabi/4.9.3/armv7-m\libgcc.a(_divdi3.o)
 .ARM.exidx     0x00086d60        0x0 c:/program files (x86)/atmel/studio/7.0/toolchain/arm/arm-gnu-toolchain/bin/../lib/gcc/arm-none-eabi/4.9.3/armv7-m\libgcc.a(_udivdi3.o)
                                  0x8 (size before relaxing)
                0x00086d60                PROVIDE (__exidx_end, .)

.eh_frame       0x00086d60        0x0
 .eh_frame      0x00086d60        0x0 c:/program files (x86)/atmel/studio/7.0/toolchain/arm/arm-gnu-toolchain/bin/../lib/gcc/arm-none-eabi/4.9.3/armv7-m/crtbegin.o

.rel.dyn        0x00086d60        0x0
 .rel.iplt      0x00000000        0x0 c:/program files (x86)/atmel/studio/7.0/toolchain/arm/arm-gnu-toolchain/bin/../lib/gcc/arm-none-eabi/4.9.3/armv7-m/crtbegin.o

.jcr            0x00086d60        0x0
 .jcr           0x00086d60        0x0 c:/program files (x86)/atmel/studio/7.0/toolchain/arm/arm-gnu-toolchain/bin/../lib/gcc/arm-none-eabi/4.9.3/armv7-m/crtbegin.o

.igot.plt       0x00086d60        0x0
 .igot.plt      0x00000000        0x0 c:/program files (x86)/atmel/studio/7.0/toolchain/arm/arm-gnu-toolchain/bin/../lib/gcc/arm-none-eabi/4.9.3/armv7-m/crtbegin.o
                0x00086d60                . = ALIGN (0x4)
                0x00086d60                _etext = .

.relocate       0x20070000      0x9a4 load address 0x00086d60
                0x20070000                . = ALIGN (0x4)
                0x20070000                _srelocate = .
 *(.ramfunc .ramfunc.*)
 .ramfunc       0x20070000      0x12c src/ASF/sam/utils/cmsis/sam3x/source/templates/system_sam3x.o
                0x20070000                SystemInit
                0x200700a4                system_init_flash
 *(.data .data.*)
 .data.isMatlab
                0x2007012c        0x1 src/global_variables.o
                0x2007012c                isMatlab
 *fill*         0x2007012d        0x3 
 .data.uxCriticalNesting
                0x20070130        0x4 src/ASF/thirdparty/freertos/freertos-7.3.0/source/portable/gcc/sam/port.o
 .data.xFreeBytesRemaining
                0x20070134        0x4 src/ASF/thirdparty/freertos/freertos-7.3.0/source/portable/memmang/heap_4.o
 .data.xNextTaskUnblockTime
                0x20070138        0x2 src/ASF/thirdparty/freertos/freertos-7.3.0/source/tasks.o
 *fill*         0x2007013a        0x2 
 .data.SystemCoreClock
                0x2007013c        0x4 src/ASF/sam/utils/cmsis/sam3x/source/templates/system_sam3x.o
                0x2007013c                SystemCoreClock
 .data.impure_data
                0x20070140      0x428 c:/program files (x86)/atmel/studio/7.0/toolchain/arm/arm-gnu-toolchain/bin/../lib/gcc/arm-none-eabi/4.9.3/../../../../arm-none-eabi/lib/armv7-m\libc.a(lib_a-impure.o)
 .data._impure_ptr
                0x20070568        0x4 c:/program files (x86)/atmel/studio/7.0/toolchain/arm/arm-gnu-toolchain/bin/../lib/gcc/arm-none-eabi/4.9.3/../../../../arm-none-eabi/lib/armv7-m\libc.a(lib_a-impure.o)
                0x20070568                _impure_ptr
 .data.lc_ctype_charset
                0x2007056c       0x20 c:/program files (x86)/atmel/studio/7.0/toolchain/arm/arm-gnu-toolchain/bin/../lib/gcc/arm-none-eabi/4.9.3/../../../../arm-none-eabi/lib/armv7-m\libc.a(lib_a-locale.o)
 .data.__mb_cur_max
                0x2007058c        0x4 c:/program files (x86)/atmel/studio/7.0/toolchain/arm/arm-gnu-toolchain/bin/../lib/gcc/arm-none-eabi/4.9.3/../../../../arm-none-eabi/lib/armv7-m\libc.a(lib_a-locale.o)
                0x2007058c                __mb_cur_max
 .data.__malloc_av_
                0x20070590      0x408 c:/program files (x86)/atmel/studio/7.0/toolchain/arm/arm-gnu-toolchain/bin/../lib/gcc/arm-none-eabi/4.9.3/../../../../arm-none-eabi/lib/armv7-m\libc.a(lib_a-mallocr.o)
                0x20070590                __malloc_av_
 .data.__malloc_trim_threshold
                0x20070998        0x4 c:/program files (x86)/atmel/studio/7.0/toolchain/arm/arm-gnu-toolchain/bin/../lib/gcc/arm-none-eabi/4.9.3/../../../../arm-none-eabi/lib/armv7-m\libc.a(lib_a-mallocr.o)
                0x20070998                __malloc_trim_threshold
 .data.__malloc_sbrk_base
                0x2007099c        0x4 c:/program files (x86)/atmel/studio/7.0/toolchain/arm/arm-gnu-toolchain/bin/../lib/gcc/arm-none-eabi/4.9.3/../../../../arm-none-eabi/lib/armv7-m\libc.a(lib_a-mallocr.o)
                0x2007099c                __malloc_sbrk_base
 .data.__wctomb
                0x200709a0        0x4 c:/program files (x86)/atmel/studio/7.0/toolchain/arm/arm-gnu-toolchain/bin/../lib/gcc/arm-none-eabi/4.9.3/../../../../arm-none-eabi/lib/armv7-m\libc.a(lib_a-wctomb_r.o)
                0x200709a0                __wctomb
                0x200709a4                . = ALIGN (0x4)
                0x200709a4                _erelocate = .

.bss            0x200709a8     0x82fc load address 0x00087708
                0x200709a8                . = ALIGN (0x4)
                0x200709a8                _sbss = .
                0x200709a8                _szero = .
 *(.bss .bss.*)
 .bss           0x200709a8       0x1c c:/program files (x86)/atmel/studio/7.0/toolchain/arm/arm-gnu-toolchain/bin/../lib/gcc/arm-none-eabi/4.9.3/armv7-m/crtbegin.o
 .bss.xbuff.8943
                0x200709c4       0x10 src/ADCCustom.o
 .bss.sem       0x200709d4        0x4 src/global_variables.o
                0x200709d4                sem
 .bss.I_Output  0x200709d8        0x4 src/global_variables.o
                0x200709d8                I_Output
 .bss.pwm_val   0x200709dc        0x4 src/global_variables.o
                0x200709dc                pwm_val
 .bss.error_old
                0x200709e0        0x4 src/global_variables.o
                0x200709e0                error_old
 .bss.distance  0x200709e4        0x4 src/global_variables.o
                0x200709e4                distance
 .bss.error     0x200709e8        0x4 src/global_variables.o
                0x200709e8                error
 *fill*         0x200709ec        0x4 
 .bss.kP_Gain   0x200709f0        0x8 src/global_variables.o
                0x200709f0                kP_Gain
 .bss.kD_Gain   0x200709f8        0x8 src/global_variables.o
                0x200709f8                kD_Gain
 .bss.D_Output  0x20070a00        0x4 src/global_variables.o
                0x20070a00                D_Output
 .bss.output_value
                0x20070a04        0x4 src/global_variables.o
                0x20070a04                output_value
 .bss.setPoint  0x20070a08        0x4 src/global_variables.o
                0x20070a08                setPoint
 *fill*         0x20070a0c        0x4 
 .bss.kI_Gain   0x20070a10        0x8 src/global_variables.o
                0x20070a10                kI_Gain
 .bss.xHeap     0x20070a18     0x8000 src/ASF/thirdparty/freertos/freertos-7.3.0/source/portable/memmang/heap_4.o
 .bss.pxEnd     0x20078a18        0x4 src/ASF/thirdparty/freertos/freertos-7.3.0/source/portable/memmang/heap_4.o
 .bss.xStart    0x20078a1c        0x8 src/ASF/thirdparty/freertos/freertos-7.3.0/source/portable/memmang/heap_4.o
 .bss.uxMissedTicks
                0x20078a24        0x4 src/ASF/thirdparty/freertos/freertos-7.3.0/source/tasks.o
 .bss.xSuspendedTaskList
                0x20078a28       0x14 src/ASF/thirdparty/freertos/freertos-7.3.0/source/tasks.o
 .bss.pxDelayedTaskList
                0x20078a3c        0x4 src/ASF/thirdparty/freertos/freertos-7.3.0/source/tasks.o
 .bss.xSchedulerRunning
                0x20078a40        0x4 src/ASF/thirdparty/freertos/freertos-7.3.0/source/tasks.o
 .bss.uxTasksDeleted
                0x20078a44        0x4 src/ASF/thirdparty/freertos/freertos-7.3.0/source/tasks.o
 .bss.xDelayedTaskList1
                0x20078a48       0x14 src/ASF/thirdparty/freertos/freertos-7.3.0/source/tasks.o
 .bss.xDelayedTaskList2
                0x20078a5c       0x14 src/ASF/thirdparty/freertos/freertos-7.3.0/source/tasks.o
 .bss.uxTopReadyPriority
                0x20078a70        0x4 src/ASF/thirdparty/freertos/freertos-7.3.0/source/tasks.o
 .bss.pxReadyTasksLists
                0x20078a74       0xc8 src/ASF/thirdparty/freertos/freertos-7.3.0/source/tasks.o
 .bss.xTasksWaitingTermination
                0x20078b3c       0x14 src/ASF/thirdparty/freertos/freertos-7.3.0/source/tasks.o
 .bss.xNumOfOverflows
                0x20078b50        0x4 src/ASF/thirdparty/freertos/freertos-7.3.0/source/tasks.o
 .bss.pxCurrentTCB
                0x20078b54        0x4 src/ASF/thirdparty/freertos/freertos-7.3.0/source/tasks.o
                0x20078b54                pxCurrentTCB
 .bss.xPendingReadyList
                0x20078b58       0x14 src/ASF/thirdparty/freertos/freertos-7.3.0/source/tasks.o
 .bss.uxSchedulerSuspended
                0x20078b6c        0x4 src/ASF/thirdparty/freertos/freertos-7.3.0/source/tasks.o
 .bss.xTickCount
                0x20078b70        0x2 src/ASF/thirdparty/freertos/freertos-7.3.0/source/tasks.o
 *fill*         0x20078b72        0x2 
 .bss.pxOverflowDelayedTaskList
                0x20078b74        0x4 src/ASF/thirdparty/freertos/freertos-7.3.0/source/tasks.o
 .bss.uxTaskNumber
                0x20078b78        0x4 src/ASF/thirdparty/freertos/freertos-7.3.0/source/tasks.o
 .bss.uxCurrentNumberOfTasks
                0x20078b7c        0x4 src/ASF/thirdparty/freertos/freertos-7.3.0/source/tasks.o
 .bss.xMissedYield
                0x20078b80        0x4 src/ASF/thirdparty/freertos/freertos-7.3.0/source/tasks.o
 .bss.uxTopUsedPriority
                0x20078b84        0x4 src/ASF/thirdparty/freertos/freertos-7.3.0/source/tasks.o
 .bss.pxCurrentTimerList
                0x20078b88        0x4 src/ASF/thirdparty/freertos/freertos-7.3.0/source/timers.o
 .bss.xActiveTimerList1
                0x20078b8c       0x14 src/ASF/thirdparty/freertos/freertos-7.3.0/source/timers.o
 .bss.xActiveTimerList2
                0x20078ba0       0x14 src/ASF/thirdparty/freertos/freertos-7.3.0/source/timers.o
 .bss.xLastTime.4499
                0x20078bb4        0x2 src/ASF/thirdparty/freertos/freertos-7.3.0/source/timers.o
 *fill*         0x20078bb6        0x2 
 .bss.xTimerQueue
                0x20078bb8        0x4 src/ASF/thirdparty/freertos/freertos-7.3.0/source/timers.o
 .bss.pxOverflowTimerList
                0x20078bbc        0x4 src/ASF/thirdparty/freertos/freertos-7.3.0/source/timers.o
 .bss.gs_interrupt_sources
                0x20078bc0       0x70 src/ASF/sam/drivers/pio/pio_handler.o
 .bss.heap.5212
                0x20078c30        0x4 src/ASF/sam/utils/syscalls/gcc/syscalls.o
 .bss.__malloc_max_total_mem
                0x20078c34        0x4 c:/program files (x86)/atmel/studio/7.0/toolchain/arm/arm-gnu-toolchain/bin/../lib/gcc/arm-none-eabi/4.9.3/../../../../arm-none-eabi/lib/armv7-m\libc.a(lib_a-mallocr.o)
                0x20078c34                __malloc_max_total_mem
 .bss.__malloc_max_sbrked_mem
                0x20078c38        0x4 c:/program files (x86)/atmel/studio/7.0/toolchain/arm/arm-gnu-toolchain/bin/../lib/gcc/arm-none-eabi/4.9.3/../../../../arm-none-eabi/lib/armv7-m\libc.a(lib_a-mallocr.o)
                0x20078c38                __malloc_max_sbrked_mem
 .bss.__malloc_top_pad
                0x20078c3c        0x4 c:/program files (x86)/atmel/studio/7.0/toolchain/arm/arm-gnu-toolchain/bin/../lib/gcc/arm-none-eabi/4.9.3/../../../../arm-none-eabi/lib/armv7-m\libc.a(lib_a-mallocr.o)
                0x20078c3c                __malloc_top_pad
 .bss.__malloc_current_mallinfo
                0x20078c40       0x28 c:/program files (x86)/atmel/studio/7.0/toolchain/arm/arm-gnu-toolchain/bin/../lib/gcc/arm-none-eabi/4.9.3/../../../../arm-none-eabi/lib/armv7-m\libc.a(lib_a-mallocr.o)
                0x20078c40                __malloc_current_mallinfo
 *(COMMON)
 COMMON         0x20078c68       0x28 src/ADCCustom.o
                0x20078c68                pwm_channel
 COMMON         0x20078c90        0x4 src/ASF/common/utils/stdio/read.o
                0x20078c90                ptr_get
 COMMON         0x20078c94        0x4 src/global_variables.o
                0x20078c94                distanceTemp
 COMMON         0x20078c98        0x8 src/ASF/common/utils/stdio/write.o
                0x20078c98                ptr_put
                0x20078c9c                stdio_base
 COMMON         0x20078ca0        0x4 c:/program files (x86)/atmel/studio/7.0/toolchain/arm/arm-gnu-toolchain/bin/../lib/gcc/arm-none-eabi/4.9.3/../../../../arm-none-eabi/lib/armv7-m\libc.a(lib_a-reent.o)
                0x20078ca0                errno
                0x20078ca4                . = ALIGN (0x4)
                0x20078ca4                _ebss = .
                0x20078ca4                _ezero = .

.stack          0x20078ca4     0x2004 load address 0x0008fa04
                0x20078ca8                . = ALIGN (0x8)
 *fill*         0x20078ca4        0x4 
                0x20078ca8                _sstack = .
                0x2007aca8                . = (. + __stack_size__)
 *fill*         0x20078ca8     0x2000 
                0x2007aca8                . = ALIGN (0x8)
                0x2007aca8                _estack = .
                0x2007aca8                . = ALIGN (0x4)
                0x2007aca8                _end = .
OUTPUT(ExUppgift2014.elf elf32-littlearm)

.ARM.attributes
                0x00000000       0x29
 .ARM.attributes
                0x00000000       0x1d c:/program files (x86)/atmel/studio/7.0/toolchain/arm/arm-gnu-toolchain/bin/../lib/gcc/arm-none-eabi/4.9.3/armv7-m/crti.o
 .ARM.attributes
                0x0000001d       0x2d c:/program files (x86)/atmel/studio/7.0/toolchain/arm/arm-gnu-toolchain/bin/../lib/gcc/arm-none-eabi/4.9.3/armv7-m/crtbegin.o
 .ARM.attributes
                0x0000004a       0x33 src/ADCCustom.o
 .ARM.attributes
                0x0000007d       0x33 src/ASF/common/utils/stdio/read.o
 .ARM.attributes
                0x000000b0       0x33 src/ASF/sam/drivers/adc/adc.o
 .ARM.attributes
                0x000000e3       0x33 src/ASF/sam/drivers/usart/usart.o
 .ARM.attributes
                0x00000116       0x33 src/global_variables.o
 .ARM.attributes
                0x00000149       0x33 src/PIDRegulation.o
 .ARM.attributes
                0x0000017c       0x33 src/PIDTask.o
 .ARM.attributes
                0x000001af       0x33 src/PWMCustom.o
 .ARM.attributes
                0x000001e2       0x33 src/UARTFunctions.o
 .ARM.attributes
                0x00000215       0x33 src/UARTTask.o
 .ARM.attributes
                0x00000248       0x33 src/ASF/thirdparty/freertos/freertos-7.3.0/source/list.o
 .ARM.attributes
                0x0000027b       0x33 src/ASF/thirdparty/freertos/freertos-7.3.0/source/portable/gcc/sam/port.o
 .ARM.attributes
                0x000002ae       0x33 src/ASF/thirdparty/freertos/freertos-7.3.0/source/portable/memmang/heap_4.o
 .ARM.attributes
                0x000002e1       0x33 src/ASF/thirdparty/freertos/freertos-7.3.0/source/queue.o
 .ARM.attributes
                0x00000314       0x33 src/ASF/thirdparty/freertos/freertos-7.3.0/source/tasks.o
 .ARM.attributes
                0x00000347       0x33 src/ASF/thirdparty/freertos/freertos-7.3.0/source/timers.o
 .ARM.attributes
                0x0000037a       0x33 src/ASF/common/utils/stdio/write.o
 .ARM.attributes
                0x000003ad       0x33 src/ASF/sam/drivers/pwm/pwm.o
 .ARM.attributes
                0x000003e0       0x33 src/ASF/sam/drivers/uart/uart.o
 .ARM.attributes
                0x00000413       0x33 src/ASF/common/services/clock/sam3x/sysclk.o
 .ARM.attributes
                0x00000446       0x33 src/ASF/sam/boards/arduino_due_x/init.o
 .ARM.attributes
                0x00000479       0x33 src/ASF/sam/drivers/pio/pio.o
 .ARM.attributes
                0x000004ac       0x33 src/ASF/sam/drivers/pio/pio_handler.o
 .ARM.attributes
                0x000004df       0x33 src/ASF/sam/drivers/pmc/pmc.o
 .ARM.attributes
                0x00000512       0x33 src/ASF/sam/utils/cmsis/sam3x/source/templates/exceptions.o
 .ARM.attributes
                0x00000545       0x33 src/ASF/sam/utils/cmsis/sam3x/source/templates/gcc/startup_sam3x.o
 .ARM.attributes
                0x00000578       0x33 src/ASF/sam/utils/cmsis/sam3x/source/templates/system_sam3x.o
 .ARM.attributes
                0x000005ab       0x33 src/ASF/sam/utils/syscalls/gcc/syscalls.o
 .ARM.attributes
                0x000005de       0x33 src/main.o
 .ARM.attributes
                0x00000611       0x1d c:/program files (x86)/atmel/studio/7.0/toolchain/arm/arm-gnu-toolchain/bin/../lib/gcc/arm-none-eabi/4.9.3/armv7-m\libgcc.a(_arm_addsubdf3.o)
 .ARM.attributes
                0x0000062e       0x1d c:/program files (x86)/atmel/studio/7.0/toolchain/arm/arm-gnu-toolchain/bin/../lib/gcc/arm-none-eabi/4.9.3/armv7-m\libgcc.a(_arm_muldivdf3.o)
 .ARM.attributes
                0x0000064b       0x1d c:/program files (x86)/atmel/studio/7.0/toolchain/arm/arm-gnu-toolchain/bin/../lib/gcc/arm-none-eabi/4.9.3/armv7-m\libgcc.a(_arm_cmpdf2.o)
 .ARM.attributes
                0x00000668       0x1d c:/program files (x86)/atmel/studio/7.0/toolchain/arm/arm-gnu-toolchain/bin/../lib/gcc/arm-none-eabi/4.9.3/armv7-m\libgcc.a(_arm_fixdfsi.o)
 .ARM.attributes
                0x00000685       0x1d c:/program files (x86)/atmel/studio/7.0/toolchain/arm/arm-gnu-toolchain/bin/../lib/gcc/arm-none-eabi/4.9.3/armv7-m\libgcc.a(_arm_addsubsf3.o)
 .ARM.attributes
                0x000006a2       0x1d c:/program files (x86)/atmel/studio/7.0/toolchain/arm/arm-gnu-toolchain/bin/../lib/gcc/arm-none-eabi/4.9.3/armv7-m\libgcc.a(_arm_muldivsf3.o)
 .ARM.attributes
                0x000006bf       0x1d c:/program files (x86)/atmel/studio/7.0/toolchain/arm/arm-gnu-toolchain/bin/../lib/gcc/arm-none-eabi/4.9.3/armv7-m\libgcc.a(_arm_cmpsf2.o)
 .ARM.attributes
                0x000006dc       0x1d c:/program files (x86)/atmel/studio/7.0/toolchain/arm/arm-gnu-toolchain/bin/../lib/gcc/arm-none-eabi/4.9.3/armv7-m\libgcc.a(_arm_fixunssfsi.o)
 .ARM.attributes
                0x000006f9       0x2d c:/program files (x86)/atmel/studio/7.0/toolchain/arm/arm-gnu-toolchain/bin/../lib/gcc/arm-none-eabi/4.9.3/../../../../arm-none-eabi/lib/armv7-m\libc.a(lib_a-impure.o)
 .ARM.attributes
                0x00000726       0x2d c:/program files (x86)/atmel/studio/7.0/toolchain/arm/arm-gnu-toolchain/bin/../lib/gcc/arm-none-eabi/4.9.3/../../../../arm-none-eabi/lib/armv7-m\libc.a(lib_a-init.o)
 .ARM.attributes
                0x00000753       0x2d c:/program files (x86)/atmel/studio/7.0/toolchain/arm/arm-gnu-toolchain/bin/../lib/gcc/arm-none-eabi/4.9.3/../../../../arm-none-eabi/lib/armv7-m\libc.a(lib_a-iprintf.o)
 .ARM.attributes
                0x00000780       0x1b c:/program files (x86)/atmel/studio/7.0/toolchain/arm/arm-gnu-toolchain/bin/../lib/gcc/arm-none-eabi/4.9.3/../../../../arm-none-eabi/lib/armv7-m\libc.a(lib_a-memcpy.o)
 .ARM.attributes
                0x0000079b       0x2d c:/program files (x86)/atmel/studio/7.0/toolchain/arm/arm-gnu-toolchain/bin/../lib/gcc/arm-none-eabi/4.9.3/../../../../arm-none-eabi/lib/armv7-m\libc.a(lib_a-memset.o)
 .ARM.attributes
                0x000007c8       0x2d c:/program files (x86)/atmel/studio/7.0/toolchain/arm/arm-gnu-toolchain/bin/../lib/gcc/arm-none-eabi/4.9.3/../../../../arm-none-eabi/lib/armv7-m\libc.a(lib_a-setbuf.o)
 .ARM.attributes
                0x000007f5       0x2d c:/program files (x86)/atmel/studio/7.0/toolchain/arm/arm-gnu-toolchain/bin/../lib/gcc/arm-none-eabi/4.9.3/../../../../arm-none-eabi/lib/armv7-m\libc.a(lib_a-setvbuf.o)
 .ARM.attributes
                0x00000822       0x2d c:/program files (x86)/atmel/studio/7.0/toolchain/arm/arm-gnu-toolchain/bin/../lib/gcc/arm-none-eabi/4.9.3/../../../../arm-none-eabi/lib/armv7-m\libc.a(lib_a-strlen.o)
 .ARM.attributes
                0x0000084f       0x2d c:/program files (x86)/atmel/studio/7.0/toolchain/arm/arm-gnu-toolchain/bin/../lib/gcc/arm-none-eabi/4.9.3/../../../../arm-none-eabi/lib/armv7-m\libc.a(lib_a-strncpy.o)
 .ARM.attributes
                0x0000087c       0x2d c:/program files (x86)/atmel/studio/7.0/toolchain/arm/arm-gnu-toolchain/bin/../lib/gcc/arm-none-eabi/4.9.3/../../../../arm-none-eabi/lib/armv7-m\libc.a(lib_a-vfiprintf.o)
 .ARM.attributes
                0x000008a9       0x2d c:/program files (x86)/atmel/studio/7.0/toolchain/arm/arm-gnu-toolchain/bin/../lib/gcc/arm-none-eabi/4.9.3/../../../../arm-none-eabi/lib/armv7-m\libc.a(lib_a-wsetup.o)
 .ARM.attributes
                0x000008d6       0x2d c:/program files (x86)/atmel/studio/7.0/toolchain/arm/arm-gnu-toolchain/bin/../lib/gcc/arm-none-eabi/4.9.3/../../../../arm-none-eabi/lib/armv7-m\libc.a(lib_a-__call_atexit.o)
 .ARM.attributes
                0x00000903       0x2d c:/program files (x86)/atmel/studio/7.0/toolchain/arm/arm-gnu-toolchain/bin/../lib/gcc/arm-none-eabi/4.9.3/../../../../arm-none-eabi/lib/armv7-m\libc.a(lib_a-atexit.o)
 .ARM.attributes
                0x00000930       0x2d c:/program files (x86)/atmel/studio/7.0/toolchain/arm/arm-gnu-toolchain/bin/../lib/gcc/arm-none-eabi/4.9.3/../../../../arm-none-eabi/lib/armv7-m\libc.a(lib_a-fflush.o)
 .ARM.attributes
                0x0000095d       0x2d c:/program files (x86)/atmel/studio/7.0/toolchain/arm/arm-gnu-toolchain/bin/../lib/gcc/arm-none-eabi/4.9.3/../../../../arm-none-eabi/lib/armv7-m\libc.a(lib_a-findfp.o)
 .ARM.attributes
                0x0000098a       0x2d c:/program files (x86)/atmel/studio/7.0/toolchain/arm/arm-gnu-toolchain/bin/../lib/gcc/arm-none-eabi/4.9.3/../../../../arm-none-eabi/lib/armv7-m\libc.a(lib_a-fini.o)
 .ARM.attributes
                0x000009b7       0x2d c:/program files (x86)/atmel/studio/7.0/toolchain/arm/arm-gnu-toolchain/bin/../lib/gcc/arm-none-eabi/4.9.3/../../../../arm-none-eabi/lib/armv7-m\libc.a(lib_a-fputwc.o)
 .ARM.attributes
                0x000009e4       0x2d c:/program files (x86)/atmel/studio/7.0/toolchain/arm/arm-gnu-toolchain/bin/../lib/gcc/arm-none-eabi/4.9.3/../../../../arm-none-eabi/lib/armv7-m\libc.a(lib_a-freer.o)
 .ARM.attributes
                0x00000a11       0x2d c:/program files (x86)/atmel/studio/7.0/toolchain/arm/arm-gnu-toolchain/bin/../lib/gcc/arm-none-eabi/4.9.3/../../../../arm-none-eabi/lib/armv7-m\libc.a(lib_a-fvwrite.o)
 .ARM.attributes
                0x00000a3e       0x2d c:/program files (x86)/atmel/studio/7.0/toolchain/arm/arm-gnu-toolchain/bin/../lib/gcc/arm-none-eabi/4.9.3/../../../../arm-none-eabi/lib/armv7-m\libc.a(lib_a-fwalk.o)
 .ARM.attributes
                0x00000a6b       0x2d c:/program files (x86)/atmel/studio/7.0/toolchain/arm/arm-gnu-toolchain/bin/../lib/gcc/arm-none-eabi/4.9.3/../../../../arm-none-eabi/lib/armv7-m\libc.a(lib_a-locale.o)
 .ARM.attributes
                0x00000a98       0x2d c:/program files (x86)/atmel/studio/7.0/toolchain/arm/arm-gnu-toolchain/bin/../lib/gcc/arm-none-eabi/4.9.3/../../../../arm-none-eabi/lib/armv7-m\libc.a(lib_a-makebuf.o)
 .ARM.attributes
                0x00000ac5       0x2d c:/program files (x86)/atmel/studio/7.0/toolchain/arm/arm-gnu-toolchain/bin/../lib/gcc/arm-none-eabi/4.9.3/../../../../arm-none-eabi/lib/armv7-m\libc.a(lib_a-malloc.o)
 .ARM.attributes
                0x00000af2       0x2d c:/program files (x86)/atmel/studio/7.0/toolchain/arm/arm-gnu-toolchain/bin/../lib/gcc/arm-none-eabi/4.9.3/../../../../arm-none-eabi/lib/armv7-m\libc.a(lib_a-mallocr.o)
 .ARM.attributes
                0x00000b1f       0x2d c:/program files (x86)/atmel/studio/7.0/toolchain/arm/arm-gnu-toolchain/bin/../lib/gcc/arm-none-eabi/4.9.3/../../../../arm-none-eabi/lib/armv7-m\libc.a(lib_a-memchr.o)
 .ARM.attributes
                0x00000b4c       0x2d c:/program files (x86)/atmel/studio/7.0/toolchain/arm/arm-gnu-toolchain/bin/../lib/gcc/arm-none-eabi/4.9.3/../../../../arm-none-eabi/lib/armv7-m\libc.a(lib_a-memmove.o)
 .ARM.attributes
                0x00000b79       0x2d c:/program files (x86)/atmel/studio/7.0/toolchain/arm/arm-gnu-toolchain/bin/../lib/gcc/arm-none-eabi/4.9.3/../../../../arm-none-eabi/lib/armv7-m\libc.a(lib_a-mlock.o)
 .ARM.attributes
                0x00000ba6       0x2d c:/program files (x86)/atmel/studio/7.0/toolchain/arm/arm-gnu-toolchain/bin/../lib/gcc/arm-none-eabi/4.9.3/../../../../arm-none-eabi/lib/armv7-m\libc.a(lib_a-reallocr.o)
 .ARM.attributes
                0x00000bd3       0x2d c:/program files (x86)/atmel/studio/7.0/toolchain/arm/arm-gnu-toolchain/bin/../lib/gcc/arm-none-eabi/4.9.3/../../../../arm-none-eabi/lib/armv7-m\libc.a(lib_a-sbrkr.o)
 .ARM.attributes
                0x00000c00       0x2d c:/program files (x86)/atmel/studio/7.0/toolchain/arm/arm-gnu-toolchain/bin/../lib/gcc/arm-none-eabi/4.9.3/../../../../arm-none-eabi/lib/armv7-m\libc.a(lib_a-stdio.o)
 .ARM.attributes
                0x00000c2d       0x2d c:/program files (x86)/atmel/studio/7.0/toolchain/arm/arm-gnu-toolchain/bin/../lib/gcc/arm-none-eabi/4.9.3/../../../../arm-none-eabi/lib/armv7-m\libc.a(lib_a-wbuf.o)
 .ARM.attributes
                0x00000c5a       0x2d c:/program files (x86)/atmel/studio/7.0/toolchain/arm/arm-gnu-toolchain/bin/../lib/gcc/arm-none-eabi/4.9.3/../../../../arm-none-eabi/lib/armv7-m\libc.a(lib_a-wcrtomb.o)
 .ARM.attributes
                0x00000c87       0x2d c:/program files (x86)/atmel/studio/7.0/toolchain/arm/arm-gnu-toolchain/bin/../lib/gcc/arm-none-eabi/4.9.3/../../../../arm-none-eabi/lib/armv7-m\libc.a(lib_a-wctomb_r.o)
 .ARM.attributes
                0x00000cb4       0x2d c:/program files (x86)/atmel/studio/7.0/toolchain/arm/arm-gnu-toolchain/bin/../lib/gcc/arm-none-eabi/4.9.3/../../../../arm-none-eabi/lib/armv7-m\libc.a(lib_a-writer.o)
 .ARM.attributes
                0x00000ce1       0x2d c:/program files (x86)/atmel/studio/7.0/toolchain/arm/arm-gnu-toolchain/bin/../lib/gcc/arm-none-eabi/4.9.3/../../../../arm-none-eabi/lib/armv7-m\libc.a(lib_a-__atexit.o)
 .ARM.attributes
                0x00000d0e       0x2d c:/program files (x86)/atmel/studio/7.0/toolchain/arm/arm-gnu-toolchain/bin/../lib/gcc/arm-none-eabi/4.9.3/../../../../arm-none-eabi/lib/armv7-m\libc.a(lib_a-closer.o)
 .ARM.attributes
                0x00000d3b       0x2d c:/program files (x86)/atmel/studio/7.0/toolchain/arm/arm-gnu-toolchain/bin/../lib/gcc/arm-none-eabi/4.9.3/../../../../arm-none-eabi/lib/armv7-m\libc.a(lib_a-fclose.o)
 .ARM.attributes
                0x00000d68       0x2d c:/program files (x86)/atmel/studio/7.0/toolchain/arm/arm-gnu-toolchain/bin/../lib/gcc/arm-none-eabi/4.9.3/../../../../arm-none-eabi/lib/armv7-m\libc.a(lib_a-fstatr.o)
 .ARM.attributes
                0x00000d95       0x2d c:/program files (x86)/atmel/studio/7.0/toolchain/arm/arm-gnu-toolchain/bin/../lib/gcc/arm-none-eabi/4.9.3/../../../../arm-none-eabi/lib/armv7-m\libc.a(lib_a-isattyr.o)
 .ARM.attributes
                0x00000dc2       0x2d c:/program files (x86)/atmel/studio/7.0/toolchain/arm/arm-gnu-toolchain/bin/../lib/gcc/arm-none-eabi/4.9.3/../../../../arm-none-eabi/lib/armv7-m\libc.a(lib_a-lseekr.o)
 .ARM.attributes
                0x00000def       0x2d c:/program files (x86)/atmel/studio/7.0/toolchain/arm/arm-gnu-toolchain/bin/../lib/gcc/arm-none-eabi/4.9.3/../../../../arm-none-eabi/lib/armv7-m\libc.a(lib_a-readr.o)
 .ARM.attributes
                0x00000e1c       0x2d c:/program files (x86)/atmel/studio/7.0/toolchain/arm/arm-gnu-toolchain/bin/../lib/gcc/arm-none-eabi/4.9.3/../../../../arm-none-eabi/lib/armv7-m\libc.a(lib_a-reent.o)
 .ARM.attributes
                0x00000e49       0x1d c:/program files (x86)/atmel/studio/7.0/toolchain/arm/arm-gnu-toolchain/bin/../lib/gcc/arm-none-eabi/4.9.3/armv7-m\libgcc.a(_aeabi_uldivmod.o)
 .ARM.attributes
                0x00000e66       0x2d c:/program files (x86)/atmel/studio/7.0/toolchain/arm/arm-gnu-toolchain/bin/../lib/gcc/arm-none-eabi/4.9.3/armv7-m\libgcc.a(bpabi.o)
 .ARM.attributes
                0x00000e93       0x1d c:/program files (x86)/atmel/studio/7.0/toolchain/arm/arm-gnu-toolchain/bin/../lib/gcc/arm-none-eabi/4.9.3/armv7-m\libgcc.a(_dvmd_tls.o)
 .ARM.attributes
                0x00000eb0       0x2d c:/program files (x86)/atmel/studio/7.0/toolchain/arm/arm-gnu-toolchain/bin/../lib/gcc/arm-none-eabi/4.9.3/armv7-m\libgcc.a(_divdi3.o)
 .ARM.attributes
                0x00000edd       0x2d c:/program files (x86)/atmel/studio/7.0/toolchain/arm/arm-gnu-toolchain/bin/../lib/gcc/arm-none-eabi/4.9.3/armv7-m\libgcc.a(_udivdi3.o)
 .ARM.attributes
                0x00000f0a       0x1d c:/program files (x86)/atmel/studio/7.0/toolchain/arm/arm-gnu-toolchain/bin/../lib/gcc/arm-none-eabi/4.9.3/armv7-m/crtn.o

.comment        0x00000000       0x5b
 .comment       0x00000000       0x5b src/ADCCustom.o
                                 0x5c (size before relaxing)
 .comment       0x00000000       0x5c src/ASF/common/utils/stdio/read.o
 .comment       0x00000000       0x5c src/ASF/sam/drivers/adc/adc.o
 .comment       0x00000000       0x5c src/ASF/sam/drivers/usart/usart.o
 .comment       0x00000000       0x5c src/global_variables.o
 .comment       0x00000000       0x5c src/PIDRegulation.o
 .comment       0x00000000       0x5c src/PIDTask.o
 .comment       0x00000000       0x5c src/PWMCustom.o
 .comment       0x00000000       0x5c src/UARTFunctions.o
 .comment       0x00000000       0x5c src/UARTTask.o
 .comment       0x00000000       0x5c src/ASF/thirdparty/freertos/freertos-7.3.0/source/list.o
 .comment       0x00000000       0x5c src/ASF/thirdparty/freertos/freertos-7.3.0/source/portable/gcc/sam/port.o
 .comment       0x00000000       0x5c src/ASF/thirdparty/freertos/freertos-7.3.0/source/portable/memmang/heap_4.o
 .comment       0x00000000       0x5c src/ASF/thirdparty/freertos/freertos-7.3.0/source/queue.o
 .comment       0x00000000       0x5c src/ASF/thirdparty/freertos/freertos-7.3.0/source/tasks.o
 .comment       0x00000000       0x5c src/ASF/thirdparty/freertos/freertos-7.3.0/source/timers.o
 .comment       0x00000000       0x5c src/ASF/common/utils/stdio/write.o
 .comment       0x00000000       0x5c src/ASF/sam/drivers/pwm/pwm.o
 .comment       0x00000000       0x5c src/ASF/sam/drivers/uart/uart.o
 .comment       0x00000000       0x5c src/ASF/common/services/clock/sam3x/sysclk.o
 .comment       0x00000000       0x5c src/ASF/sam/boards/arduino_due_x/init.o
 .comment       0x00000000       0x5c src/ASF/sam/drivers/pio/pio.o
 .comment       0x00000000       0x5c src/ASF/sam/drivers/pio/pio_handler.o
 .comment       0x00000000       0x5c src/ASF/sam/drivers/pmc/pmc.o
 .comment       0x00000000       0x5c src/ASF/sam/utils/cmsis/sam3x/source/templates/exceptions.o
 .comment       0x00000000       0x5c src/ASF/sam/utils/cmsis/sam3x/source/templates/gcc/startup_sam3x.o
 .comment       0x00000000       0x5c src/ASF/sam/utils/cmsis/sam3x/source/templates/system_sam3x.o
 .comment       0x00000000       0x5c src/ASF/sam/utils/syscalls/gcc/syscalls.o
 .comment       0x00000000       0x5c src/main.o

.debug_info     0x00000000    0x16a36
 .debug_info    0x00000000     0x12ce src/ADCCustom.o
 .debug_info    0x000012ce      0x1be src/ASF/common/utils/stdio/read.o
 .debug_info    0x0000148c     0x118c src/ASF/sam/drivers/adc/adc.o
 .debug_info    0x00002618     0x1bfa src/ASF/sam/drivers/usart/usart.o
 .debug_info    0x00004212      0xda5 src/global_variables.o
 .debug_info    0x00004fb7      0xe2a src/PIDRegulation.o
 .debug_info    0x00005de1      0xd5d src/PIDTask.o
 .debug_info    0x00006b3e     0x193b src/PWMCustom.o
 .debug_info    0x00008479     0x1d47 src/UARTFunctions.o
 .debug_info    0x0000a1c0      0xec7 src/UARTTask.o
 .debug_info    0x0000b087      0x2b7 src/ASF/thirdparty/freertos/freertos-7.3.0/source/list.o
 .debug_info    0x0000b33e      0x3a0 src/ASF/thirdparty/freertos/freertos-7.3.0/source/portable/gcc/sam/port.o
 .debug_info    0x0000b6de      0x38d src/ASF/thirdparty/freertos/freertos-7.3.0/source/portable/memmang/heap_4.o
 .debug_info    0x0000ba6b      0xea8 src/ASF/thirdparty/freertos/freertos-7.3.0/source/queue.o
 .debug_info    0x0000c913     0x17f7 src/ASF/thirdparty/freertos/freertos-7.3.0/source/tasks.o
 .debug_info    0x0000e10a      0xb44 src/ASF/thirdparty/freertos/freertos-7.3.0/source/timers.o
 .debug_info    0x0000ec4e      0x1c0 src/ASF/common/utils/stdio/write.o
 .debug_info    0x0000ee0e     0x1564 src/ASF/sam/drivers/pwm/pwm.o
 .debug_info    0x00010372      0x889 src/ASF/sam/drivers/uart/uart.o
 .debug_info    0x00010bfb      0x796 src/ASF/common/services/clock/sam3x/sysclk.o
 .debug_info    0x00011391      0x7c3 src/ASF/sam/boards/arduino_due_x/init.o
 .debug_info    0x00011b54     0x1391 src/ASF/sam/drivers/pio/pio.o
 .debug_info    0x00012ee5      0xe51 src/ASF/sam/drivers/pio/pio_handler.o
 .debug_info    0x00013d36     0x1078 src/ASF/sam/drivers/pmc/pmc.o
 .debug_info    0x00014dae      0x124 src/ASF/sam/utils/cmsis/sam3x/source/templates/exceptions.o
 .debug_info    0x00014ed2      0x3bd src/ASF/sam/utils/cmsis/sam3x/source/templates/gcc/startup_sam3x.o
 .debug_info    0x0001528f      0x4c6 src/ASF/sam/utils/cmsis/sam3x/source/templates/system_sam3x.o
 .debug_info    0x00015755      0x43f src/ASF/sam/utils/syscalls/gcc/syscalls.o
 .debug_info    0x00015b94      0xea2 src/main.o

.debug_abbrev   0x00000000     0x3b41
 .debug_abbrev  0x00000000      0x2bf src/ADCCustom.o
 .debug_abbrev  0x000002bf      0x101 src/ASF/common/utils/stdio/read.o
 .debug_abbrev  0x000003c0      0x235 src/ASF/sam/drivers/adc/adc.o
 .debug_abbrev  0x000005f5      0x325 src/ASF/sam/drivers/usart/usart.o
 .debug_abbrev  0x0000091a      0x1ba src/global_variables.o
 .debug_abbrev  0x00000ad4      0x1de src/PIDRegulation.o
 .debug_abbrev  0x00000cb2      0x23b src/PIDTask.o
 .debug_abbrev  0x00000eed      0x30a src/PWMCustom.o
 .debug_abbrev  0x000011f7      0x3b1 src/UARTFunctions.o
 .debug_abbrev  0x000015a8      0x236 src/UARTTask.o
 .debug_abbrev  0x000017de       0xfb src/ASF/thirdparty/freertos/freertos-7.3.0/source/list.o
 .debug_abbrev  0x000018d9      0x246 src/ASF/thirdparty/freertos/freertos-7.3.0/source/portable/gcc/sam/port.o
 .debug_abbrev  0x00001b1f      0x220 src/ASF/thirdparty/freertos/freertos-7.3.0/source/portable/memmang/heap_4.o
 .debug_abbrev  0x00001d3f      0x231 src/ASF/thirdparty/freertos/freertos-7.3.0/source/queue.o
 .debug_abbrev  0x00001f70      0x2d8 src/ASF/thirdparty/freertos/freertos-7.3.0/source/tasks.o
 .debug_abbrev  0x00002248      0x261 src/ASF/thirdparty/freertos/freertos-7.3.0/source/timers.o
 .debug_abbrev  0x000024a9       0xf5 src/ASF/common/utils/stdio/write.o
 .debug_abbrev  0x0000259e      0x240 src/ASF/sam/drivers/pwm/pwm.o
 .debug_abbrev  0x000027de      0x1bd src/ASF/sam/drivers/uart/uart.o
 .debug_abbrev  0x0000299b      0x227 src/ASF/common/services/clock/sam3x/sysclk.o
 .debug_abbrev  0x00002bc2      0x16f src/ASF/sam/boards/arduino_due_x/init.o
 .debug_abbrev  0x00002d31      0x2d5 src/ASF/sam/drivers/pio/pio.o
 .debug_abbrev  0x00003006      0x257 src/ASF/sam/drivers/pio/pio_handler.o
 .debug_abbrev  0x0000325d      0x268 src/ASF/sam/drivers/pmc/pmc.o
 .debug_abbrev  0x000034c5       0x8c src/ASF/sam/utils/cmsis/sam3x/source/templates/exceptions.o
 .debug_abbrev  0x00003551      0x118 src/ASF/sam/utils/cmsis/sam3x/source/templates/gcc/startup_sam3x.o
 .debug_abbrev  0x00003669      0x115 src/ASF/sam/utils/cmsis/sam3x/source/templates/system_sam3x.o
 .debug_abbrev  0x0000377e      0x14e src/ASF/sam/utils/syscalls/gcc/syscalls.o
 .debug_abbrev  0x000038cc      0x275 src/main.o

.debug_loc      0x00000000     0x87f9
 .debug_loc     0x00000000      0x1e2 src/ADCCustom.o
 .debug_loc     0x000001e2      0x107 src/ASF/common/utils/stdio/read.o
 .debug_loc     0x000002e9      0x966 src/ASF/sam/drivers/adc/adc.o
 .debug_loc     0x00000c4f     0x1206 src/ASF/sam/drivers/usart/usart.o
 .debug_loc     0x00001e55       0x40 src/PIDRegulation.o
 .debug_loc     0x00001e95       0x4d src/PIDTask.o
 .debug_loc     0x00001ee2       0x84 src/PWMCustom.o
 .debug_loc     0x00001f66      0x2ed src/UARTFunctions.o
 .debug_loc     0x00002253       0x4d src/UARTTask.o
 .debug_loc     0x000022a0       0x91 src/ASF/thirdparty/freertos/freertos-7.3.0/source/list.o
 .debug_loc     0x00002331      0x100 src/ASF/thirdparty/freertos/freertos-7.3.0/source/portable/gcc/sam/port.o
 .debug_loc     0x00002431      0x370 src/ASF/thirdparty/freertos/freertos-7.3.0/source/portable/memmang/heap_4.o
 .debug_loc     0x000027a1     0x1203 src/ASF/thirdparty/freertos/freertos-7.3.0/source/queue.o
 .debug_loc     0x000039a4     0x14f7 src/ASF/thirdparty/freertos/freertos-7.3.0/source/tasks.o
 .debug_loc     0x00004e9b      0x955 src/ASF/thirdparty/freertos/freertos-7.3.0/source/timers.o
 .debug_loc     0x000057f0      0x15d src/ASF/common/utils/stdio/write.o
 .debug_loc     0x0000594d      0xc09 src/ASF/sam/drivers/pwm/pwm.o
 .debug_loc     0x00006556      0x242 src/ASF/sam/drivers/uart/uart.o
 .debug_loc     0x00006798      0x12d src/ASF/common/services/clock/sam3x/sysclk.o
 .debug_loc     0x000068c5       0x20 src/ASF/sam/boards/arduino_due_x/init.o
 .debug_loc     0x000068e5      0xb20 src/ASF/sam/drivers/pio/pio.o
 .debug_loc     0x00007405      0x573 src/ASF/sam/drivers/pio/pio_handler.o
 .debug_loc     0x00007978      0xccc src/ASF/sam/drivers/pmc/pmc.o
 .debug_loc     0x00008644       0x5e src/ASF/sam/utils/cmsis/sam3x/source/templates/gcc/startup_sam3x.o
 .debug_loc     0x000086a2      0x12b src/ASF/sam/utils/syscalls/gcc/syscalls.o
 .debug_loc     0x000087cd       0x2c src/main.o

.debug_aranges  0x00000000     0x1010
 .debug_aranges
                0x00000000       0x38 src/ADCCustom.o
 .debug_aranges
                0x00000038       0x20 src/ASF/common/utils/stdio/read.o
 .debug_aranges
                0x00000058      0x178 src/ASF/sam/drivers/adc/adc.o
 .debug_aranges
                0x000001d0      0x2a8 src/ASF/sam/drivers/usart/usart.o
 .debug_aranges
                0x00000478       0x18 src/global_variables.o
 .debug_aranges
                0x00000490       0x28 src/PIDRegulation.o
 .debug_aranges
                0x000004b8       0x20 src/PIDTask.o
 .debug_aranges
                0x000004d8       0x30 src/PWMCustom.o
 .debug_aranges
                0x00000508       0x40 src/UARTFunctions.o
 .debug_aranges
                0x00000548       0x20 src/UARTTask.o
 .debug_aranges
                0x00000568       0x40 src/ASF/thirdparty/freertos/freertos-7.3.0/source/list.o
 .debug_aranges
                0x000005a8       0x80 src/ASF/thirdparty/freertos/freertos-7.3.0/source/portable/gcc/sam/port.o
 .debug_aranges
                0x00000628       0x40 src/ASF/thirdparty/freertos/freertos-7.3.0/source/portable/memmang/heap_4.o
 .debug_aranges
                0x00000668       0xc8 src/ASF/thirdparty/freertos/freertos-7.3.0/source/queue.o
 .debug_aranges
                0x00000730      0x130 src/ASF/thirdparty/freertos/freertos-7.3.0/source/tasks.o
 .debug_aranges
                0x00000860       0x60 src/ASF/thirdparty/freertos/freertos-7.3.0/source/timers.o
 .debug_aranges
                0x000008c0       0x20 src/ASF/common/utils/stdio/write.o
 .debug_aranges
                0x000008e0      0x158 src/ASF/sam/drivers/pwm/pwm.o
 .debug_aranges
                0x00000a38       0xe8 src/ASF/sam/drivers/uart/uart.o
 .debug_aranges
                0x00000b20       0x40 src/ASF/common/services/clock/sam3x/sysclk.o
 .debug_aranges
                0x00000b60       0x20 src/ASF/sam/boards/arduino_due_x/init.o
 .debug_aranges
                0x00000b80      0x148 src/ASF/sam/drivers/pio/pio.o
 .debug_aranges
                0x00000cc8       0x58 src/ASF/sam/drivers/pio/pio_handler.o
 .debug_aranges
                0x00000d20      0x200 src/ASF/sam/drivers/pmc/pmc.o
 .debug_aranges
                0x00000f20       0x20 src/ASF/sam/utils/cmsis/sam3x/source/templates/exceptions.o
 .debug_aranges
                0x00000f40       0x20 src/ASF/sam/utils/cmsis/sam3x/source/templates/gcc/startup_sam3x.o
 .debug_aranges
                0x00000f60       0x30 src/ASF/sam/utils/cmsis/sam3x/source/templates/system_sam3x.o
 .debug_aranges
                0x00000f90       0x60 src/ASF/sam/utils/syscalls/gcc/syscalls.o
 .debug_aranges
                0x00000ff0       0x20 src/main.o

.debug_ranges   0x00000000      0xed8
 .debug_ranges  0x00000000       0x28 src/ADCCustom.o
 .debug_ranges  0x00000028       0x10 src/ASF/common/utils/stdio/read.o
 .debug_ranges  0x00000038      0x168 src/ASF/sam/drivers/adc/adc.o
 .debug_ranges  0x000001a0      0x298 src/ASF/sam/drivers/usart/usart.o
 .debug_ranges  0x00000438       0x18 src/PIDRegulation.o
 .debug_ranges  0x00000450       0x10 src/PIDTask.o
 .debug_ranges  0x00000460       0x20 src/PWMCustom.o
 .debug_ranges  0x00000480       0x30 src/UARTFunctions.o
 .debug_ranges  0x000004b0       0x28 src/UARTTask.o
 .debug_ranges  0x000004d8       0x30 src/ASF/thirdparty/freertos/freertos-7.3.0/source/list.o
 .debug_ranges  0x00000508       0x70 src/ASF/thirdparty/freertos/freertos-7.3.0/source/portable/gcc/sam/port.o
 .debug_ranges  0x00000578       0x30 src/ASF/thirdparty/freertos/freertos-7.3.0/source/portable/memmang/heap_4.o
 .debug_ranges  0x000005a8       0xb8 src/ASF/thirdparty/freertos/freertos-7.3.0/source/queue.o
 .debug_ranges  0x00000660      0x150 src/ASF/thirdparty/freertos/freertos-7.3.0/source/tasks.o
 .debug_ranges  0x000007b0       0xa8 src/ASF/thirdparty/freertos/freertos-7.3.0/source/timers.o
 .debug_ranges  0x00000858       0x10 src/ASF/common/utils/stdio/write.o
 .debug_ranges  0x00000868      0x148 src/ASF/sam/drivers/pwm/pwm.o
 .debug_ranges  0x000009b0       0xd8 src/ASF/sam/drivers/uart/uart.o
 .debug_ranges  0x00000a88       0x30 src/ASF/common/services/clock/sam3x/sysclk.o
 .debug_ranges  0x00000ab8       0x10 src/ASF/sam/boards/arduino_due_x/init.o
 .debug_ranges  0x00000ac8      0x138 src/ASF/sam/drivers/pio/pio.o
 .debug_ranges  0x00000c00       0x48 src/ASF/sam/drivers/pio/pio_handler.o
 .debug_ranges  0x00000c48      0x1f0 src/ASF/sam/drivers/pmc/pmc.o
 .debug_ranges  0x00000e38       0x10 src/ASF/sam/utils/cmsis/sam3x/source/templates/exceptions.o
 .debug_ranges  0x00000e48       0x10 src/ASF/sam/utils/cmsis/sam3x/source/templates/gcc/startup_sam3x.o
 .debug_ranges  0x00000e58       0x20 src/ASF/sam/utils/cmsis/sam3x/source/templates/system_sam3x.o
 .debug_ranges  0x00000e78       0x50 src/ASF/sam/utils/syscalls/gcc/syscalls.o
 .debug_ranges  0x00000ec8       0x10 src/main.o

.debug_macro    0x00000000    0x1c5ad
 .debug_macro   0x00000000      0x71d src/ADCCustom.o
 .debug_macro   0x0000071d      0x898 src/ADCCustom.o
 .debug_macro   0x00000fb5      0x166 src/ADCCustom.o
 .debug_macro   0x0000111b      0x636 src/ADCCustom.o
 .debug_macro   0x00001751       0x76 src/ADCCustom.o
 .debug_macro   0x000017c7       0x16 src/ADCCustom.o
 .debug_macro   0x000017dd      0x6e4 src/ADCCustom.o
 .debug_macro   0x00001ec1       0x22 src/ADCCustom.o
 .debug_macro   0x00001ee3       0x44 src/ADCCustom.o
 .debug_macro   0x00001f27       0x58 src/ADCCustom.o
 .debug_macro   0x00001f7f       0x22 src/ADCCustom.o
 .debug_macro   0x00001fa1      0x1df src/ADCCustom.o
 .debug_macro   0x00002180       0x20 src/ADCCustom.o
 .debug_macro   0x000021a0       0x3a src/ADCCustom.o
 .debug_macro   0x000021da       0x2d src/ADCCustom.o
 .debug_macro   0x00002207      0xbb1 src/ADCCustom.o
 .debug_macro   0x00002db8      0xab6 src/ADCCustom.o
 .debug_macro   0x0000386e      0x569 src/ADCCustom.o